Archive member included to satisfy reference by file (symbol)

c:/program files (x86)/gnu tools arm embedded/8 2019-q3-update/bin/../lib/gcc/arm-none-eabi/8.3.1/../../../../arm-none-eabi/lib/thumb/v7e-m+fp/hard\libc_nano.a(lib_a-exit.o)
                              c:/program files (x86)/gnu tools arm embedded/8 2019-q3-update/bin/../lib/gcc/arm-none-eabi/8.3.1/../../../../arm-none-eabi/lib/thumb/v7e-m+fp/hard/crt0.o (exit)
c:/program files (x86)/gnu tools arm embedded/8 2019-q3-update/bin/../lib/gcc/arm-none-eabi/8.3.1/../../../../arm-none-eabi/lib/thumb/v7e-m+fp/hard\libc_nano.a(lib_a-impure.o)
                              c:/program files (x86)/gnu tools arm embedded/8 2019-q3-update/bin/../lib/gcc/arm-none-eabi/8.3.1/../../../../arm-none-eabi/lib/thumb/v7e-m+fp/hard\libc_nano.a(lib_a-exit.o) (_global_impure_ptr)
c:/program files (x86)/gnu tools arm embedded/8 2019-q3-update/bin/../lib/gcc/arm-none-eabi/8.3.1/../../../../arm-none-eabi/lib/thumb/v7e-m+fp/hard\libc_nano.a(lib_a-init.o)
                              c:/program files (x86)/gnu tools arm embedded/8 2019-q3-update/bin/../lib/gcc/arm-none-eabi/8.3.1/../../../../arm-none-eabi/lib/thumb/v7e-m+fp/hard/crt0.o (__libc_init_array)
c:/program files (x86)/gnu tools arm embedded/8 2019-q3-update/bin/../lib/gcc/arm-none-eabi/8.3.1/../../../../arm-none-eabi/lib/thumb/v7e-m+fp/hard\libc_nano.a(lib_a-memcpy-stub.o)
                              ../../applications/hello-world/build/queue.o (memcpy)
c:/program files (x86)/gnu tools arm embedded/8 2019-q3-update/bin/../lib/gcc/arm-none-eabi/8.3.1/../../../../arm-none-eabi/lib/thumb/v7e-m+fp/hard\libc_nano.a(lib_a-memset.o)
                              c:/program files (x86)/gnu tools arm embedded/8 2019-q3-update/bin/../lib/gcc/arm-none-eabi/8.3.1/../../../../arm-none-eabi/lib/thumb/v7e-m+fp/hard/crt0.o (memset)
c:/program files (x86)/gnu tools arm embedded/8 2019-q3-update/bin/../lib/gcc/arm-none-eabi/8.3.1/../../../../arm-none-eabi/lib/thumb/v7e-m+fp/hard\libc_nano.a(lib_a-puts.o)
                              ../../applications/hello-world/build/hello-world.o (puts)
c:/program files (x86)/gnu tools arm embedded/8 2019-q3-update/bin/../lib/gcc/arm-none-eabi/8.3.1/../../../../arm-none-eabi/lib/thumb/v7e-m+fp/hard\libc_nano.a(lib_a-wbuf.o)
                              c:/program files (x86)/gnu tools arm embedded/8 2019-q3-update/bin/../lib/gcc/arm-none-eabi/8.3.1/../../../../arm-none-eabi/lib/thumb/v7e-m+fp/hard\libc_nano.a(lib_a-puts.o) (__swbuf_r)
c:/program files (x86)/gnu tools arm embedded/8 2019-q3-update/bin/../lib/gcc/arm-none-eabi/8.3.1/../../../../arm-none-eabi/lib/thumb/v7e-m+fp/hard\libc_nano.a(lib_a-wsetup.o)
                              c:/program files (x86)/gnu tools arm embedded/8 2019-q3-update/bin/../lib/gcc/arm-none-eabi/8.3.1/../../../../arm-none-eabi/lib/thumb/v7e-m+fp/hard\libc_nano.a(lib_a-puts.o) (__swsetup_r)
c:/program files (x86)/gnu tools arm embedded/8 2019-q3-update/bin/../lib/gcc/arm-none-eabi/8.3.1/../../../../arm-none-eabi/lib/thumb/v7e-m+fp/hard\libc_nano.a(lib_a-fflush.o)
                              c:/program files (x86)/gnu tools arm embedded/8 2019-q3-update/bin/../lib/gcc/arm-none-eabi/8.3.1/../../../../arm-none-eabi/lib/thumb/v7e-m+fp/hard\libc_nano.a(lib_a-wbuf.o) (_fflush_r)
c:/program files (x86)/gnu tools arm embedded/8 2019-q3-update/bin/../lib/gcc/arm-none-eabi/8.3.1/../../../../arm-none-eabi/lib/thumb/v7e-m+fp/hard\libc_nano.a(lib_a-findfp.o)
                              c:/program files (x86)/gnu tools arm embedded/8 2019-q3-update/bin/../lib/gcc/arm-none-eabi/8.3.1/../../../../arm-none-eabi/lib/thumb/v7e-m+fp/hard\libc_nano.a(lib_a-puts.o) (__sinit)
c:/program files (x86)/gnu tools arm embedded/8 2019-q3-update/bin/../lib/gcc/arm-none-eabi/8.3.1/../../../../arm-none-eabi/lib/thumb/v7e-m+fp/hard\libc_nano.a(lib_a-fwalk.o)
                              c:/program files (x86)/gnu tools arm embedded/8 2019-q3-update/bin/../lib/gcc/arm-none-eabi/8.3.1/../../../../arm-none-eabi/lib/thumb/v7e-m+fp/hard\libc_nano.a(lib_a-findfp.o) (_fwalk)
c:/program files (x86)/gnu tools arm embedded/8 2019-q3-update/bin/../lib/gcc/arm-none-eabi/8.3.1/../../../../arm-none-eabi/lib/thumb/v7e-m+fp/hard\libc_nano.a(lib_a-lock.o)
                              c:/program files (x86)/gnu tools arm embedded/8 2019-q3-update/bin/../lib/gcc/arm-none-eabi/8.3.1/../../../../arm-none-eabi/lib/thumb/v7e-m+fp/hard\libc_nano.a(lib_a-findfp.o) (__retarget_lock_init_recursive)
c:/program files (x86)/gnu tools arm embedded/8 2019-q3-update/bin/../lib/gcc/arm-none-eabi/8.3.1/../../../../arm-none-eabi/lib/thumb/v7e-m+fp/hard\libc_nano.a(lib_a-makebuf.o)
                              c:/program files (x86)/gnu tools arm embedded/8 2019-q3-update/bin/../lib/gcc/arm-none-eabi/8.3.1/../../../../arm-none-eabi/lib/thumb/v7e-m+fp/hard\libc_nano.a(lib_a-wsetup.o) (__smakebuf_r)
[...]
Memory Configuration

Name             Origin             Length             Attributes
RAM              0x20000000         0x00050000         xrw
FLASH            0x08000000         0x00100000         xr
*default*        0x00000000         0xffffffff

Linker script and memory map

LOAD c:/program files (x86)/gnu tools arm embedded/8 2019-q3-update/bin/../lib/gcc/arm-none-eabi/8.3.1/thumb/v7e-m+fp/hard/crti.o
LOAD c:/program files (x86)/gnu tools arm embedded/8 2019-q3-update/bin/../lib/gcc/arm-none-eabi/8.3.1/thumb/v7e-m+fp/hard/crtbegin.o
LOAD c:/program files (x86)/gnu tools arm embedded/8 2019-q3-update/bin/../lib/gcc/arm-none-eabi/8.3.1/../../../../arm-none-eabi/lib/thumb/v7e-m+fp/hard/crt0.o
LOAD ../../applications/hello-world/build/hello-world.o
LOAD ../../applications/hello-world/build/platform.o
LOAD ../../applications/hello-world/build/stm32l4xx_hal_i2c.o
LOAD ../../applications/hello-world/build/stm32l4xx_hal_i2c_ex.o
LOAD ../../applications/hello-world/build/stm32l4xx_hal_spi.o
LOAD ../../applications/hello-world/build/stm32l4xx_hal_spi_ex.o
LOAD ../../applications/hello-world/build/stm32l4xx_hal_iwdg.o
LOAD ../../applications/hello-world/build/stm32l4xx_hal_uart.o
LOAD ../../applications/hello-world/build/stm32l4xx_hal_uart_ex.o
LOAD ../../applications/hello-world/build/stm32l4xx_hal_tim.o
LOAD ../../applications/hello-world/build/stm32l4xx_hal_tim_ex.o
LOAD ../../applications/hello-world/build/stm32l4xx_hal.o
LOAD ../../applications/hello-world/build/stm32l4xx_hal_rcc.o
LOAD ../../applications/hello-world/build/stm32l4xx_hal_rcc_ex.o
LOAD ../../applications/hello-world/build/stm32l4xx_hal_flash.o
LOAD ../../applications/hello-world/build/stm32l4xx_hal_flash_ex.o
LOAD ../../applications/hello-world/build/stm32l4xx_hal_flash_ramfunc.o
LOAD ../../applications/hello-world/build/stm32l4xx_hal_gpio.o
LOAD ../../applications/hello-world/build/stm32l4xx_hal_dma.o
LOAD ../../applications/hello-world/build/stm32l4xx_hal_dma_ex.o
LOAD ../../applications/hello-world/build/stm32l4xx_hal_pwr.o
LOAD ../../applications/hello-world/build/stm32l4xx_hal_pwr_ex.o
LOAD ../../applications/hello-world/build/stm32l4xx_hal_cortex.o
LOAD ../../applications/hello-world/build/stm32l4xx_hal_crc.o
LOAD ../../applications/hello-world/build/stm32l4xx_hal_crc_ex.o
LOAD ../../applications/hello-world/build/croutine.o
LOAD ../../applications/hello-world/build/event_groups.o
LOAD ../../applications/hello-world/build/list.o
LOAD ../../applications/hello-world/build/queue.o
LOAD ../../applications/hello-world/build/stream_buffer.o
LOAD ../../applications/hello-world/build/tasks.o
LOAD ../../applications/hello-world/build/timers.o
LOAD ../../applications/hello-world/build/cmsis_os.o
LOAD ../../applications/hello-world/build/heap_4.o
LOAD ../../applications/hello-world/build/port.o
LOAD ../../applications/hello-world/build/freertos.o
LOAD ../../applications/hello-world/build/gpio.o
LOAD ../../applications/hello-world/build/i2c.o
LOAD ../../applications/hello-world/build/iwdg.o
LOAD ../../applications/hello-world/build/octa.o
LOAD ../../applications/hello-world/build/rtosmacros.o
LOAD ../../applications/hello-world/build/spi.o
LOAD ../../applications/hello-world/build/stm32l4xx_hal_msp.o
LOAD ../../applications/hello-world/build/stm32l4xx_hal_timebase_tim.o
LOAD ../../applications/hello-world/build/stm32l4xx_it.o
LOAD ../../applications/hello-world/build/sysclock.o
LOAD ../../applications/hello-world/build/system_stm32l4xx.o
LOAD ../../applications/hello-world/build/uart.o
LOAD ../../applications/hello-world/build/LSM303AGRSensor.o
LOAD ../../applications/hello-world/build/S25FL256.o
LOAD ../../applications/hello-world/build/sht31.o
LOAD ../../applications/hello-world/build/stc3115.o
LOAD ../../applications/hello-world/build/TCS3472.o
LOAD ../../applications/hello-world/build/startup_stm32l496xx.o
LOAD c:/program files (x86)/gnu tools arm embedded/8 2019-q3-update/bin/../lib/gcc/arm-none-eabi/8.3.1/../../../../arm-none-eabi/lib/thumb/v7e-m+fp/hard\libc_nano.a
LOAD c:/program files (x86)/gnu tools arm embedded/8 2019-q3-update/bin/../lib/gcc/arm-none-eabi/8.3.1/../../../../arm-none-eabi/lib/thumb/v7e-m+fp/hard\libm.a
LOAD c:/program files (x86)/gnu tools arm embedded/8 2019-q3-update/bin/../lib/gcc/arm-none-eabi/8.3.1/../../../../arm-none-eabi/lib/thumb/v7e-m+fp/hard\libnosys.a
START GROUP
LOAD c:/program files (x86)/gnu tools arm embedded/8 2019-q3-update/bin/../lib/gcc/arm-none-eabi/8.3.1/thumb/v7e-m+fp/hard\libgcc.a
LOAD c:/program files (x86)/gnu tools arm embedded/8 2019-q3-update/bin/../lib/gcc/arm-none-eabi/8.3.1/../../../../arm-none-eabi/lib/thumb/v7e-m+fp/hard\libc_nano.a
END GROUP
START GROUP
LOAD c:/program files (x86)/gnu tools arm embedded/8 2019-q3-update/bin/../lib/gcc/arm-none-eabi/8.3.1/thumb/v7e-m+fp/hard\libgcc.a
LOAD c:/program files (x86)/gnu tools arm embedded/8 2019-q3-update/bin/../lib/gcc/arm-none-eabi/8.3.1/../../../../arm-none-eabi/lib/thumb/v7e-m+fp/hard\libc_nano.a
END GROUP
LOAD c:/program files (x86)/gnu tools arm embedded/8 2019-q3-update/bin/../lib/gcc/arm-none-eabi/8.3.1/thumb/v7e-m+fp/hard/crtend.o
LOAD c:/program files (x86)/gnu tools arm embedded/8 2019-q3-update/bin/../lib/gcc/arm-none-eabi/8.3.1/thumb/v7e-m+fp/hard/crtn.o
                0x20050000                _estack = 0x20050000
                0x00000200                _Min_Heap_Size = 0x200
                0x00000400                _Min_Stack_Size = 0x400

.isr_vector     0x08000000      0x1b0
                0x08000000                . = ALIGN (0x8)
 *(.isr_vector)
 .isr_vector    0x08000000      0x1ac ../../applications/hello-world/build/startup_stm32l496xx.o
                0x08000000                g_pfnVectors
                0x080001b0                . = ALIGN (0x8)
 *fill*         0x080001ac        0x4 

.text           0x080001b0     0x5978
                0x080001b0                . = ALIGN (0x8)
 *(.text)
 .text          0x080001b0       0x40 c:/program files (x86)/gnu tools arm embedded/8 2019-q3-update/bin/../lib/gcc/arm-none-eabi/8.3.1/thumb/v7e-m+fp/hard/crtbegin.o
 .text          0x080001f0       0x30 c:/program files (x86)/gnu tools arm embedded/8 2019-q3-update/bin/../lib/gcc/arm-none-eabi/8.3.1/thumb/v7e-m+fp/hard\libgcc.a(_aeabi_uldivmod.o)
                0x080001f0                __aeabi_uldivmod
 .text          0x08000220      0x2d0 c:/program files (x86)/gnu tools arm embedded/8 2019-q3-update/bin/../lib/gcc/arm-none-eabi/8.3.1/thumb/v7e-m+fp/hard\libgcc.a(_udivmoddi4.o)
                0x08000220                __udivmoddi4
 .text          0x080004f0        0x4 c:/program files (x86)/gnu tools arm embedded/8 2019-q3-update/bin/../lib/gcc/arm-none-eabi/8.3.1/thumb/v7e-m+fp/hard\libgcc.a(_dvmd_tls.o)
                0x080004f0                __aeabi_idiv0
                0x080004f0                __aeabi_ldiv0
 *(.text*)
 .text.StartDefaultTask
                0x080004f4        0xa ../../applications/hello-world/build/hello-world.o
                0x080004f4                StartDefaultTask
 *fill*         0x080004fe        0x2 
 .text.printWelcome
                0x08000500       0x54 ../../applications/hello-world/build/hello-world.o
                0x08000500                printWelcome
 .text.main     0x08000554       0x6c ../../applications/hello-world/build/hello-world.o
                0x08000554                main
 .text.HAL_TIM_PeriodElapsedCallback
                0x080005c0       0x18 ../../applications/hello-world/build/hello-world.o
                0x080005c0                HAL_TIM_PeriodElapsedCallback
 .text.Error_Handler
                0x080005d8        0x2 ../../applications/hello-world/build/hello-world.o
                0x080005d8                Error_Handler
 .text.Initialize_Platform
                0x080005da        0x8 ../../applications/hello-world/build/platform.o
                0x080005da                Initialize_Platform
 .text.HAL_I2C_Init
                0x080005e2       0xbc ../../applications/hello-world/build/stm32l4xx_hal_i2c.o
                0x080005e2                HAL_I2C_Init
 .text.HAL_I2CEx_ConfigAnalogFilter
                0x0800069e       0x62 ../../applications/hello-world/build/stm32l4xx_hal_i2c_ex.o
                0x0800069e                HAL_I2CEx_ConfigAnalogFilter
 .text.HAL_I2CEx_ConfigDigitalFilter
                0x08000700       0x5e ../../applications/hello-world/build/stm32l4xx_hal_i2c_ex.o
                0x08000700                HAL_I2CEx_ConfigDigitalFilter
 .text.HAL_SPI_Init
                0x0800075e       0xb0 ../../applications/hello-world/build/stm32l4xx_hal_spi.o
                0x0800075e                HAL_SPI_Init
 .text.HAL_SPI_ErrorCallback
                0x0800080e        0x2 ../../applications/hello-world/build/stm32l4xx_hal_spi.o
                0x0800080e                HAL_SPI_ErrorCallback
 .text.HAL_SPI_IRQHandler
                0x08000810      0x11c ../../applications/hello-world/build/stm32l4xx_hal_spi.o
                0x08000810                HAL_SPI_IRQHandler
 .text.SPI_DMAAbortOnError
                0x0800092c       0x12 ../../applications/hello-world/build/stm32l4xx_hal_spi.o
 .text.HAL_IWDG_Init
                0x0800093e       0x58 ../../applications/hello-world/build/stm32l4xx_hal_iwdg.o
                0x0800093e                HAL_IWDG_Init
 .text.UART_EndRxTransfer
                0x08000996       0x20 ../../applications/hello-world/build/stm32l4xx_hal_uart.o
 .text.HAL_UART_TxCpltCallback
                0x080009b6        0x2 ../../applications/hello-world/build/stm32l4xx_hal_uart.o
                0x080009b6                HAL_UART_TxCpltCallback
 .text.UART_EndTransmit_IT
                0x080009b8       0x1c ../../applications/hello-world/build/stm32l4xx_hal_uart.o
 .text.HAL_UART_ErrorCallback
                0x080009d4        0x2 ../../applications/hello-world/build/stm32l4xx_hal_uart.o
                0x080009d4                HAL_UART_ErrorCallback
 *fill*         0x080009d6        0x2 
 .text.HAL_UART_IRQHandler
                0x080009d8      0x15c ../../applications/hello-world/build/stm32l4xx_hal_uart.o
                0x080009d8                HAL_UART_IRQHandler
 .text.UART_DMAAbortOnError
                0x08000b34       0x14 ../../applications/hello-world/build/stm32l4xx_hal_uart.o
 .text.UART_SetConfig
                0x08000b48      0x41c ../../applications/hello-world/build/stm32l4xx_hal_uart.o
                0x08000b48                UART_SetConfig
 .text.UART_AdvFeatureConfig
                0x08000f64       0xca ../../applications/hello-world/build/stm32l4xx_hal_uart.o
                0x08000f64                UART_AdvFeatureConfig
 .text.UART_WaitOnFlagUntilTimeout
                0x0800102e       0x62 ../../applications/hello-world/build/stm32l4xx_hal_uart.o
                0x0800102e                UART_WaitOnFlagUntilTimeout
 .text.HAL_UART_Transmit
                0x08001090       0xce ../../applications/hello-world/build/stm32l4xx_hal_uart.o
                0x08001090                HAL_UART_Transmit
 .text.UART_CheckIdleState
                0x0800115e       0x70 ../../applications/hello-world/build/stm32l4xx_hal_uart.o
                0x0800115e                UART_CheckIdleState
 .text.HAL_UART_Init
                0x080011ce       0x66 ../../applications/hello-world/build/stm32l4xx_hal_uart.o
                0x080011ce                HAL_UART_Init
 .text.HAL_UARTEx_WakeupCallback
                0x08001234        0x2 ../../applications/hello-world/build/stm32l4xx_hal_uart_ex.o
                0x08001234                HAL_UARTEx_WakeupCallback
 .text.HAL_TIM_Base_MspInit
                0x08001236        0x2 ../../applications/hello-world/build/stm32l4xx_hal_tim.o
                0x08001236                HAL_TIM_Base_MspInit
 .text.HAL_TIM_Base_Start_IT
                0x08001238       0x34 ../../applications/hello-world/build/stm32l4xx_hal_tim.o
                0x08001238                HAL_TIM_Base_Start_IT
 .text.HAL_TIM_OC_DelayElapsedCallback
                0x0800126c        0x2 ../../applications/hello-world/build/stm32l4xx_hal_tim.o
                0x0800126c                HAL_TIM_OC_DelayElapsedCallback
 .text.HAL_TIM_IC_CaptureCallback
                0x0800126e        0x2 ../../applications/hello-world/build/stm32l4xx_hal_tim.o
                0x0800126e                HAL_TIM_IC_CaptureCallback
 .text.HAL_TIM_PWM_PulseFinishedCallback
                0x08001270        0x2 ../../applications/hello-world/build/stm32l4xx_hal_tim.o
                0x08001270                HAL_TIM_PWM_PulseFinishedCallback
 .text.HAL_TIM_TriggerCallback
                0x08001272        0x2 ../../applications/hello-world/build/stm32l4xx_hal_tim.o
                0x08001272                HAL_TIM_TriggerCallback
 .text.HAL_TIM_IRQHandler
                0x08001274      0x19a ../../applications/hello-world/build/stm32l4xx_hal_tim.o
                0x08001274                HAL_TIM_IRQHandler
 *fill*         0x0800140e        0x2 
 .text.TIM_Base_SetConfig
                0x08001410       0xc8 ../../applications/hello-world/build/stm32l4xx_hal_tim.o
                0x08001410                TIM_Base_SetConfig
 .text.HAL_TIM_Base_Init
                0x080014d8       0x34 ../../applications/hello-world/build/stm32l4xx_hal_tim.o
                0x080014d8                HAL_TIM_Base_Init
 .text.HAL_TIMEx_CommutationCallback
                0x0800150c        0x2 ../../applications/hello-world/build/stm32l4xx_hal_tim_ex.o
                0x0800150c                HAL_TIMEx_CommutationCallback
 .text.HAL_TIMEx_BreakCallback
                0x0800150e        0x2 ../../applications/hello-world/build/stm32l4xx_hal_tim_ex.o
                0x0800150e                HAL_TIMEx_BreakCallback
 .text.HAL_TIMEx_Break2Callback
                0x08001510        0x2 ../../applications/hello-world/build/stm32l4xx_hal_tim_ex.o
                0x08001510                HAL_TIMEx_Break2Callback
 .text.HAL_Init
                0x08001512       0x1e ../../applications/hello-world/build/stm32l4xx_hal.o
                0x08001512                HAL_Init
 .text.HAL_IncTick
                0x08001530       0x10 ../../applications/hello-world/build/stm32l4xx_hal.o
                0x08001530                HAL_IncTick
 .text.HAL_GetTick
                0x08001540        0xc ../../applications/hello-world/build/stm32l4xx_hal.o
                0x08001540                HAL_GetTick
 .text.HAL_Delay
                0x0800154c       0x1e ../../applications/hello-world/build/stm32l4xx_hal.o
                0x0800154c                HAL_Delay
 *fill*         0x0800156a        0x2 
 .text.RCC_SetFlashLatencyFromMSIRange
                0x0800156c       0x90 ../../applications/hello-world/build/stm32l4xx_hal_rcc.o
 .text.HAL_RCC_GetSysClockFreq
                0x080015fc       0xd8 ../../applications/hello-world/build/stm32l4xx_hal_rcc.o
                0x080015fc                HAL_RCC_GetSysClockFreq
 .text.HAL_RCC_OscConfig
                0x080016d4      0x5b4 ../../applications/hello-world/build/stm32l4xx_hal_rcc.o
                0x080016d4                HAL_RCC_OscConfig
 .text.HAL_RCC_ClockConfig
                0x08001c88      0x154 ../../applications/hello-world/build/stm32l4xx_hal_rcc.o
                0x08001c88                HAL_RCC_ClockConfig
 .text.HAL_RCC_GetHCLKFreq
                0x08001ddc        0xc ../../applications/hello-world/build/stm32l4xx_hal_rcc.o
                0x08001ddc                HAL_RCC_GetHCLKFreq
 .text.HAL_RCC_GetPCLK1Freq
                0x08001de8       0x24 ../../applications/hello-world/build/stm32l4xx_hal_rcc.o
                0x08001de8                HAL_RCC_GetPCLK1Freq
 .text.HAL_RCC_GetPCLK2Freq
                0x08001e0c       0x24 ../../applications/hello-world/build/stm32l4xx_hal_rcc.o
                0x08001e0c                HAL_RCC_GetPCLK2Freq
 .text.HAL_RCC_GetClockConfig
                0x08001e30       0x3c ../../applications/hello-world/build/stm32l4xx_hal_rcc.o
                0x08001e30                HAL_RCC_GetClockConfig
 .text.RCCEx_PLLSAI1_Config
                0x08001e6c      0x16c ../../applications/hello-world/build/stm32l4xx_hal_rcc_ex.o
 .text.RCCEx_PLLSAI2_Config
                0x08001fd8      0x148 ../../applications/hello-world/build/stm32l4xx_hal_rcc_ex.o
 .text.HAL_RCCEx_PeriphCLKConfig
                0x08002120      0x474 ../../applications/hello-world/build/stm32l4xx_hal_rcc_ex.o
                0x08002120                HAL_RCCEx_PeriphCLKConfig
 .text.HAL_GPIO_Init
                0x08002594      0x1b8 ../../applications/hello-world/build/stm32l4xx_hal_gpio.o
                0x08002594                HAL_GPIO_Init
 .text.HAL_GPIO_WritePin
                0x0800274c        0xa ../../applications/hello-world/build/stm32l4xx_hal_gpio.o
                0x0800274c                HAL_GPIO_WritePin
 .text.HAL_GPIO_TogglePin
                0x08002756        0x8 ../../applications/hello-world/build/stm32l4xx_hal_gpio.o
                0x08002756                HAL_GPIO_TogglePin
 .text.HAL_DMA_Abort_IT
                0x0800275e       0x50 ../../applications/hello-world/build/stm32l4xx_hal_dma.o
                0x0800275e                HAL_DMA_Abort_IT
 *fill*         0x080027ae        0x2 
 .text.HAL_PWREx_GetVoltageRange
                0x080027b0       0x10 ../../applications/hello-world/build/stm32l4xx_hal_pwr_ex.o
                0x080027b0                HAL_PWREx_GetVoltageRange
 .text.HAL_PWREx_ControlVoltageScaling
                0x080027c0       0x8c ../../applications/hello-world/build/stm32l4xx_hal_pwr_ex.o
                0x080027c0                HAL_PWREx_ControlVoltageScaling
 .text.HAL_PWREx_EnableVddIO2
                0x0800284c       0x10 ../../applications/hello-world/build/stm32l4xx_hal_pwr_ex.o
                0x0800284c                HAL_PWREx_EnableVddIO2
 .text.HAL_NVIC_SetPriorityGrouping
                0x0800285c       0x24 ../../applications/hello-world/build/stm32l4xx_hal_cortex.o
                0x0800285c                HAL_NVIC_SetPriorityGrouping
 .text.HAL_NVIC_SetPriority
                0x08002880       0x68 ../../applications/hello-world/build/stm32l4xx_hal_cortex.o
                0x08002880                HAL_NVIC_SetPriority
 .text.HAL_NVIC_EnableIRQ
                0x080028e8       0x18 ../../applications/hello-world/build/stm32l4xx_hal_cortex.o
                0x080028e8                HAL_NVIC_EnableIRQ
 .text.vListInitialise
                0x08002900       0x16 ../../applications/hello-world/build/list.o
                0x08002900                vListInitialise
 .text.vListInitialiseItem
                0x08002916        0x6 ../../applications/hello-world/build/list.o
                0x08002916                vListInitialiseItem
 .text.vListInsertEnd
                0x0800291c       0x16 ../../applications/hello-world/build/list.o
                0x0800291c                vListInsertEnd
 .text.vListInsert
                0x08002932       0x34 ../../applications/hello-world/build/list.o
                0x08002932                vListInsert
 .text.uxListRemove
                0x08002966       0x26 ../../applications/hello-world/build/list.o
                0x08002966                uxListRemove
 .text.prvIsQueueFull
                0x0800298c       0x1e ../../applications/hello-world/build/queue.o
 .text.prvIsQueueEmpty
                0x080029aa       0x1a ../../applications/hello-world/build/queue.o
 .text.prvCopyDataToQueue
                0x080029c4       0x76 ../../applications/hello-world/build/queue.o
 .text.prvCopyDataFromQueue
                0x08002a3a       0x24 ../../applications/hello-world/build/queue.o
 .text.prvUnlockQueue
                0x08002a5e       0x6e ../../applications/hello-world/build/queue.o
 .text.xQueueGenericReset
                0x08002acc       0x84 ../../applications/hello-world/build/queue.o
                0x08002acc                xQueueGenericReset
 .text.prvInitialiseNewQueue
                0x08002b50       0x1c ../../applications/hello-world/build/queue.o
 .text.xQueueGenericCreate
                0x08002b6c       0x48 ../../applications/hello-world/build/queue.o
                0x08002b6c                xQueueGenericCreate
 .text.xQueueGenericSend
                0x08002bb4      0x180 ../../applications/hello-world/build/queue.o
                0x08002bb4                xQueueGenericSend
 .text.xQueueGenericSendFromISR
                0x08002d34       0xce ../../applications/hello-world/build/queue.o
                0x08002d34                xQueueGenericSendFromISR
 *fill*         0x08002e02        0x2 
 .text.xQueueReceive
                0x08002e04      0x15c ../../applications/hello-world/build/queue.o
                0x08002e04                xQueueReceive
 .text.vQueueAddToRegistry
                0x08002f60       0x28 ../../applications/hello-world/build/queue.o
                0x08002f60                vQueueAddToRegistry
 .text.vQueueWaitForMessageRestricted
                0x08002f88       0x52 ../../applications/hello-world/build/queue.o
                0x08002f88                vQueueWaitForMessageRestricted
 *fill*         0x08002fda        0x2 
 .text.prvResetNextTaskUnblockTime
                0x08002fdc       0x2c ../../applications/hello-world/build/tasks.o
 .text.prvDeleteTCB
                0x08003008       0x12 ../../applications/hello-world/build/tasks.o
 .text.prvInitialiseNewTask
                0x0800301a       0x7e ../../applications/hello-world/build/tasks.o
 .text.prvInitialiseTaskLists
                0x08003098       0x68 ../../applications/hello-world/build/tasks.o
 .text.prvAddNewTaskToReadyList
                0x08003100       0xa8 ../../applications/hello-world/build/tasks.o
 .text.prvCheckTasksWaitingTermination
                0x080031a8       0x4c ../../applications/hello-world/build/tasks.o
 .text.prvIdleTask
                0x080031f4       0x28 ../../applications/hello-world/build/tasks.o
 .text.prvAddCurrentTaskToDelayedList
                0x0800321c       0x98 ../../applications/hello-world/build/tasks.o
 .text.xTaskCreate
                0x080032b4       0x62 ../../applications/hello-world/build/tasks.o
                0x080032b4                xTaskCreate
 *fill*         0x08003316        0x2 
 .text.vTaskStartScheduler
                0x08003318       0x84 ../../applications/hello-world/build/tasks.o
                0x08003318                vTaskStartScheduler
 .text.vTaskSuspendAll
                0x0800339c       0x10 ../../applications/hello-world/build/tasks.o
                0x0800339c                vTaskSuspendAll
 .text.xTaskGetTickCount
                0x080033ac        0xc ../../applications/hello-world/build/tasks.o
                0x080033ac                xTaskGetTickCount
 .text.xTaskIncrementTick
                0x080033b8      0x118 ../../applications/hello-world/build/tasks.o
                0x080033b8                xTaskIncrementTick
 .text.xTaskResumeAll
                0x080034d0       0xf8 ../../applications/hello-world/build/tasks.o
                0x080034d0                xTaskResumeAll
 .text.vTaskDelay
                0x080035c8       0x4c ../../applications/hello-world/build/tasks.o
                0x080035c8                vTaskDelay
 .text.vTaskSwitchContext
                0x08003614       0x9c ../../applications/hello-world/build/tasks.o
                0x08003614                vTaskSwitchContext
 .text.vTaskPlaceOnEventList
                0x080036b0       0x30 ../../applications/hello-world/build/tasks.o
                0x080036b0                vTaskPlaceOnEventList
 .text.vTaskPlaceOnEventListRestricted
                0x080036e0       0x38 ../../applications/hello-world/build/tasks.o
                0x080036e0                vTaskPlaceOnEventListRestricted
 .text.xTaskRemoveFromEventList
                0x08003718       0x8c ../../applications/hello-world/build/tasks.o
                0x08003718                xTaskRemoveFromEventList
 .text.vTaskInternalSetTimeOutState
                0x080037a4       0x18 ../../applications/hello-world/build/tasks.o
                0x080037a4                vTaskInternalSetTimeOutState
 .text.xTaskCheckForTimeOut
                0x080037bc       0x84 ../../applications/hello-world/build/tasks.o
                0x080037bc                xTaskCheckForTimeOut
 .text.vTaskMissedYield
                0x08003840        0xc ../../applications/hello-world/build/tasks.o
                0x08003840                vTaskMissedYield
 .text.xTaskGetSchedulerState
                0x0800384c       0x20 ../../applications/hello-world/build/tasks.o
                0x0800384c                xTaskGetSchedulerState
 .text.xTaskPriorityDisinherit
                0x0800386c       0xb4 ../../applications/hello-world/build/tasks.o
                0x0800386c                xTaskPriorityDisinherit
 .text.prvGetNextExpireTime
                0x08003920       0x20 ../../applications/hello-world/build/timers.o
 .text.prvInsertTimerInActiveList
                0x08003940       0x48 ../../applications/hello-world/build/timers.o
 .text.prvCheckForValidListAndQueue
                0x08003988       0x5c ../../applications/hello-world/build/timers.o
 .text.prvInitialiseNewTimer
                0x080039e4       0x40 ../../applications/hello-world/build/timers.o
 .text.xTimerCreateTimerTask
                0x08003a24       0x50 ../../applications/hello-world/build/timers.o
                0x08003a24                xTimerCreateTimerTask
 .text.xTimerCreate
                0x08003a74       0x32 ../../applications/hello-world/build/timers.o
                0x08003a74                xTimerCreate
 *fill*         0x08003aa6        0x2 
 .text.xTimerGenericCommand
                0x08003aa8       0x6c ../../applications/hello-world/build/timers.o
                0x08003aa8                xTimerGenericCommand
 .text.prvSwitchTimerLists
                0x08003b14       0x78 ../../applications/hello-world/build/timers.o
 .text.prvSampleTimeNow
                0x08003b8c       0x2c ../../applications/hello-world/build/timers.o
 .text.prvProcessExpiredTimer
                0x08003bb8       0x60 ../../applications/hello-world/build/timers.o
 .text.prvProcessTimerOrBlockTask
                0x08003c18       0x74 ../../applications/hello-world/build/timers.o
 .text.prvProcessReceivedCommands
                0x08003c8c       0xe0 ../../applications/hello-world/build/timers.o
 .text.prvTimerTask
                0x08003d6c       0x16 ../../applications/hello-world/build/timers.o
 .text.makeFreeRtosPriority
                0x08003d82        0xc ../../applications/hello-world/build/cmsis_os.o
 .text.inHandlerMode
                0x08003d8e        0xc ../../applications/hello-world/build/cmsis_os.o
 .text.osKernelStart
                0x08003d9a        0xa ../../applications/hello-world/build/cmsis_os.o
                0x08003d9a                osKernelStart
 .text.osThreadCreate
                0x08003da4       0x34 ../../applications/hello-world/build/cmsis_os.o
                0x08003da4                osThreadCreate
 .text.osDelay  0x08003dd8       0x12 ../../applications/hello-world/build/cmsis_os.o
                0x08003dd8                osDelay
 *fill*         0x08003dea        0x2 
 .text.osTimerCreate
                0x08003dec       0x28 ../../applications/hello-world/build/cmsis_os.o
                0x08003dec                osTimerCreate
 .text.osTimerStart
                0x08003e14       0x6c ../../applications/hello-world/build/cmsis_os.o
                0x08003e14                osTimerStart
 .text.prvHeapInit
                0x08003e80       0x64 ../../applications/hello-world/build/heap_4.o
 .text.prvInsertBlockIntoFreeList
                0x08003ee4       0x58 ../../applications/hello-world/build/heap_4.o
 .text.pvPortMalloc
                0x08003f3c      0x108 ../../applications/hello-world/build/heap_4.o
                0x08003f3c                pvPortMalloc
 .text.vPortFree
                0x08004044       0x70 ../../applications/hello-world/build/heap_4.o
                0x08004044                vPortFree
 .text.prvTaskExitError
                0x080040b4       0x40 ../../applications/hello-world/build/port.o
 .text.prvPortStartFirstTask
                0x080040f4       0x28 ../../applications/hello-world/build/port.o
 .text.vPortEnableVFP
                0x0800411c       0x14 ../../applications/hello-world/build/port.o
 .text.pxPortInitialiseStack
                0x08004130       0x2c ../../applications/hello-world/build/port.o
                0x08004130                pxPortInitialiseStack
 *fill*         0x0800415c        0x4 
 .text.SVC_Handler
                0x08004160       0x24 ../../applications/hello-world/build/port.o
                0x08004160                SVC_Handler
 .text.vPortEnterCritical
                0x08004184       0x44 ../../applications/hello-world/build/port.o
                0x08004184                vPortEnterCritical
 .text.vPortExitCritical
                0x080041c8       0x2c ../../applications/hello-world/build/port.o
                0x080041c8                vPortExitCritical
 *fill*         0x080041f4        0xc 
 .text.PendSV_Handler
                0x08004200       0x64 ../../applications/hello-world/build/port.o
                0x08004200                PendSV_Handler
 .text.SysTick_Handler
                0x08004264       0x2c ../../applications/hello-world/build/port.o
                0x08004264                SysTick_Handler
 .text.vPortSetupTimerInterrupt
                0x08004290       0x38 ../../applications/hello-world/build/port.o
                0x08004290                vPortSetupTimerInterrupt
 .text.xPortStartScheduler
                0x080042c8      0x110 ../../applications/hello-world/build/port.o
                0x080042c8                xPortStartScheduler
 .text.vPortValidateInterruptPriority
                0x080043d8       0x5c ../../applications/hello-world/build/port.o
                0x080043d8                vPortValidateInterruptPriority
 .text.OCTA_GPIO_Init
                0x08004434      0x2fc ../../applications/hello-world/build/gpio.o
                0x08004434                OCTA_GPIO_Init
 .text.common_I2C_Init
                0x08004730       0x58 ../../applications/hello-world/build/i2c.o
                0x08004730                common_I2C_Init
 .text.OCTA_IWDG_Init
                0x08004788       0x2c ../../applications/hello-world/build/iwdg.o
                0x08004788                OCTA_IWDG_Init
 .text.IWDG_feed
                0x080047b4       0x10 ../../applications/hello-world/build/iwdg.o
                0x080047b4                IWDG_feed
 .text.OCTA_Initialize_Common_Peripherals
                0x080047c4       0x1c ../../applications/hello-world/build/octa.o
                0x080047c4                OCTA_Initialize_Common_Peripherals
 .text.OCTA_Initialize_P1_Peripherals
                0x080047e0       0x54 ../../applications/hello-world/build/octa.o
                0x080047e0                OCTA_Initialize_P1_Peripherals
 .text.OCTA_Initialize_P2_Peripherals
                0x08004834       0x54 ../../applications/hello-world/build/octa.o
                0x08004834                OCTA_Initialize_P2_Peripherals
 .text.OCTA_Initialize_P3_Peripherals
                0x08004888       0x54 ../../applications/hello-world/build/octa.o
                0x08004888                OCTA_Initialize_P3_Peripherals
 .text.OCTA_Initialize_Platform
                0x080048dc       0x14 ../../applications/hello-world/build/octa.o
                0x080048dc                OCTA_Initialize_Platform
 .text.FLASH_SPI_Init
                0x080048f0       0x4c ../../applications/hello-world/build/spi.o
                0x080048f0                FLASH_SPI_Init
 .text.HAL_MspInit
                0x0800493c       0x40 ../../applications/hello-world/build/stm32l4xx_hal_msp.o
                0x0800493c                HAL_MspInit
 .text.HAL_I2C_MspInit
                0x0800497c      0x18c ../../applications/hello-world/build/stm32l4xx_hal_msp.o
                0x0800497c                HAL_I2C_MspInit
 .text.HAL_UART_MspInit
                0x08004b08      0x188 ../../applications/hello-world/build/stm32l4xx_hal_msp.o
                0x08004b08                HAL_UART_MspInit
 .text.HAL_SPI_MspInit
                0x08004c90      0x160 ../../applications/hello-world/build/stm32l4xx_hal_msp.o
                0x08004c90                HAL_SPI_MspInit
 .text.HAL_InitTick
                0x08004df0       0x78 ../../applications/hello-world/build/stm32l4xx_hal_timebase_tim.o
                0x08004df0                HAL_InitTick
 .text.NMI_Handler
                0x08004e68        0x2 ../../applications/hello-world/build/stm32l4xx_it.o
                0x08004e68                NMI_Handler
 .text.HardFault_Handler
                0x08004e6a        0x2 ../../applications/hello-world/build/stm32l4xx_it.o
                0x08004e6a                HardFault_Handler
 .text.MemManage_Handler
                0x08004e6c        0x2 ../../applications/hello-world/build/stm32l4xx_it.o
                0x08004e6c                MemManage_Handler
 .text.BusFault_Handler
                0x08004e6e        0x2 ../../applications/hello-world/build/stm32l4xx_it.o
                0x08004e6e                BusFault_Handler
 .text.UsageFault_Handler
                0x08004e70        0x2 ../../applications/hello-world/build/stm32l4xx_it.o
                0x08004e70                UsageFault_Handler
 .text.DebugMon_Handler
                0x08004e72        0x2 ../../applications/hello-world/build/stm32l4xx_it.o
                0x08004e72                DebugMon_Handler
 .text.TIM1_UP_TIM16_IRQHandler
                0x08004e74       0x10 ../../applications/hello-world/build/stm32l4xx_it.o
                0x08004e74                TIM1_UP_TIM16_IRQHandler
 .text.USART2_IRQHandler
                0x08004e84       0x10 ../../applications/hello-world/build/stm32l4xx_it.o
                0x08004e84                USART2_IRQHandler
 .text.USART3_IRQHandler
                0x08004e94       0x10 ../../applications/hello-world/build/stm32l4xx_it.o
                0x08004e94                USART3_IRQHandler
 .text.UART5_IRQHandler
                0x08004ea4       0x10 ../../applications/hello-world/build/stm32l4xx_it.o
                0x08004ea4                UART5_IRQHandler
 .text.SPI1_IRQHandler
                0x08004eb4       0x10 ../../applications/hello-world/build/stm32l4xx_it.o
                0x08004eb4                SPI1_IRQHandler
 .text.SPI2_IRQHandler
                0x08004ec4       0x10 ../../applications/hello-world/build/stm32l4xx_it.o
                0x08004ec4                SPI2_IRQHandler
 .text.SPI3_IRQHandler
                0x08004ed4       0x10 ../../applications/hello-world/build/stm32l4xx_it.o
                0x08004ed4                SPI3_IRQHandler
 .text.SystemClock_Config
                0x08004ee4       0xb8 ../../applications/hello-world/build/sysclock.o
                0x08004ee4                SystemClock_Config
 .text.SystemInit
                0x08004f9c       0x48 ../../applications/hello-world/build/system_stm32l4xx.o
                0x08004f9c                SystemInit
 .text.USB_UART_Init
                0x08004fe4       0x34 ../../applications/hello-world/build/uart.o
                0x08004fe4                USB_UART_Init
 .text.__io_putchar
                0x08005018       0x20 ../../applications/hello-world/build/uart.o
                0x08005018                __io_putchar
 .text._write   0x08005038       0x1c ../../applications/hello-world/build/uart.o
                0x08005038                _write
 .text.Reset_Handler
                0x08005054       0x50 ../../applications/hello-world/build/startup_stm32l496xx.o
                0x08005054                Reset_Handler
 .text.Default_Handler
                0x080050a4        0x2 ../../applications/hello-world/build/startup_stm32l496xx.o
                0x080050a4                RTC_Alarm_IRQHandler
                0x080050a4                EXTI2_IRQHandler
                0x080050a4                TIM8_TRG_COM_IRQHandler
                0x080050a4                TIM8_CC_IRQHandler
                0x080050a4                TIM1_CC_IRQHandler
                0x080050a4                TSC_IRQHandler
                0x080050a4                TAMP_STAMP_IRQHandler
                0x080050a4                CAN2_RX1_IRQHandler
                0x080050a4                EXTI3_IRQHandler
                0x080050a4                LPTIM2_IRQHandler
                0x080050a4                DFSDM1_FLT1_IRQHandler
                0x080050a4                I2C3_ER_IRQHandler
                0x080050a4                DFSDM1_FLT2_IRQHandler
                0x080050a4                EXTI0_IRQHandler
                0x080050a4                I2C2_EV_IRQHandler
                0x080050a4                CAN1_RX0_IRQHandler
                0x080050a4                FPU_IRQHandler
                0x080050a4                CAN2_SCE_IRQHandler
                0x080050a4                ADC1_2_IRQHandler
                0x080050a4                TIM6_DAC_IRQHandler
                0x080050a4                DCMI_IRQHandler
                0x080050a4                CAN2_RX0_IRQHandler
                0x080050a4                TIM8_UP_IRQHandler
                0x080050a4                DMA2_Channel2_IRQHandler
                0x080050a4                DMA1_Channel4_IRQHandler
                0x080050a4                SAI2_IRQHandler
                0x080050a4                DFSDM1_FLT3_IRQHandler
                0x080050a4                DMA1_Channel7_IRQHandler
                0x080050a4                CAN1_RX1_IRQHandler
                0x080050a4                LCD_IRQHandler
                0x080050a4                ADC3_IRQHandler
                0x080050a4                TIM4_IRQHandler
                0x080050a4                DMA2_Channel1_IRQHandler
                0x080050a4                QUADSPI_IRQHandler
                0x080050a4                I2C1_EV_IRQHandler
                0x080050a4                DMA1_Channel6_IRQHandler
                0x080050a4                UART4_IRQHandler
                0x080050a4                DMA2_Channel4_IRQHandler
                0x080050a4                TIM3_IRQHandler
                0x080050a4                RCC_IRQHandler
                0x080050a4                DMA1_Channel1_IRQHandler
                0x080050a4                Default_Handler
                0x080050a4                DMA2_Channel7_IRQHandler
                0x080050a4                EXTI15_10_IRQHandler
                0x080050a4                TIM7_IRQHandler
                0x080050a4                SDMMC1_IRQHandler
                0x080050a4                CAN2_TX_IRQHandler
                0x080050a4                TIM5_IRQHandler
                0x080050a4                I2C3_EV_IRQHandler
                0x080050a4                EXTI9_5_IRQHandler
                0x080050a4                RTC_WKUP_IRQHandler
                0x080050a4                PVD_PVM_IRQHandler
                0x080050a4                CAN1_TX_IRQHandler
                0x080050a4                DMA2_Channel5_IRQHandler
                0x080050a4                CRS_IRQHandler
                0x080050a4                DMA1_Channel5_IRQHandler
                0x080050a4                EXTI4_IRQHandler
                0x080050a4                RNG_IRQHandler
                0x080050a4                TIM1_TRG_COM_TIM17_IRQHandler
                0x080050a4                DMA1_Channel3_IRQHandler
                0x080050a4                COMP_IRQHandler
                0x080050a4                WWDG_IRQHandler
                0x080050a4                I2C4_EV_IRQHandler
                0x080050a4                LPUART1_IRQHandler
                0x080050a4                DMA2_Channel6_IRQHandler
                0x080050a4                TIM2_IRQHandler
                0x080050a4                EXTI1_IRQHandler
                0x080050a4                DFSDM1_FLT0_IRQHandler
                0x080050a4                I2C2_ER_IRQHandler
                0x080050a4                DMA1_Channel2_IRQHandler
                0x080050a4                TIM8_BRK_IRQHandler
                0x080050a4                CAN1_SCE_IRQHandler
                0x080050a4                FLASH_IRQHandler
                0x080050a4                USART1_IRQHandler
                0x080050a4                OTG_FS_IRQHandler
                0x080050a4                I2C1_ER_IRQHandler
                0x080050a4                FMC_IRQHandler
                0x080050a4                SWPMI1_IRQHandler
                0x080050a4                LPTIM1_IRQHandler
                0x080050a4                I2C4_ER_IRQHandler
                0x080050a4                SAI1_IRQHandler
                0x080050a4                DMA2_Channel3_IRQHandler
                0x080050a4                TIM1_BRK_TIM15_IRQHandler
 *fill*         0x080050a6        0x2 
 .text.__libc_init_array
                0x080050a8       0x48 c:/program files (x86)/gnu tools arm embedded/8 2019-q3-update/bin/../lib/gcc/arm-none-eabi/8.3.1/../../../../arm-none-eabi/lib/thumb/v7e-m+fp/hard\libc_nano.a(lib_a-init.o)
                0x080050a8                __libc_init_array
 .text.memcpy   0x080050f0       0x1c c:/program files (x86)/gnu tools arm embedded/8 2019-q3-update/bin/../lib/gcc/arm-none-eabi/8.3.1/../../../../arm-none-eabi/lib/thumb/v7e-m+fp/hard\libc_nano.a(lib_a-memcpy-stub.o)
                0x080050f0                memcpy
 .text.memset   0x0800510c       0x10 c:/program files (x86)/gnu tools arm embedded/8 2019-q3-update/bin/../lib/gcc/arm-none-eabi/8.3.1/../../../../arm-none-eabi/lib/thumb/v7e-m+fp/hard\libc_nano.a(lib_a-memset.o)
                0x0800510c                memset
 .text._puts_r  0x0800511c       0xdc c:/program files (x86)/gnu tools arm embedded/8 2019-q3-update/bin/../lib/gcc/arm-none-eabi/8.3.1/../../../../arm-none-eabi/lib/thumb/v7e-m+fp/hard\libc_nano.a(lib_a-puts.o)
                0x0800511c                _puts_r
 .text.puts     0x080051f8       0x10 c:/program files (x86)/gnu tools arm embedded/8 2019-q3-update/bin/../lib/gcc/arm-none-eabi/8.3.1/../../../../arm-none-eabi/lib/thumb/v7e-m+fp/hard\libc_nano.a(lib_a-puts.o)
                0x080051f8                puts
 .text.__swbuf_r
                0x08005208       0xa4 c:/program files (x86)/gnu tools arm embedded/8 2019-q3-update/bin/../lib/gcc/arm-none-eabi/8.3.1/../../../../arm-none-eabi/lib/thumb/v7e-m+fp/hard\libc_nano.a(lib_a-wbuf.o)
                0x08005208                __swbuf_r
 .text.__swsetup_r
                0x080052ac       0xdc c:/program files (x86)/gnu tools arm embedded/8 2019-q3-update/bin/../lib/gcc/arm-none-eabi/8.3.1/../../../../arm-none-eabi/lib/thumb/v7e-m+fp/hard\libc_nano.a(lib_a-wsetup.o)
                0x080052ac                __swsetup_r
 .text.__sflush_r
                0x08005388      0x10c c:/program files (x86)/gnu tools arm embedded/8 2019-q3-update/bin/../lib/gcc/arm-none-eabi/8.3.1/../../../../arm-none-eabi/lib/thumb/v7e-m+fp/hard\libc_nano.a(lib_a-fflush.o)
                0x08005388                __sflush_r
 .text._fflush_r
                0x08005494       0x78 c:/program files (x86)/gnu tools arm embedded/8 2019-q3-update/bin/../lib/gcc/arm-none-eabi/8.3.1/../../../../arm-none-eabi/lib/thumb/v7e-m+fp/hard\libc_nano.a(lib_a-fflush.o)
                0x08005494                _fflush_r
 .text.std      0x0800550c       0x48 c:/program files (x86)/gnu tools arm embedded/8 2019-q3-update/bin/../lib/gcc/arm-none-eabi/8.3.1/../../../../arm-none-eabi/lib/thumb/v7e-m+fp/hard\libc_nano.a(lib_a-findfp.o)
 .text._cleanup_r
                0x08005554        0xc c:/program files (x86)/gnu tools arm embedded/8 2019-q3-update/bin/../lib/gcc/arm-none-eabi/8.3.1/../../../../arm-none-eabi/lib/thumb/v7e-m+fp/hard\libc_nano.a(lib_a-findfp.o)
                0x08005554                _cleanup_r
 .text.__sfmoreglue
                0x08005560       0x2c c:/program files (x86)/gnu tools arm embedded/8 2019-q3-update/bin/../lib/gcc/arm-none-eabi/8.3.1/../../../../arm-none-eabi/lib/thumb/v7e-m+fp/hard\libc_nano.a(lib_a-findfp.o)
                0x08005560                __sfmoreglue
 .text.__sfp_lock_acquire
                0x0800558c        0xc c:/program files (x86)/gnu tools arm embedded/8 2019-q3-update/bin/../lib/gcc/arm-none-eabi/8.3.1/../../../../arm-none-eabi/lib/thumb/v7e-m+fp/hard\libc_nano.a(lib_a-findfp.o)
                0x0800558c                __sfp_lock_acquire
 .text.__sfp_lock_release
                0x08005598        0xc c:/program files (x86)/gnu tools arm embedded/8 2019-q3-update/bin/../lib/gcc/arm-none-eabi/8.3.1/../../../../arm-none-eabi/lib/thumb/v7e-m+fp/hard\libc_nano.a(lib_a-findfp.o)
                0x08005598                __sfp_lock_release
 .text.__sinit_lock_acquire
                0x080055a4        0xc c:/program files (x86)/gnu tools arm embedded/8 2019-q3-update/bin/../lib/gcc/arm-none-eabi/8.3.1/../../../../arm-none-eabi/lib/thumb/v7e-m+fp/hard\libc_nano.a(lib_a-findfp.o)
                0x080055a4                __sinit_lock_acquire
 .text.__sinit_lock_release
                0x080055b0        0xc c:/program files (x86)/gnu tools arm embedded/8 2019-q3-update/bin/../lib/gcc/arm-none-eabi/8.3.1/../../../../arm-none-eabi/lib/thumb/v7e-m+fp/hard\libc_nano.a(lib_a-findfp.o)
                0x080055b0                __sinit_lock_release
 .text.__sinit  0x080055bc       0x70 c:/program files (x86)/gnu tools arm embedded/8 2019-q3-update/bin/../lib/gcc/arm-none-eabi/8.3.1/../../../../arm-none-eabi/lib/thumb/v7e-m+fp/hard\libc_nano.a(lib_a-findfp.o)
                0x080055bc                __sinit
 .text.__sfp    0x0800562c       0x8c c:/program files (x86)/gnu tools arm embedded/8 2019-q3-update/bin/../lib/gcc/arm-none-eabi/8.3.1/../../../../arm-none-eabi/lib/thumb/v7e-m+fp/hard\libc_nano.a(lib_a-findfp.o)
                0x0800562c                __sfp
 .text._fwalk_reent
                0x080056b8       0x3c c:/program files (x86)/gnu tools arm embedded/8 2019-q3-update/bin/../lib/gcc/arm-none-eabi/8.3.1/../../../../arm-none-eabi/lib/thumb/v7e-m+fp/hard\libc_nano.a(lib_a-fwalk.o)
                0x080056b8                _fwalk_reent
 .text.__retarget_lock_init_recursive
                0x080056f4        0x2 c:/program files (x86)/gnu tools arm embedded/8 2019-q3-update/bin/../lib/gcc/arm-none-eabi/8.3.1/../../../../arm-none-eabi/lib/thumb/v7e-m+fp/hard\libc_nano.a(lib_a-lock.o)
                0x080056f4                __retarget_lock_init_recursive
 .text.__retarget_lock_acquire_recursive
                0x080056f6        0x2 c:/program files (x86)/gnu tools arm embedded/8 2019-q3-update/bin/../lib/gcc/arm-none-eabi/8.3.1/../../../../arm-none-eabi/lib/thumb/v7e-m+fp/hard\libc_nano.a(lib_a-lock.o)
                0x080056f6                __retarget_lock_acquire_recursive
 .text.__retarget_lock_release_recursive
                0x080056f8        0x2 c:/program files (x86)/gnu tools arm embedded/8 2019-q3-update/bin/../lib/gcc/arm-none-eabi/8.3.1/../../../../arm-none-eabi/lib/thumb/v7e-m+fp/hard\libc_nano.a(lib_a-lock.o)
                0x080056f8                __retarget_lock_release_recursive
 .text.__swhatbuf_r
                0x080056fa       0x48 c:/program files (x86)/gnu tools arm embedded/8 2019-q3-update/bin/../lib/gcc/arm-none-eabi/8.3.1/../../../../arm-none-eabi/lib/thumb/v7e-m+fp/hard\libc_nano.a(lib_a-makebuf.o)
                0x080056fa                __swhatbuf_r
 *fill*         0x08005742        0x2 
 .text.__smakebuf_r
                0x08005744       0x80 c:/program files (x86)/gnu tools arm embedded/8 2019-q3-update/bin/../lib/gcc/arm-none-eabi/8.3.1/../../../../arm-none-eabi/lib/thumb/v7e-m+fp/hard\libc_nano.a(lib_a-makebuf.o)
                0x08005744                __smakebuf_r
 .text._free_r  0x080057c4       0x9c c:/program files (x86)/gnu tools arm embedded/8 2019-q3-update/bin/../lib/gcc/arm-none-eabi/8.3.1/../../../../arm-none-eabi/lib/thumb/v7e-m+fp/hard\libc_nano.a(lib_a-nano-freer.o)
                0x080057c4                _free_r
 .text._malloc_r
                0x08005860       0xb4 c:/program files (x86)/gnu tools arm embedded/8 2019-q3-update/bin/../lib/gcc/arm-none-eabi/8.3.1/../../../../arm-none-eabi/lib/thumb/v7e-m+fp/hard\libc_nano.a(lib_a-nano-mallocr.o)
                0x08005860                _malloc_r
 .text._sbrk_r  0x08005914       0x20 c:/program files (x86)/gnu tools arm embedded/8 2019-q3-update/bin/../lib/gcc/arm-none-eabi/8.3.1/../../../../arm-none-eabi/lib/thumb/v7e-m+fp/hard\libc_nano.a(lib_a-sbrkr.o)
                0x08005914                _sbrk_r
 .text.__sread  0x08005934       0x22 c:/program files (x86)/gnu tools arm embedded/8 2019-q3-update/bin/../lib/gcc/arm-none-eabi/8.3.1/../../../../arm-none-eabi/lib/thumb/v7e-m+fp/hard\libc_nano.a(lib_a-stdio.o)
                0x08005934                __sread
 .text.__swrite
                0x08005956       0x38 c:/program files (x86)/gnu tools arm embedded/8 2019-q3-update/bin/../lib/gcc/arm-none-eabi/8.3.1/../../../../arm-none-eabi/lib/thumb/v7e-m+fp/hard\libc_nano.a(lib_a-stdio.o)
                0x08005956                __swrite
 .text.__sseek  0x0800598e       0x24 c:/program files (x86)/gnu tools arm embedded/8 2019-q3-update/bin/../lib/gcc/arm-none-eabi/8.3.1/../../../../arm-none-eabi/lib/thumb/v7e-m+fp/hard\libc_nano.a(lib_a-stdio.o)
                0x0800598e                __sseek
 .text.__sclose
                0x080059b2        0x8 c:/program files (x86)/gnu tools arm embedded/8 2019-q3-update/bin/../lib/gcc/arm-none-eabi/8.3.1/../../../../arm-none-eabi/lib/thumb/v7e-m+fp/hard\libc_nano.a(lib_a-stdio.o)
                0x080059b2                __sclose
 *fill*         0x080059ba        0x2 
 .text._write_r
                0x080059bc       0x24 c:/program files (x86)/gnu tools arm embedded/8 2019-q3-update/bin/../lib/gcc/arm-none-eabi/8.3.1/../../../../arm-none-eabi/lib/thumb/v7e-m+fp/hard\libc_nano.a(lib_a-writer.o)
                0x080059bc                _write_r
 .text._close_r
                0x080059e0       0x20 c:/program files (x86)/gnu tools arm embedded/8 2019-q3-update/bin/../lib/gcc/arm-none-eabi/8.3.1/../../../../arm-none-eabi/lib/thumb/v7e-m+fp/hard\libc_nano.a(lib_a-closer.o)
                0x080059e0                _close_r
 .text._fstat_r
                0x08005a00       0x24 c:/program files (x86)/gnu tools arm embedded/8 2019-q3-update/bin/../lib/gcc/arm-none-eabi/8.3.1/../../../../arm-none-eabi/lib/thumb/v7e-m+fp/hard\libc_nano.a(lib_a-fstatr.o)
                0x08005a00                _fstat_r
 .text._isatty_r
                0x08005a24       0x20 c:/program files (x86)/gnu tools arm embedded/8 2019-q3-update/bin/../lib/gcc/arm-none-eabi/8.3.1/../../../../arm-none-eabi/lib/thumb/v7e-m+fp/hard\libc_nano.a(lib_a-isattyr.o)
                0x08005a24                _isatty_r
 .text._lseek_r
                0x08005a44       0x24 c:/program files (x86)/gnu tools arm embedded/8 2019-q3-update/bin/../lib/gcc/arm-none-eabi/8.3.1/../../../../arm-none-eabi/lib/thumb/v7e-m+fp/hard\libc_nano.a(lib_a-lseekr.o)
                0x08005a44                _lseek_r
 .text.__malloc_lock
                0x08005a68        0xc c:/program files (x86)/gnu tools arm embedded/8 2019-q3-update/bin/../lib/gcc/arm-none-eabi/8.3.1/../../../../arm-none-eabi/lib/thumb/v7e-m+fp/hard\libc_nano.a(lib_a-mlock.o)
                0x08005a68                __malloc_lock
 .text.__malloc_unlock
                0x08005a74        0xc c:/program files (x86)/gnu tools arm embedded/8 2019-q3-update/bin/../lib/gcc/arm-none-eabi/8.3.1/../../../../arm-none-eabi/lib/thumb/v7e-m+fp/hard\libc_nano.a(lib_a-mlock.o)
                0x08005a74                __malloc_unlock
 .text._read_r  0x08005a80       0x24 c:/program files (x86)/gnu tools arm embedded/8 2019-q3-update/bin/../lib/gcc/arm-none-eabi/8.3.1/../../../../arm-none-eabi/lib/thumb/v7e-m+fp/hard\libc_nano.a(lib_a-readr.o)
                0x08005a80                _read_r
 .text._close   0x08005aa4       0x10 c:/program files (x86)/gnu tools arm embedded/8 2019-q3-update/bin/../lib/gcc/arm-none-eabi/8.3.1/../../../../arm-none-eabi/lib/thumb/v7e-m+fp/hard\libnosys.a(close.o)
                0x08005aa4                _close
 .text._fstat   0x08005ab4       0x10 c:/program files (x86)/gnu tools arm embedded/8 2019-q3-update/bin/../lib/gcc/arm-none-eabi/8.3.1/../../../../arm-none-eabi/lib/thumb/v7e-m+fp/hard\libnosys.a(fstat.o)
                0x08005ab4                _fstat
 .text._isatty  0x08005ac4       0x10 c:/program files (x86)/gnu tools arm embedded/8 2019-q3-update/bin/../lib/gcc/arm-none-eabi/8.3.1/../../../../arm-none-eabi/lib/thumb/v7e-m+fp/hard\libnosys.a(isatty.o)
                0x08005ac4                _isatty
 .text._lseek   0x08005ad4       0x10 c:/program files (x86)/gnu tools arm embedded/8 2019-q3-update/bin/../lib/gcc/arm-none-eabi/8.3.1/../../../../arm-none-eabi/lib/thumb/v7e-m+fp/hard\libnosys.a(lseek.o)
                0x08005ad4                _lseek
 .text._read    0x08005ae4       0x10 c:/program files (x86)/gnu tools arm embedded/8 2019-q3-update/bin/../lib/gcc/arm-none-eabi/8.3.1/../../../../arm-none-eabi/lib/thumb/v7e-m+fp/hard\libnosys.a(read.o)
                0x08005ae4                _read
 .text._sbrk    0x08005af4       0x1c c:/program files (x86)/gnu tools arm embedded/8 2019-q3-update/bin/../lib/gcc/arm-none-eabi/8.3.1/../../../../arm-none-eabi/lib/thumb/v7e-m+fp/hard\libnosys.a(sbrk.o)
                0x08005af4                _sbrk
 *(.glue_7)
 .glue_7        0x08005b10        0x0 linker stubs
 *(.glue_7t)
 .glue_7t       0x08005b10        0x0 linker stubs
 *(.eh_frame)
 .eh_frame      0x08005b10        0x0 c:/program files (x86)/gnu tools arm embedded/8 2019-q3-update/bin/../lib/gcc/arm-none-eabi/8.3.1/thumb/v7e-m+fp/hard/crtbegin.o
 *(.init)
 .init          0x08005b10        0x4 c:/program files (x86)/gnu tools arm embedded/8 2019-q3-update/bin/../lib/gcc/arm-none-eabi/8.3.1/thumb/v7e-m+fp/hard/crti.o
                0x08005b10                _init
 .init          0x08005b14        0x8 c:/program files (x86)/gnu tools arm embedded/8 2019-q3-update/bin/../lib/gcc/arm-none-eabi/8.3.1/thumb/v7e-m+fp/hard/crtn.o
 *(.fini)
 .fini          0x08005b1c        0x4 c:/program files (x86)/gnu tools arm embedded/8 2019-q3-update/bin/../lib/gcc/arm-none-eabi/8.3.1/thumb/v7e-m+fp/hard/crti.o
                0x08005b1c                _fini
 .fini          0x08005b20        0x8 c:/program files (x86)/gnu tools arm embedded/8 2019-q3-update/bin/../lib/gcc/arm-none-eabi/8.3.1/thumb/v7e-m+fp/hard/crtn.o
                0x08005b28                . = ALIGN (0x8)
                0x08005b28                _etext = .

.vfp11_veneer   0x08005b28        0x0
 .vfp11_veneer  0x08005b28        0x0 linker stubs

.v4_bx          0x08005b28        0x0
 .v4_bx         0x08005b28        0x0 linker stubs

.iplt           0x08005b28        0x0
 .iplt          0x08005b28        0x0 c:/program files (x86)/gnu tools arm embedded/8 2019-q3-update/bin/../lib/gcc/arm-none-eabi/8.3.1/thumb/v7e-m+fp/hard/crtbegin.o

.rodata         0x08005b28      0x158
                0x08005b28                . = ALIGN (0x8)
 *(.rodata)
 .rodata        0x08005b28       0x14 ../../applications/hello-world/build/hello-world.o
 *(.rodata*)
 .rodata.main.str1.4
                0x08005b3c       0x2d ../../applications/hello-world/build/hello-world.o
 *fill*         0x08005b69        0x3 
 .rodata.printWelcome.str1.4
                0x08005b6c       0x3d ../../applications/hello-world/build/hello-world.o
 *fill*         0x08005ba9        0x3 
 .rodata.str1.4
                0x08005bac        0xc ../../applications/hello-world/build/hello-world.o
 .rodata.vTaskStartScheduler.str1.4
                0x08005bb8        0x5 ../../applications/hello-world/build/tasks.o
 *fill*         0x08005bbd        0x3 
 .rodata.prvCheckForValidListAndQueue.str1.4
                0x08005bc0        0x5 ../../applications/hello-world/build/timers.o
 *fill*         0x08005bc5        0x3 
 .rodata.xTimerCreateTimerTask.str1.4
                0x08005bc8        0x8 ../../applications/hello-world/build/timers.o
 .rodata.osTimerCreate.str1.4
                0x08005bd0        0x8 ../../applications/hello-world/build/cmsis_os.o
                                  0x1 (size before relaxing)
 .rodata.AHBPrescTable
                0x08005bd0       0x10 ../../applications/hello-world/build/system_stm32l4xx.o
                0x08005bd0                AHBPrescTable
 .rodata.APBPrescTable
                0x08005be0        0x8 ../../applications/hello-world/build/system_stm32l4xx.o
                0x08005be0                APBPrescTable
 .rodata.MSIRangeTable
                0x08005be8       0x30 ../../applications/hello-world/build/system_stm32l4xx.o
                0x08005be8                MSIRangeTable
 .rodata._global_impure_ptr
                0x08005c18        0x4 c:/program files (x86)/gnu tools arm embedded/8 2019-q3-update/bin/../lib/gcc/arm-none-eabi/8.3.1/../../../../arm-none-eabi/lib/thumb/v7e-m+fp/hard\libc_nano.a(lib_a-impure.o)
                0x08005c18                _global_impure_ptr
 .rodata.__sf_fake_stderr
                0x08005c1c       0x20 c:/program files (x86)/gnu tools arm embedded/8 2019-q3-update/bin/../lib/gcc/arm-none-eabi/8.3.1/../../../../arm-none-eabi/lib/thumb/v7e-m+fp/hard\libc_nano.a(lib_a-findfp.o)
                0x08005c1c                __sf_fake_stderr
 .rodata.__sf_fake_stdin
                0x08005c3c       0x20 c:/program files (x86)/gnu tools arm embedded/8 2019-q3-update/bin/../lib/gcc/arm-none-eabi/8.3.1/../../../../arm-none-eabi/lib/thumb/v7e-m+fp/hard\libc_nano.a(lib_a-findfp.o)
                0x08005c3c                __sf_fake_stdin
 .rodata.__sf_fake_stdout
                0x08005c5c       0x20 c:/program files (x86)/gnu tools arm embedded/8 2019-q3-update/bin/../lib/gcc/arm-none-eabi/8.3.1/../../../../arm-none-eabi/lib/thumb/v7e-m+fp/hard\libc_nano.a(lib_a-findfp.o)
                0x08005c5c                __sf_fake_stdout
                0x08005c80                . = ALIGN (0x8)
 *fill*         0x08005c7c        0x4 

.ARM.extab      0x08005c80        0x0
                0x08005c80                . = ALIGN (0x8)
 *(.ARM.extab* .gnu.linkonce.armextab.*)
                0x08005c80                . = ALIGN (0x8)

.ARM            0x08005c80        0x8
                0x08005c80                . = ALIGN (0x8)
                0x08005c80                __exidx_start = .
 *(.ARM.exidx*)
 .ARM.exidx     0x08005c80        0x8 c:/program files (x86)/gnu tools arm embedded/8 2019-q3-update/bin/../lib/gcc/arm-none-eabi/8.3.1/thumb/v7e-m+fp/hard\libgcc.a(_udivmoddi4.o)
                0x08005c88                __exidx_end = .
                0x08005c88                . = ALIGN (0x8)

.rel.dyn        0x08005c88        0x0
 .rel.iplt      0x08005c88        0x0 c:/program files (x86)/gnu tools arm embedded/8 2019-q3-update/bin/../lib/gcc/arm-none-eabi/8.3.1/thumb/v7e-m+fp/hard/crtbegin.o

.preinit_array  0x08005c88        0x0
                0x08005c88                . = ALIGN (0x8)
                0x08005c88                PROVIDE (__preinit_array_start = .)
 *(.preinit_array*)
                0x08005c88                PROVIDE (__preinit_array_end = .)
                0x08005c88                . = ALIGN (0x8)

.init_array     0x08005c88        0x8
                0x08005c88                . = ALIGN (0x8)
                0x08005c88                PROVIDE (__init_array_start = .)
 *(SORT_BY_NAME(.init_array.*))
 *(.init_array*)
 .init_array    0x08005c88        0x4 c:/program files (x86)/gnu tools arm embedded/8 2019-q3-update/bin/../lib/gcc/arm-none-eabi/8.3.1/thumb/v7e-m+fp/hard/crtbegin.o
                0x08005c8c                PROVIDE (__init_array_end = .)
                0x08005c90                . = ALIGN (0x8)
 *fill*         0x08005c8c        0x4 

.fini_array     0x08005c90        0x8
                0x08005c90                . = ALIGN (0x8)
                [!provide]                PROVIDE (__fini_array_start = .)
 *(SORT_BY_NAME(.fini_array.*))
 *(.fini_array*)
 .fini_array    0x08005c90        0x4 c:/program files (x86)/gnu tools arm embedded/8 2019-q3-update/bin/../lib/gcc/arm-none-eabi/8.3.1/thumb/v7e-m+fp/hard/crtbegin.o
                [!provide]                PROVIDE (__fini_array_end = .)
                0x08005c98                . = ALIGN (0x8)
 *fill*         0x08005c94        0x4 
                0x08005c98                _sidata = LOADADDR (.data)

.data           0x20000000       0x70 load address 0x08005c98
                0x20000000                . = ALIGN (0x8)
                0x20000000                _sdata = .
 *(.data)
 *(.data*)
 .data.uxCriticalNesting
                0x20000000        0x4 ../../applications/hello-world/build/port.o
 .data.SystemCoreClock
                0x20000004        0x4 ../../applications/hello-world/build/system_stm32l4xx.o
                0x20000004                SystemCoreClock
 .data._impure_ptr
                0x20000008        0x4 c:/program files (x86)/gnu tools arm embedded/8 2019-q3-update/bin/../lib/gcc/arm-none-eabi/8.3.1/../../../../arm-none-eabi/lib/thumb/v7e-m+fp/hard\libc_nano.a(lib_a-impure.o)
                0x20000008                _impure_ptr
 .data.impure_data
                0x2000000c       0x60 c:/program files (x86)/gnu tools arm embedded/8 2019-q3-update/bin/../lib/gcc/arm-none-eabi/8.3.1/../../../../arm-none-eabi/lib/thumb/v7e-m+fp/hard\libc_nano.a(lib_a-impure.o)
                0x20000070                . = ALIGN (0x8)
 *fill*         0x2000006c        0x4 
                0x20000070                _edata = .

.igot.plt       0x20000070        0x0 load address 0x08005d08
 .igot.plt      0x20000070        0x0 c:/program files (x86)/gnu tools arm embedded/8 2019-q3-update/bin/../lib/gcc/arm-none-eabi/8.3.1/thumb/v7e-m+fp/hard/crtbegin.o
                0x20000070                . = ALIGN (0x4)

.bss            0x20000070    0x24888 load address 0x08005d08
                0x20000070                _sbss = .
                0x20000070                __bss_start__ = _sbss
 *(.bss)
 .bss           0x20000070       0x1c c:/program files (x86)/gnu tools arm embedded/8 2019-q3-update/bin/../lib/gcc/arm-none-eabi/8.3.1/thumb/v7e-m+fp/hard/crtbegin.o
 *(.bss*)
 .bss.pxCurrentTCB
                0x2000008c        0x4 ../../applications/hello-world/build/tasks.o
                0x2000008c                pxCurrentTCB
 .bss.pxDelayedTaskList
                0x20000090        0x4 ../../applications/hello-world/build/tasks.o
 .bss.pxOverflowDelayedTaskList
                0x20000094        0x4 ../../applications/hello-world/build/tasks.o
 .bss.pxReadyTasksLists
                0x20000098       0x8c ../../applications/hello-world/build/tasks.o
 .bss.uxCurrentNumberOfTasks
                0x20000124        0x4 ../../applications/hello-world/build/tasks.o
 .bss.uxDeletedTasksWaitingCleanUp
                0x20000128        0x4 ../../applications/hello-world/build/tasks.o
 .bss.uxPendedTicks
                0x2000012c        0x4 ../../applications/hello-world/build/tasks.o
 .bss.uxSchedulerSuspended
                0x20000130        0x4 ../../applications/hello-world/build/tasks.o
 .bss.uxTaskNumber
                0x20000134        0x4 ../../applications/hello-world/build/tasks.o
 .bss.uxTopReadyPriority
                0x20000138        0x4 ../../applications/hello-world/build/tasks.o
 .bss.xDelayedTaskList1
                0x2000013c       0x14 ../../applications/hello-world/build/tasks.o
 .bss.xDelayedTaskList2
                0x20000150       0x14 ../../applications/hello-world/build/tasks.o
 .bss.xIdleTaskHandle
                0x20000164        0x4 ../../applications/hello-world/build/tasks.o
 .bss.xNextTaskUnblockTime
                0x20000168        0x4 ../../applications/hello-world/build/tasks.o
 .bss.xNumOfOverflows
                0x2000016c        0x4 ../../applications/hello-world/build/tasks.o
 .bss.xPendingReadyList
                0x20000170       0x14 ../../applications/hello-world/build/tasks.o
 .bss.xSchedulerRunning
                0x20000184        0x4 ../../applications/hello-world/build/tasks.o
 .bss.xSuspendedTaskList
                0x20000188       0x14 ../../applications/hello-world/build/tasks.o
 .bss.xTasksWaitingTermination
                0x2000019c       0x14 ../../applications/hello-world/build/tasks.o
 .bss.xTickCount
                0x200001b0        0x4 ../../applications/hello-world/build/tasks.o
 .bss.xYieldPending
                0x200001b4        0x4 ../../applications/hello-world/build/tasks.o
 .bss.pxCurrentTimerList
                0x200001b8        0x4 ../../applications/hello-world/build/timers.o
 .bss.pxOverflowTimerList
                0x200001bc        0x4 ../../applications/hello-world/build/timers.o
 .bss.xActiveTimerList1
                0x200001c0       0x14 ../../applications/hello-world/build/timers.o
 .bss.xActiveTimerList2
                0x200001d4       0x14 ../../applications/hello-world/build/timers.o
 .bss.xLastTime.6811
                0x200001e8        0x4 ../../applications/hello-world/build/timers.o
 .bss.xTimerQueue
                0x200001ec        0x4 ../../applications/hello-world/build/timers.o
 .bss.xTimerTaskHandle
                0x200001f0        0x4 ../../applications/hello-world/build/timers.o
 .bss.pxEnd     0x200001f4        0x4 ../../applications/hello-world/build/heap_4.o
 .bss.ucHeap    0x200001f8    0x24000 ../../applications/hello-world/build/heap_4.o
 .bss.xBlockAllocatedBit
                0x200241f8        0x4 ../../applications/hello-world/build/heap_4.o
 .bss.xFreeBytesRemaining
                0x200241fc        0x4 ../../applications/hello-world/build/heap_4.o
 .bss.xMinimumEverFreeBytesRemaining
                0x20024200        0x4 ../../applications/hello-world/build/heap_4.o
 .bss.xStart    0x20024204        0x8 ../../applications/hello-world/build/heap_4.o
 .bss.ucMaxSysCallPriority
                0x2002420c        0x1 ../../applications/hello-world/build/port.o
 *fill*         0x2002420d        0x3 
 .bss.ulMaxPRIGROUPValue
                0x20024210        0x4 ../../applications/hello-world/build/port.o
 .bss.__malloc_free_list
                0x20024214        0x4 c:/program files (x86)/gnu tools arm embedded/8 2019-q3-update/bin/../lib/gcc/arm-none-eabi/8.3.1/../../../../arm-none-eabi/lib/thumb/v7e-m+fp/hard\libc_nano.a(lib_a-nano-mallocr.o)
                0x20024214                __malloc_free_list
 .bss.__malloc_sbrk_start
                0x20024218        0x4 c:/program files (x86)/gnu tools arm embedded/8 2019-q3-update/bin/../lib/gcc/arm-none-eabi/8.3.1/../../../../arm-none-eabi/lib/thumb/v7e-m+fp/hard\libc_nano.a(lib_a-nano-mallocr.o)
                0x20024218                __malloc_sbrk_start
 .bss.heap_end.5501
                0x2002421c        0x4 c:/program files (x86)/gnu tools arm embedded/8 2019-q3-update/bin/../lib/gcc/arm-none-eabi/8.3.1/../../../../arm-none-eabi/lib/thumb/v7e-m+fp/hard\libnosys.a(sbrk.o)
 *(COMMON)
 COMMON         0x20024220      0x644 ../../applications/hello-world/build/hello-world.o
                0x20024220                P3_DIO6
                0x20024228                defaultTaskHandle
                0x2002422c                P2_DIO4
                0x20024234                P3_I2C
                0x20024280                P2_UART
                0x200242f8                P2_DIO5
                0x20024300                FLASH_SPI
                0x20024364                P2_DIO1
                0x2002436c                P3_UART
                0x200243e4                P3_DIO1
                0x200243ec                P1_UART
                0x20024464                P1_DIO4
                0x2002446c                hiwdg
                0x2002447c                P3_DIO2
                0x20024484                P1_I2C
                0x200244d0                P3_SPI
                0x20024534                P1_SPI
                0x20024598                USB_UART
                0x20024610                common_I2C
                0x2002465c                P2_DIO6
                0x20024664                P3_DIO3
                0x2002466c                BLE_UART
                0x200246e4                P1_DIO6
                0x200246ec                P2_DIO3
                0x200246f4                P1_DIO3
                0x200246fc                P2_header
                0x20024728                P3_header
                0x20024754                P1_header
                0x20024780                P2_DIO2
                0x20024788                P3_DIO5
                0x20024790                P1_DIO1
                0x20024798                P1_DIO5
                0x200247a0                P2_SPI
                0x20024804                iwdgTimId
                0x20024808                P2_I2C
                0x20024854                P1_DIO2
                0x2002485c                P3_DIO4
 COMMON         0x20024864        0x4 ../../applications/hello-world/build/stm32l4xx_hal.o
                0x20024864                uwTick
 COMMON         0x20024868       0x40 ../../applications/hello-world/build/queue.o
                0x20024868                xQueueRegistry
 COMMON         0x200248a8       0x40 ../../applications/hello-world/build/stm32l4xx_hal_timebase_tim.o
                0x200248a8                htim1
 COMMON         0x200248e8        0x9 c:/program files (x86)/gnu tools arm embedded/8 2019-q3-update/bin/../lib/gcc/arm-none-eabi/8.3.1/../../../../arm-none-eabi/lib/thumb/v7e-m+fp/hard\libc_nano.a(lib_a-lock.o)
                0x200248e8                __lock___atexit_recursive_mutex
                0x200248e9                __lock___arc4random_mutex
                0x200248ea                __lock___env_recursive_mutex
                0x200248eb                __lock___sinit_recursive_mutex
                0x200248ec                __lock___malloc_recursive_mutex
                0x200248ed                __lock___at_quick_exit_mutex
                0x200248ee                __lock___dd_hash_mutex
                0x200248ef                __lock___tz_mutex
                0x200248f0                __lock___sfp_recursive_mutex
 *fill*         0x200248f1        0x3 
 COMMON         0x200248f4        0x4 c:/program files (x86)/gnu tools arm embedded/8 2019-q3-update/bin/../lib/gcc/arm-none-eabi/8.3.1/../../../../arm-none-eabi/lib/thumb/v7e-m+fp/hard\libc_nano.a(lib_a-reent.o)
                0x200248f4                errno
                0x200248f8                . = ALIGN (0x4)
                0x200248f8                _ebss = .
                0x200248f8                __bss_end__ = _ebss

._user_heap_stack
                0x200248f8      0x600 load address 0x08005d08
                0x200248f8                . = ALIGN (0x8)
                0x200248f8                PROVIDE (end = .)
                [!provide]                PROVIDE (_end = .)
                0x20024af8                . = (. + _Min_Heap_Size)
 *fill*         0x200248f8      0x200 
                0x20024ef8                . = (. + _Min_Stack_Size)
 *fill*         0x20024af8      0x400 
                0x20024ef8                . = ALIGN (0x8)

/DISCARD/
 libc.a(*)
 libm.a(*)
 libgcc.a(*)

.ARM.attributes
                0x00000000       0x30
 *(.ARM.attributes)
 .ARM.attributes
                0x00000000       0x1e c:/program files (x86)/gnu tools arm embedded/8 2019-q3-update/bin/../lib/gcc/arm-none-eabi/8.3.1/thumb/v7e-m+fp/hard/crti.o
 .ARM.attributes
                0x0000001e       0x34 c:/program files (x86)/gnu tools arm embedded/8 2019-q3-update/bin/../lib/gcc/arm-none-eabi/8.3.1/thumb/v7e-m+fp/hard/crtbegin.o
 .ARM.attributes
                0x00000052       0x34 ../../applications/hello-world/build/hello-world.o
 .ARM.attributes
                0x00000086       0x34 ../../applications/hello-world/build/platform.o
 .ARM.attributes
                0x000000ba       0x34 ../../applications/hello-world/build/stm32l4xx_hal_i2c.o
 .ARM.attributes
                0x000000ee       0x34 ../../applications/hello-world/build/stm32l4xx_hal_i2c_ex.o
 .ARM.attributes
                0x00000122       0x34 ../../applications/hello-world/build/stm32l4xx_hal_spi.o
 .ARM.attributes
                0x00000156       0x34 ../../applications/hello-world/build/stm32l4xx_hal_iwdg.o
 .ARM.attributes
                0x0000018a       0x34 ../../applications/hello-world/build/stm32l4xx_hal_uart.o
 .ARM.attributes
                0x000001be       0x34 ../../applications/hello-world/build/stm32l4xx_hal_uart_ex.o
 .ARM.attributes
                0x000001f2       0x34 ../../applications/hello-world/build/stm32l4xx_hal_tim.o
 .ARM.attributes
                0x00000226       0x34 ../../applications/hello-world/build/stm32l4xx_hal_tim_ex.o
 .ARM.attributes
                0x0000025a       0x34 ../../applications/hello-world/build/stm32l4xx_hal.o
 .ARM.attributes
                0x0000028e       0x34 ../../applications/hello-world/build/stm32l4xx_hal_rcc.o
 .ARM.attributes
                0x000002c2       0x34 ../../applications/hello-world/build/stm32l4xx_hal_rcc_ex.o
 .ARM.attributes
                0x000002f6       0x34 ../../applications/hello-world/build/stm32l4xx_hal_gpio.o
 .ARM.attributes
                0x0000032a       0x34 ../../applications/hello-world/build/stm32l4xx_hal_dma.o
 .ARM.attributes
                0x0000035e       0x34 ../../applications/hello-world/build/stm32l4xx_hal_pwr_ex.o
 .ARM.attributes
                0x00000392       0x34 ../../applications/hello-world/build/stm32l4xx_hal_cortex.o
 .ARM.attributes
                0x000003c6       0x34 ../../applications/hello-world/build/list.o
 .ARM.attributes
                0x000003fa       0x34 ../../applications/hello-world/build/queue.o
 .ARM.attributes
                0x0000042e       0x34 ../../applications/hello-world/build/tasks.o
 .ARM.attributes
                0x00000462       0x34 ../../applications/hello-world/build/timers.o
 .ARM.attributes
                0x00000496       0x34 ../../applications/hello-world/build/cmsis_os.o
 .ARM.attributes
                0x000004ca       0x34 ../../applications/hello-world/build/heap_4.o
 .ARM.attributes
                0x000004fe       0x34 ../../applications/hello-world/build/port.o
 .ARM.attributes
                0x00000532       0x34 ../../applications/hello-world/build/gpio.o
 .ARM.attributes
                0x00000566       0x34 ../../applications/hello-world/build/i2c.o
 .ARM.attributes
                0x0000059a       0x34 ../../applications/hello-world/build/iwdg.o
 .ARM.attributes
                0x000005ce       0x34 ../../applications/hello-world/build/octa.o
 .ARM.attributes
                0x00000602       0x34 ../../applications/hello-world/build/spi.o
 .ARM.attributes
                0x00000636       0x34 ../../applications/hello-world/build/stm32l4xx_hal_msp.o
 .ARM.attributes
                0x0000066a       0x34 ../../applications/hello-world/build/stm32l4xx_hal_timebase_tim.o
 .ARM.attributes
                0x0000069e       0x34 ../../applications/hello-world/build/stm32l4xx_it.o
 .ARM.attributes
                0x000006d2       0x34 ../../applications/hello-world/build/sysclock.o
 .ARM.attributes
                0x00000706       0x34 ../../applications/hello-world/build/system_stm32l4xx.o
 .ARM.attributes
                0x0000073a       0x34 ../../applications/hello-world/build/uart.o
 .ARM.attributes
                0x0000076e       0x21 ../../applications/hello-world/build/startup_stm32l496xx.o
 .ARM.attributes
                0x0000078f       0x32 c:/program files (x86)/gnu tools arm embedded/8 2019-q3-update/bin/../lib/gcc/arm-none-eabi/8.3.1/../../../../arm-none-eabi/lib/thumb/v7e-m+fp/hard\libc_nano.a(lib_a-impure.o)
 .ARM.attributes
                0x000007c1       0x34 c:/program files (x86)/gnu tools arm embedded/8 2019-q3-update/bin/../lib/gcc/arm-none-eabi/8.3.1/../../../../arm-none-eabi/lib/thumb/v7e-m+fp/hard\libc_nano.a(lib_a-init.o)
 .ARM.attributes
                0x000007f5       0x34 c:/program files (x86)/gnu tools arm embedded/8 2019-q3-update/bin/../lib/gcc/arm-none-eabi/8.3.1/../../../../arm-none-eabi/lib/thumb/v7e-m+fp/hard\libc_nano.a(lib_a-memcpy-stub.o)
 .ARM.attributes
                0x00000829       0x34 c:/program files (x86)/gnu tools arm embedded/8 2019-q3-update/bin/../lib/gcc/arm-none-eabi/8.3.1/../../../../arm-none-eabi/lib/thumb/v7e-m+fp/hard\libc_nano.a(lib_a-memset.o)
 .ARM.attributes
                0x0000085d       0x34 c:/program files (x86)/gnu tools arm embedded/8 2019-q3-update/bin/../lib/gcc/arm-none-eabi/8.3.1/../../../../arm-none-eabi/lib/thumb/v7e-m+fp/hard\libc_nano.a(lib_a-puts.o)
 .ARM.attributes
                0x00000891       0x34 c:/program files (x86)/gnu tools arm embedded/8 2019-q3-update/bin/../lib/gcc/arm-none-eabi/8.3.1/../../../../arm-none-eabi/lib/thumb/v7e-m+fp/hard\libc_nano.a(lib_a-wbuf.o)
 .ARM.attributes
                0x000008c5       0x34 c:/program files (x86)/gnu tools arm embedded/8 2019-q3-update/bin/../lib/gcc/arm-none-eabi/8.3.1/../../../../arm-none-eabi/lib/thumb/v7e-m+fp/hard\libc_nano.a(lib_a-wsetup.o)
 .ARM.attributes
                0x000008f9       0x34 c:/program files (x86)/gnu tools arm embedded/8 2019-q3-update/bin/../lib/gcc/arm-none-eabi/8.3.1/../../../../arm-none-eabi/lib/thumb/v7e-m+fp/hard\libc_nano.a(lib_a-fflush.o)
 .ARM.attributes
                0x0000092d       0x34 c:/program files (x86)/gnu tools arm embedded/8 2019-q3-update/bin/../lib/gcc/arm-none-eabi/8.3.1/../../../../arm-none-eabi/lib/thumb/v7e-m+fp/hard\libc_nano.a(lib_a-findfp.o)
 .ARM.attributes
                0x00000961       0x34 c:/program files (x86)/gnu tools arm embedded/8 2019-q3-update/bin/../lib/gcc/arm-none-eabi/8.3.1/../../../../arm-none-eabi/lib/thumb/v7e-m+fp/hard\libc_nano.a(lib_a-fwalk.o)
 .ARM.attributes
                0x00000995       0x34 c:/program files (x86)/gnu tools arm embedded/8 2019-q3-update/bin/../lib/gcc/arm-none-eabi/8.3.1/../../../../arm-none-eabi/lib/thumb/v7e-m+fp/hard\libc_nano.a(lib_a-lock.o)
 .ARM.attributes
                0x000009c9       0x34 c:/program files (x86)/gnu tools arm embedded/8 2019-q3-update/bin/../lib/gcc/arm-none-eabi/8.3.1/../../../../arm-none-eabi/lib/thumb/v7e-m+fp/hard\libc_nano.a(lib_a-makebuf.o)
 .ARM.attributes
                0x000009fd       0x34 c:/program files (x86)/gnu tools arm embedded/8 2019-q3-update/bin/../lib/gcc/arm-none-eabi/8.3.1/../../../../arm-none-eabi/lib/thumb/v7e-m+fp/hard\libc_nano.a(lib_a-nano-freer.o)
 .ARM.attributes
                0x00000a31       0x34 c:/program files (x86)/gnu tools arm embedded/8 2019-q3-update/bin/../lib/gcc/arm-none-eabi/8.3.1/../../../../arm-none-eabi/lib/thumb/v7e-m+fp/hard\libc_nano.a(lib_a-nano-mallocr.o)
 .ARM.attributes
                0x00000a65       0x34 c:/program files (x86)/gnu tools arm embedded/8 2019-q3-update/bin/../lib/gcc/arm-none-eabi/8.3.1/../../../../arm-none-eabi/lib/thumb/v7e-m+fp/hard\libc_nano.a(lib_a-sbrkr.o)
 .ARM.attributes
                0x00000a99       0x34 c:/program files (x86)/gnu tools arm embedded/8 2019-q3-update/bin/../lib/gcc/arm-none-eabi/8.3.1/../../../../arm-none-eabi/lib/thumb/v7e-m+fp/hard\libc_nano.a(lib_a-stdio.o)
 .ARM.attributes
                0x00000acd       0x34 c:/program files (x86)/gnu tools arm embedded/8 2019-q3-update/bin/../lib/gcc/arm-none-eabi/8.3.1/../../../../arm-none-eabi/lib/thumb/v7e-m+fp/hard\libc_nano.a(lib_a-writer.o)
 .ARM.attributes
                0x00000b01       0x34 c:/program files (x86)/gnu tools arm embedded/8 2019-q3-update/bin/../lib/gcc/arm-none-eabi/8.3.1/../../../../arm-none-eabi/lib/thumb/v7e-m+fp/hard\libc_nano.a(lib_a-closer.o)
 .ARM.attributes
                0x00000b35       0x34 c:/program files (x86)/gnu tools arm embedded/8 2019-q3-update/bin/../lib/gcc/arm-none-eabi/8.3.1/../../../../arm-none-eabi/lib/thumb/v7e-m+fp/hard\libc_nano.a(lib_a-fstatr.o)
 .ARM.attributes
                0x00000b69       0x34 c:/program files (x86)/gnu tools arm embedded/8 2019-q3-update/bin/../lib/gcc/arm-none-eabi/8.3.1/../../../../arm-none-eabi/lib/thumb/v7e-m+fp/hard\libc_nano.a(lib_a-isattyr.o)
 .ARM.attributes
                0x00000b9d       0x34 c:/program files (x86)/gnu tools arm embedded/8 2019-q3-update/bin/../lib/gcc/arm-none-eabi/8.3.1/../../../../arm-none-eabi/lib/thumb/v7e-m+fp/hard\libc_nano.a(lib_a-lseekr.o)
 .ARM.attributes
                0x00000bd1       0x34 c:/program files (x86)/gnu tools arm embedded/8 2019-q3-update/bin/../lib/gcc/arm-none-eabi/8.3.1/../../../../arm-none-eabi/lib/thumb/v7e-m+fp/hard\libc_nano.a(lib_a-mlock.o)
 .ARM.attributes
                0x00000c05       0x34 c:/program files (x86)/gnu tools arm embedded/8 2019-q3-update/bin/../lib/gcc/arm-none-eabi/8.3.1/../../../../arm-none-eabi/lib/thumb/v7e-m+fp/hard\libc_nano.a(lib_a-readr.o)
 .ARM.attributes
                0x00000c39       0x34 c:/program files (x86)/gnu tools arm embedded/8 2019-q3-update/bin/../lib/gcc/arm-none-eabi/8.3.1/../../../../arm-none-eabi/lib/thumb/v7e-m+fp/hard\libc_nano.a(lib_a-reent.o)
 .ARM.attributes
                0x00000c6d       0x34 c:/program files (x86)/gnu tools arm embedded/8 2019-q3-update/bin/../lib/gcc/arm-none-eabi/8.3.1/../../../../arm-none-eabi/lib/thumb/v7e-m+fp/hard\libnosys.a(close.o)
 .ARM.attributes
                0x00000ca1       0x34 c:/program files (x86)/gnu tools arm embedded/8 2019-q3-update/bin/../lib/gcc/arm-none-eabi/8.3.1/../../../../arm-none-eabi/lib/thumb/v7e-m+fp/hard\libnosys.a(fstat.o)
 .ARM.attributes
                0x00000cd5       0x34 c:/program files (x86)/gnu tools arm embedded/8 2019-q3-update/bin/../lib/gcc/arm-none-eabi/8.3.1/../../../../arm-none-eabi/lib/thumb/v7e-m+fp/hard\libnosys.a(isatty.o)
 .ARM.attributes
                0x00000d09       0x34 c:/program files (x86)/gnu tools arm embedded/8 2019-q3-update/bin/../lib/gcc/arm-none-eabi/8.3.1/../../../../arm-none-eabi/lib/thumb/v7e-m+fp/hard\libnosys.a(lseek.o)
 .ARM.attributes
                0x00000d3d       0x34 c:/program files (x86)/gnu tools arm embedded/8 2019-q3-update/bin/../lib/gcc/arm-none-eabi/8.3.1/../../../../arm-none-eabi/lib/thumb/v7e-m+fp/hard\libnosys.a(read.o)
 .ARM.attributes
                0x00000d71       0x34 c:/program files (x86)/gnu tools arm embedded/8 2019-q3-update/bin/../lib/gcc/arm-none-eabi/8.3.1/../../../../arm-none-eabi/lib/thumb/v7e-m+fp/hard\libnosys.a(sbrk.o)
 .ARM.attributes
                0x00000da5       0x1e c:/program files (x86)/gnu tools arm embedded/8 2019-q3-update/bin/../lib/gcc/arm-none-eabi/8.3.1/thumb/v7e-m+fp/hard\libgcc.a(_aeabi_uldivmod.o)
 .ARM.attributes
                0x00000dc3       0x34 c:/program files (x86)/gnu tools arm embedded/8 2019-q3-update/bin/../lib/gcc/arm-none-eabi/8.3.1/thumb/v7e-m+fp/hard\libgcc.a(_udivmoddi4.o)
 .ARM.attributes
                0x00000df7       0x1e c:/program files (x86)/gnu tools arm embedded/8 2019-q3-update/bin/../lib/gcc/arm-none-eabi/8.3.1/thumb/v7e-m+fp/hard\libgcc.a(_dvmd_tls.o)
 .ARM.attributes
                0x00000e15       0x1e c:/program files (x86)/gnu tools arm embedded/8 2019-q3-update/bin/../lib/gcc/arm-none-eabi/8.3.1/thumb/v7e-m+fp/hard/crtn.o
OUTPUT(../../applications/hello-world/build/hello-world.elf elf32-littlearm)

.debug_info     0x00000000    0x2e0eb
 .debug_info    0x00000000     0x1b8d ../../applications/hello-world/build/hello-world.o
 .debug_info    0x00001b8d     0x1383 ../../applications/hello-world/build/platform.o
 .debug_info    0x00002f10     0x409a ../../applications/hello-world/build/stm32l4xx_hal_i2c.o
 .debug_info    0x00006faa      0xc30 ../../applications/hello-world/build/stm32l4xx_hal_i2c_ex.o
 .debug_info    0x00007bda     0x229f ../../applications/hello-world/build/stm32l4xx_hal_spi.o
 .debug_info    0x00009e79      0x31f ../../applications/hello-world/build/stm32l4xx_hal_iwdg.o
 .debug_info    0x0000a198     0x20f8 ../../applications/hello-world/build/stm32l4xx_hal_uart.o
 .debug_info    0x0000c290      0xbe6 ../../applications/hello-world/build/stm32l4xx_hal_uart_ex.o
 .debug_info    0x0000ce76     0x3806 ../../applications/hello-world/build/stm32l4xx_hal_tim.o
 .debug_info    0x0001067c     0x190b ../../applications/hello-world/build/stm32l4xx_hal_tim_ex.o
 .debug_info    0x00011f87      0xd05 ../../applications/hello-world/build/stm32l4xx_hal.o
 .debug_info    0x00012c8c     0x10e1 ../../applications/hello-world/build/stm32l4xx_hal_rcc.o
 .debug_info    0x00013d6d     0x17fe ../../applications/hello-world/build/stm32l4xx_hal_rcc_ex.o
 .debug_info    0x0001556b      0x9fd ../../applications/hello-world/build/stm32l4xx_hal_gpio.o
 .debug_info    0x00015f68      0x9be ../../applications/hello-world/build/stm32l4xx_hal_dma.o
 .debug_info    0x00016926      0xd55 ../../applications/hello-world/build/stm32l4xx_hal_pwr_ex.o
 .debug_info    0x0001767b     0x125e ../../applications/hello-world/build/stm32l4xx_hal_cortex.o
 .debug_info    0x000188d9      0xc9e ../../applications/hello-world/build/list.o
 .debug_info    0x00019577     0x2b2e ../../applications/hello-world/build/queue.o
 .debug_info    0x0001c0a5     0x320e ../../applications/hello-world/build/tasks.o
 .debug_info    0x0001f2b3     0x1c62 ../../applications/hello-world/build/timers.o
 .debug_info    0x00020f15     0x2a28 ../../applications/hello-world/build/cmsis_os.o
 .debug_info    0x0002393d      0xe83 ../../applications/hello-world/build/heap_4.o
 .debug_info    0x000247c0      0x640 ../../applications/hello-world/build/port.o
 .debug_info    0x00024e00      0xa85 ../../applications/hello-world/build/gpio.o
 .debug_info    0x00025885      0xb71 ../../applications/hello-world/build/i2c.o
 .debug_info    0x000263f6      0x32a ../../applications/hello-world/build/iwdg.o
 .debug_info    0x00026720     0x16a9 ../../applications/hello-world/build/octa.o
 .debug_info    0x00027dc9      0x8d1 ../../applications/hello-world/build/spi.o
 .debug_info    0x0002869a     0x1d3a ../../applications/hello-world/build/stm32l4xx_hal_msp.o
 .debug_info    0x0002a3d4      0xe62 ../../applications/hello-world/build/stm32l4xx_hal_timebase_tim.o
 .debug_info    0x0002b236     0x10ab ../../applications/hello-world/build/stm32l4xx_it.o
 .debug_info    0x0002c2e1      0x780 ../../applications/hello-world/build/sysclock.o
 .debug_info    0x0002ca61      0x6f0 ../../applications/hello-world/build/system_stm32l4xx.o
 .debug_info    0x0002d151      0xf78 ../../applications/hello-world/build/uart.o
 .debug_info    0x0002e0c9       0x22 ../../applications/hello-world/build/startup_stm32l496xx.o

.debug_abbrev   0x00000000     0x5882
 .debug_abbrev  0x00000000      0x2b8 ../../applications/hello-world/build/hello-world.o
 .debug_abbrev  0x000002b8      0x198 ../../applications/hello-world/build/platform.o
 .debug_abbrev  0x00000450      0x2e8 ../../applications/hello-world/build/stm32l4xx_hal_i2c.o
 .debug_abbrev  0x00000738      0x214 ../../applications/hello-world/build/stm32l4xx_hal_i2c_ex.o
 .debug_abbrev  0x0000094c      0x2a4 ../../applications/hello-world/build/stm32l4xx_hal_spi.o
 .debug_abbrev  0x00000bf0      0x189 ../../applications/hello-world/build/stm32l4xx_hal_iwdg.o
 .debug_abbrev  0x00000d79      0x2ac ../../applications/hello-world/build/stm32l4xx_hal_uart.o
 .debug_abbrev  0x00001025      0x26b ../../applications/hello-world/build/stm32l4xx_hal_uart_ex.o
 .debug_abbrev  0x00001290      0x2a4 ../../applications/hello-world/build/stm32l4xx_hal_tim.o
 .debug_abbrev  0x00001534      0x2bc ../../applications/hello-world/build/stm32l4xx_hal_tim_ex.o
 .debug_abbrev  0x000017f0      0x238 ../../applications/hello-world/build/stm32l4xx_hal.o
 .debug_abbrev  0x00001a28      0x29b ../../applications/hello-world/build/stm32l4xx_hal_rcc.o
 .debug_abbrev  0x00001cc3      0x2c3 ../../applications/hello-world/build/stm32l4xx_hal_rcc_ex.o
 .debug_abbrev  0x00001f86      0x24f ../../applications/hello-world/build/stm32l4xx_hal_gpio.o
 .debug_abbrev  0x000021d5      0x27a ../../applications/hello-world/build/stm32l4xx_hal_dma.o
 .debug_abbrev  0x0000244f      0x257 ../../applications/hello-world/build/stm32l4xx_hal_pwr_ex.o
 .debug_abbrev  0x000026a6      0x381 ../../applications/hello-world/build/stm32l4xx_hal_cortex.o
 .debug_abbrev  0x00002a27      0x245 ../../applications/hello-world/build/list.o
 .debug_abbrev  0x00002c6c      0x467 ../../applications/hello-world/build/queue.o
 .debug_abbrev  0x000030d3      0x442 ../../applications/hello-world/build/tasks.o
 .debug_abbrev  0x00003515      0x395 ../../applications/hello-world/build/timers.o
 .debug_abbrev  0x000038aa      0x455 ../../applications/hello-world/build/cmsis_os.o
 .debug_abbrev  0x00003cff      0x376 ../../applications/hello-world/build/heap_4.o
 .debug_abbrev  0x00004075      0x293 ../../applications/hello-world/build/port.o
 .debug_abbrev  0x00004308      0x1b6 ../../applications/hello-world/build/gpio.o
 .debug_abbrev  0x000044be      0x1e4 ../../applications/hello-world/build/i2c.o
 .debug_abbrev  0x000046a2      0x1c2 ../../applications/hello-world/build/iwdg.o
 .debug_abbrev  0x00004864      0x279 ../../applications/hello-world/build/octa.o
 .debug_abbrev  0x00004add      0x1dd ../../applications/hello-world/build/spi.o
 .debug_abbrev  0x00004cba      0x223 ../../applications/hello-world/build/stm32l4xx_hal_msp.o
 .debug_abbrev  0x00004edd      0x22d ../../applications/hello-world/build/stm32l4xx_hal_timebase_tim.o
 .debug_abbrev  0x0000510a      0x1fe ../../applications/hello-world/build/stm32l4xx_it.o
 .debug_abbrev  0x00005308      0x1a9 ../../applications/hello-world/build/sysclock.o
 .debug_abbrev  0x000054b1      0x153 ../../applications/hello-world/build/system_stm32l4xx.o
 .debug_abbrev  0x00005604      0x26c ../../applications/hello-world/build/uart.o
 .debug_abbrev  0x00005870       0x12 ../../applications/hello-world/build/startup_stm32l496xx.o

.debug_loc      0x00000000    0x1df38
 .debug_loc     0x00000000       0xf3 ../../applications/hello-world/build/hello-world.o
 .debug_loc     0x000000f3       0x20 ../../applications/hello-world/build/platform.o
 .debug_loc     0x00000113     0x5989 ../../applications/hello-world/build/stm32l4xx_hal_i2c.o
 .debug_loc     0x00005a9c      0x28b ../../applications/hello-world/build/stm32l4xx_hal_i2c_ex.o
 .debug_loc     0x00005d27     0x2670 ../../applications/hello-world/build/stm32l4xx_hal_spi.o
 .debug_loc     0x00008397       0xb2 ../../applications/hello-world/build/stm32l4xx_hal_iwdg.o
 .debug_loc     0x00008449     0x211b ../../applications/hello-world/build/stm32l4xx_hal_uart.o
 .debug_loc     0x0000a564      0x48c ../../applications/hello-world/build/stm32l4xx_hal_uart_ex.o
 .debug_loc     0x0000a9f0     0x4c3f ../../applications/hello-world/build/stm32l4xx_hal_tim.o
 .debug_loc     0x0000f62f     0x1e7a ../../applications/hello-world/build/stm32l4xx_hal_tim_ex.o
 .debug_loc     0x000114a9      0x21e ../../applications/hello-world/build/stm32l4xx_hal.o
 .debug_loc     0x000116c7      0x9b7 ../../applications/hello-world/build/stm32l4xx_hal_rcc.o
 .debug_loc     0x0001207e     0x2412 ../../applications/hello-world/build/stm32l4xx_hal_rcc_ex.o
 .debug_loc     0x00014490      0x47d ../../applications/hello-world/build/stm32l4xx_hal_gpio.o
 .debug_loc     0x0001490d      0x9d2 ../../applications/hello-world/build/stm32l4xx_hal_dma.o
 .debug_loc     0x000152df      0xbf1 ../../applications/hello-world/build/stm32l4xx_hal_pwr_ex.o
 .debug_loc     0x00015ed0      0x790 ../../applications/hello-world/build/stm32l4xx_hal_cortex.o
 .debug_loc     0x00016660       0xbf ../../applications/hello-world/build/list.o
 .debug_loc     0x0001671f     0x1921 ../../applications/hello-world/build/queue.o
 .debug_loc     0x00018040     0x213e ../../applications/hello-world/build/tasks.o
 .debug_loc     0x0001a17e      0xe93 ../../applications/hello-world/build/timers.o
 .debug_loc     0x0001b011     0x1add ../../applications/hello-world/build/cmsis_os.o
 .debug_loc     0x0001caee      0x3a8 ../../applications/hello-world/build/heap_4.o
 .debug_loc     0x0001ce96      0x1c0 ../../applications/hello-world/build/port.o
 .debug_loc     0x0001d056       0x39 ../../applications/hello-world/build/gpio.o
 .debug_loc     0x0001d08f       0x80 ../../applications/hello-world/build/i2c.o
 .debug_loc     0x0001d10f       0x20 ../../applications/hello-world/build/iwdg.o
 .debug_loc     0x0001d12f      0x21e ../../applications/hello-world/build/octa.o
 .debug_loc     0x0001d34d       0x80 ../../applications/hello-world/build/spi.o
 .debug_loc     0x0001d3cd      0x466 ../../applications/hello-world/build/stm32l4xx_hal_msp.o
 .debug_loc     0x0001d833       0xcd ../../applications/hello-world/build/stm32l4xx_hal_timebase_tim.o
 .debug_loc     0x0001d900       0xe0 ../../applications/hello-world/build/stm32l4xx_it.o
 .debug_loc     0x0001d9e0       0x46 ../../applications/hello-world/build/sysclock.o
 .debug_loc     0x0001da26      0x1fc ../../applications/hello-world/build/system_stm32l4xx.o
 .debug_loc     0x0001dc22      0x316 ../../applications/hello-world/build/uart.o

.debug_aranges  0x00000000     0x1b00
 .debug_aranges
                0x00000000       0x48 ../../applications/hello-world/build/hello-world.o
 .debug_aranges
                0x00000048       0x20 ../../applications/hello-world/build/platform.o
 .debug_aranges
                0x00000068      0x288 ../../applications/hello-world/build/stm32l4xx_hal_i2c.o
 .debug_aranges
                0x000002f0       0x48 ../../applications/hello-world/build/stm32l4xx_hal_i2c_ex.o
 .debug_aranges
                0x00000338      0x1d8 ../../applications/hello-world/build/stm32l4xx_hal_spi.o
 .debug_aranges
                0x00000510       0x28 ../../applications/hello-world/build/stm32l4xx_hal_iwdg.o
 .debug_aranges
                0x00000538      0x1f8 ../../applications/hello-world/build/stm32l4xx_hal_uart.o
 .debug_aranges
                0x00000730       0x60 ../../applications/hello-world/build/stm32l4xx_hal_uart_ex.o
 .debug_aranges
                0x00000790      0x378 ../../applications/hello-world/build/stm32l4xx_hal_tim.o
 .debug_aranges
                0x00000b08      0x158 ../../applications/hello-world/build/stm32l4xx_hal_tim_ex.o
 .debug_aranges
                0x00000c60      0x118 ../../applications/hello-world/build/stm32l4xx_hal.o
 .debug_aranges
                0x00000d78       0x88 ../../applications/hello-world/build/stm32l4xx_hal_rcc.o
 .debug_aranges