Archive member included to satisfy reference by file (symbol)

c:/program files (x86)/gnu tools arm embedded/8 2019-q3-update/bin/../lib/gcc/arm-none-eabi/8.3.1/../../../../arm-none-eabi/lib/thumb/v7e-m+fp/hard\libc_nano.a(lib_a-exit.o)
                              c:/program files (x86)/gnu tools arm embedded/8 2019-q3-update/bin/../lib/gcc/arm-none-eabi/8.3.1/../../../../arm-none-eabi/lib/thumb/v7e-m+fp/hard/crt0.o (exit)
c:/program files (x86)/gnu tools arm embedded/8 2019-q3-update/bin/../lib/gcc/arm-none-eabi/8.3.1/../../../../arm-none-eabi/lib/thumb/v7e-m+fp/hard\libc_nano.a(lib_a-impure.o)
                              c:/program files (x86)/gnu tools arm embedded/8 2019-q3-update/bin/../lib/gcc/arm-none-eabi/8.3.1/../../../../arm-none-eabi/lib/thumb/v7e-m+fp/hard\libc_nano.a(lib_a-exit.o) (_global_impure_ptr)
c:/program files (x86)/gnu tools arm embedded/8 2019-q3-update/bin/../lib/gcc/arm-none-eabi/8.3.1/../../../../arm-none-eabi/lib/thumb/v7e-m+fp/hard\libc_nano.a(lib_a-init.o)
                              c:/program files (x86)/gnu tools arm embedded/8 2019-q3-update/bin/../lib/gcc/arm-none-eabi/8.3.1/../../../../arm-none-eabi/lib/thumb/v7e-m+fp/hard/crt0.o (__libc_init_array)
c:/program files (x86)/gnu tools arm embedded/8 2019-q3-update/bin/../lib/gcc/arm-none-eabi/8.3.1/../../../../arm-none-eabi/lib/thumb/v7e-m+fp/hard\libc_nano.a(lib_a-memcpy-stub.o)
                              ../../applications/gps-firefly-example/build/fireflyx1.o (memcpy)
c:/program files (x86)/gnu tools arm embedded/8 2019-q3-update/bin/../lib/gcc/arm-none-eabi/8.3.1/../../../../arm-none-eabi/lib/thumb/v7e-m+fp/hard\libc_nano.a(lib_a-memset.o)
                              c:/program files (x86)/gnu tools arm embedded/8 2019-q3-update/bin/../lib/gcc/arm-none-eabi/8.3.1/../../../../arm-none-eabi/lib/thumb/v7e-m+fp/hard/crt0.o (memset)
c:/program files (x86)/gnu tools arm embedded/8 2019-q3-update/bin/../lib/gcc/arm-none-eabi/8.3.1/../../../../arm-none-eabi/lib/thumb/v7e-m+fp/hard\libc_nano.a(lib_a-nano-vfprintf_float.o)
                              (_printf_float)
c:/program files (x86)/gnu tools arm embedded/8 2019-q3-update/bin/../lib/gcc/arm-none-eabi/8.3.1/../../../../arm-none-eabi/lib/thumb/v7e-m+fp/hard\libc_nano.a(lib_a-nano-vfprintf_i.o)
                              c:/program files (x86)/gnu tools arm embedded/8 2019-q3-update/bin/../lib/gcc/arm-none-eabi/8.3.1/../../../../arm-none-eabi/lib/thumb/v7e-m+fp/hard\libc_nano.a(lib_a-nano-vfprintf_float.o) (_printf_common)
c:/program files (x86)/gnu tools arm embedded/8 2019-q3-update/bin/../lib/gcc/arm-none-eabi/8.3.1/../../../../arm-none-eabi/lib/thumb/v7e-m+fp/hard\libc_nano.a(lib_a-printf.o)
                              ../../applications/gps-firefly-example/build/gps-firefly-example.o (printf)
c:/program files (x86)/gnu tools arm embedded/8 2019-q3-update/bin/../lib/gcc/arm-none-eabi/8.3.1/../../../../arm-none-eabi/lib/thumb/v7e-m+fp/hard\libc_nano.a(lib_a-puts.o)
                              ../../applications/gps-firefly-example/build/gps-firefly-example.o (puts)
c:/program files (x86)/gnu tools arm embedded/8 2019-q3-update/bin/../lib/gcc/arm-none-eabi/8.3.1/../../../../arm-none-eabi/lib/thumb/v7e-m+fp/hard\libc_nano.a(lib_a-strlen.o)
                              ../../applications/gps-firefly-example/build/fireflyx1.o (strlen)
c:/program files (x86)/gnu tools arm embedded/8 2019-q3-update/bin/../lib/gcc/arm-none-eabi/8.3.1/../../../../arm-none-eabi/lib/thumb/v7e-m+fp/hard\libc_nano.a(lib_a-wbuf.o)
                              c:/program files (x86)/gnu tools arm embedded/8 2019-q3-update/bin/../lib/gcc/arm-none-eabi/8.3.1/../../../../arm-none-eabi/lib/thumb/v7e-m+fp/hard\libc_nano.a(lib_a-puts.o) (__swbuf_r)
c:/program files (x86)/gnu tools arm embedded/8 2019-q3-update/bin/../lib/gcc/arm-none-eabi/8.3.1/../../../../arm-none-eabi/lib/thumb/v7e-m+fp/hard\libc_nano.a(lib_a-wsetup.o)
                              c:/program files (x86)/gnu tools arm embedded/8 2019-q3-update/bin/../lib/gcc/arm-none-eabi/8.3.1/../../../../arm-none-eabi/lib/thumb/v7e-m+fp/hard\libc_nano.a(lib_a-puts.o) (__swsetup_r)
c:/program files (x86)/gnu tools arm embedded/8 2019-q3-update/bin/../lib/gcc/arm-none-eabi/8.3.1/../../../../arm-none-eabi/lib/thumb/v7e-m+fp/hard\libc_nano.a(lib_a-dtoa.o)
                              c:/program files (x86)/gnu tools arm embedded/8 2019-q3-update/bin/../lib/gcc/arm-none-eabi/8.3.1/../../../../arm-none-eabi/lib/thumb/v7e-m+fp/hard\libc_nano.a(lib_a-nano-vfprintf_float.o) (_dtoa_r)
c:/program files (x86)/gnu tools arm embedded/8 2019-q3-update/bin/../lib/gcc/arm-none-eabi/8.3.1/../../../../arm-none-eabi/lib/thumb/v7e-m+fp/hard\libc_nano.a(lib_a-fflush.o)
                              c:/program files (x86)/gnu tools arm embedded/8 2019-q3-update/bin/../lib/gcc/arm-none-eabi/8.3.1/../../../../arm-none-eabi/lib/thumb/v7e-m+fp/hard\libc_nano.a(lib_a-wbuf.o) (_fflush_r)
[...]
Memory Configuration

Name             Origin             Length             Attributes
RAM              0x20000000         0x00050000         xrw
FLASH            0x08000000         0x00100000         xr
*default*        0x00000000         0xffffffff

Linker script and memory map

LOAD c:/program files (x86)/gnu tools arm embedded/8 2019-q3-update/bin/../lib/gcc/arm-none-eabi/8.3.1/thumb/v7e-m+fp/hard/crti.o
LOAD c:/program files (x86)/gnu tools arm embedded/8 2019-q3-update/bin/../lib/gcc/arm-none-eabi/8.3.1/thumb/v7e-m+fp/hard/crtbegin.o
LOAD c:/program files (x86)/gnu tools arm embedded/8 2019-q3-update/bin/../lib/gcc/arm-none-eabi/8.3.1/../../../../arm-none-eabi/lib/thumb/v7e-m+fp/hard/crt0.o
LOAD ../../applications/gps-firefly-example/build/gps-firefly-example.o
LOAD ../../applications/gps-firefly-example/build/fireflyx1.o
LOAD ../../applications/gps-firefly-example/build/nmea.o
LOAD ../../applications/gps-firefly-example/build/platform.o
LOAD ../../applications/gps-firefly-example/build/stm32l4xx_hal_i2c.o
LOAD ../../applications/gps-firefly-example/build/stm32l4xx_hal_i2c_ex.o
LOAD ../../applications/gps-firefly-example/build/stm32l4xx_hal_spi.o
LOAD ../../applications/gps-firefly-example/build/stm32l4xx_hal_spi_ex.o
LOAD ../../applications/gps-firefly-example/build/stm32l4xx_hal_iwdg.o
LOAD ../../applications/gps-firefly-example/build/stm32l4xx_hal_uart.o
LOAD ../../applications/gps-firefly-example/build/stm32l4xx_hal_uart_ex.o
LOAD ../../applications/gps-firefly-example/build/stm32l4xx_hal_tim.o
LOAD ../../applications/gps-firefly-example/build/stm32l4xx_hal_tim_ex.o
LOAD ../../applications/gps-firefly-example/build/stm32l4xx_hal.o
LOAD ../../applications/gps-firefly-example/build/stm32l4xx_hal_rcc.o
LOAD ../../applications/gps-firefly-example/build/stm32l4xx_hal_rcc_ex.o
LOAD ../../applications/gps-firefly-example/build/stm32l4xx_hal_flash.o
LOAD ../../applications/gps-firefly-example/build/stm32l4xx_hal_flash_ex.o
LOAD ../../applications/gps-firefly-example/build/stm32l4xx_hal_flash_ramfunc.o
LOAD ../../applications/gps-firefly-example/build/stm32l4xx_hal_gpio.o
LOAD ../../applications/gps-firefly-example/build/stm32l4xx_hal_dma.o
LOAD ../../applications/gps-firefly-example/build/stm32l4xx_hal_dma_ex.o
LOAD ../../applications/gps-firefly-example/build/stm32l4xx_hal_pwr.o
LOAD ../../applications/gps-firefly-example/build/stm32l4xx_hal_pwr_ex.o
LOAD ../../applications/gps-firefly-example/build/stm32l4xx_hal_cortex.o
LOAD ../../applications/gps-firefly-example/build/stm32l4xx_hal_crc.o
LOAD ../../applications/gps-firefly-example/build/stm32l4xx_hal_crc_ex.o
LOAD ../../applications/gps-firefly-example/build/croutine.o
LOAD ../../applications/gps-firefly-example/build/event_groups.o
LOAD ../../applications/gps-firefly-example/build/list.o
LOAD ../../applications/gps-firefly-example/build/queue.o
LOAD ../../applications/gps-firefly-example/build/stream_buffer.o
LOAD ../../applications/gps-firefly-example/build/tasks.o
LOAD ../../applications/gps-firefly-example/build/timers.o
LOAD ../../applications/gps-firefly-example/build/cmsis_os.o
LOAD ../../applications/gps-firefly-example/build/heap_4.o
LOAD ../../applications/gps-firefly-example/build/port.o
LOAD ../../applications/gps-firefly-example/build/freertos.o
LOAD ../../applications/gps-firefly-example/build/gpio.o
LOAD ../../applications/gps-firefly-example/build/i2c.o
LOAD ../../applications/gps-firefly-example/build/iwdg.o
LOAD ../../applications/gps-firefly-example/build/octa.o
LOAD ../../applications/gps-firefly-example/build/rtosmacros.o
LOAD ../../applications/gps-firefly-example/build/spi.o
LOAD ../../applications/gps-firefly-example/build/stm32l4xx_hal_msp.o
LOAD ../../applications/gps-firefly-example/build/stm32l4xx_hal_timebase_tim.o
LOAD ../../applications/gps-firefly-example/build/stm32l4xx_it.o
LOAD ../../applications/gps-firefly-example/build/sysclock.o
LOAD ../../applications/gps-firefly-example/build/system_stm32l4xx.o
LOAD ../../applications/gps-firefly-example/build/uart.o
LOAD ../../applications/gps-firefly-example/build/LSM303AGRSensor.o
LOAD ../../applications/gps-firefly-example/build/S25FL256.o
LOAD ../../applications/gps-firefly-example/build/sht31.o
LOAD ../../applications/gps-firefly-example/build/stc3115.o
LOAD ../../applications/gps-firefly-example/build/TCS3472.o
LOAD ../../applications/gps-firefly-example/build/startup_stm32l496xx.o
LOAD c:/program files (x86)/gnu tools arm embedded/8 2019-q3-update/bin/../lib/gcc/arm-none-eabi/8.3.1/../../../../arm-none-eabi/lib/thumb/v7e-m+fp/hard\libc_nano.a
LOAD c:/program files (x86)/gnu tools arm embedded/8 2019-q3-update/bin/../lib/gcc/arm-none-eabi/8.3.1/../../../../arm-none-eabi/lib/thumb/v7e-m+fp/hard\libm.a
LOAD c:/program files (x86)/gnu tools arm embedded/8 2019-q3-update/bin/../lib/gcc/arm-none-eabi/8.3.1/../../../../arm-none-eabi/lib/thumb/v7e-m+fp/hard\libnosys.a
START GROUP
LOAD c:/program files (x86)/gnu tools arm embedded/8 2019-q3-update/bin/../lib/gcc/arm-none-eabi/8.3.1/thumb/v7e-m+fp/hard\libgcc.a
LOAD c:/program files (x86)/gnu tools arm embedded/8 2019-q3-update/bin/../lib/gcc/arm-none-eabi/8.3.1/../../../../arm-none-eabi/lib/thumb/v7e-m+fp/hard\libc_nano.a
END GROUP
START GROUP
LOAD c:/program files (x86)/gnu tools arm embedded/8 2019-q3-update/bin/../lib/gcc/arm-none-eabi/8.3.1/thumb/v7e-m+fp/hard\libgcc.a
LOAD c:/program files (x86)/gnu tools arm embedded/8 2019-q3-update/bin/../lib/gcc/arm-none-eabi/8.3.1/../../../../arm-none-eabi/lib/thumb/v7e-m+fp/hard\libc_nano.a
END GROUP
LOAD c:/program files (x86)/gnu tools arm embedded/8 2019-q3-update/bin/../lib/gcc/arm-none-eabi/8.3.1/thumb/v7e-m+fp/hard/crtend.o
LOAD c:/program files (x86)/gnu tools arm embedded/8 2019-q3-update/bin/../lib/gcc/arm-none-eabi/8.3.1/thumb/v7e-m+fp/hard/crtn.o
                0x20050000                _estack = 0x20050000
                0x00000200                _Min_Heap_Size = 0x200
                0x00000400                _Min_Stack_Size = 0x400

.isr_vector     0x08000000      0x1b0
                0x08000000                . = ALIGN (0x8)
 *(.isr_vector)
 .isr_vector    0x08000000      0x1ac ../../applications/gps-firefly-example/build/startup_stm32l496xx.o
                0x08000000                g_pfnVectors
                0x080001b0                . = ALIGN (0x8)
 *fill*         0x080001ac        0x4 

.text           0x080001b0     0xa270
                0x080001b0                . = ALIGN (0x8)
 *(.text)
 .text          0x080001b0       0x40 c:/program files (x86)/gnu tools arm embedded/8 2019-q3-update/bin/../lib/gcc/arm-none-eabi/8.3.1/thumb/v7e-m+fp/hard/crtbegin.o
 .text          0x080001f0       0x10 c:/program files (x86)/gnu tools arm embedded/8 2019-q3-update/bin/../lib/gcc/arm-none-eabi/8.3.1/../../../../arm-none-eabi/lib/thumb/v7e-m+fp/hard\libc_nano.a(lib_a-strlen.o)
                0x080001f0                strlen
 .text          0x08000200       0xa0 c:/program files (x86)/gnu tools arm embedded/8 2019-q3-update/bin/../lib/gcc/arm-none-eabi/8.3.1/../../../../arm-none-eabi/lib/thumb/v7e-m+fp/hard\libc_nano.a(lib_a-memchr.o)
                0x08000200                memchr
 .text          0x080002a0      0x378 c:/program files (x86)/gnu tools arm embedded/8 2019-q3-update/bin/../lib/gcc/arm-none-eabi/8.3.1/thumb/v7e-m+fp/hard\libgcc.a(_arm_addsubdf3.o)
                0x080002a0                __aeabi_drsub
                0x080002a8                __aeabi_dsub
                0x080002a8                __subdf3
                0x080002ac                __aeabi_dadd
                0x080002ac                __adddf3
                0x08000524                __floatunsidf
                0x08000524                __aeabi_ui2d
                0x08000544                __floatsidf
                0x08000544                __aeabi_i2d
                0x08000568                __aeabi_f2d
                0x08000568                __extendsfdf2
                0x080005ac                __floatundidf
                0x080005ac                __aeabi_ul2d
                0x080005bc                __floatdidf
                0x080005bc                __aeabi_l2d
 .text          0x08000618      0x424 c:/program files (x86)/gnu tools arm embedded/8 2019-q3-update/bin/../lib/gcc/arm-none-eabi/8.3.1/thumb/v7e-m+fp/hard\libgcc.a(_arm_muldivdf3.o)
                0x08000618                __aeabi_dmul
                0x08000618                __muldf3
                0x0800086c                __divdf3
                0x0800086c                __aeabi_ddiv
 .text          0x08000a3c      0x110 c:/program files (x86)/gnu tools arm embedded/8 2019-q3-update/bin/../lib/gcc/arm-none-eabi/8.3.1/thumb/v7e-m+fp/hard\libgcc.a(_arm_cmpdf2.o)
                0x08000a3c                __gtdf2
                0x08000a3c                __gedf2
                0x08000a44                __ltdf2
                0x08000a44                __ledf2
                0x08000a4c                __nedf2
                0x08000a4c                __eqdf2
                0x08000a4c                __cmpdf2
                0x08000ac8                __aeabi_cdrcmple
                0x08000ad8                __aeabi_cdcmpeq
                0x08000ad8                __aeabi_cdcmple
                0x08000ae8                __aeabi_dcmpeq
                0x08000afc                __aeabi_dcmplt
                0x08000b10                __aeabi_dcmple
                0x08000b24                __aeabi_dcmpge
                0x08000b38                __aeabi_dcmpgt
 .text          0x08000b4c       0x2c c:/program files (x86)/gnu tools arm embedded/8 2019-q3-update/bin/../lib/gcc/arm-none-eabi/8.3.1/thumb/v7e-m+fp/hard\libgcc.a(_arm_unorddf2.o)
                0x08000b4c                __unorddf2
                0x08000b4c                __aeabi_dcmpun
 .text          0x08000b78       0x50 c:/program files (x86)/gnu tools arm embedded/8 2019-q3-update/bin/../lib/gcc/arm-none-eabi/8.3.1/thumb/v7e-m+fp/hard\libgcc.a(_arm_fixdfsi.o)
                0x08000b78                __aeabi_d2iz
                0x08000b78                __fixdfsi
 .text          0x08000bc8       0x40 c:/program files (x86)/gnu tools arm embedded/8 2019-q3-update/bin/../lib/gcc/arm-none-eabi/8.3.1/thumb/v7e-m+fp/hard\libgcc.a(_arm_fixunsdfsi.o)
                0x08000bc8                __aeabi_d2uiz
                0x08000bc8                __fixunsdfsi
 .text          0x08000c08       0xa0 c:/program files (x86)/gnu tools arm embedded/8 2019-q3-update/bin/../lib/gcc/arm-none-eabi/8.3.1/thumb/v7e-m+fp/hard\libgcc.a(_arm_truncdfsf2.o)
                0x08000c08                __truncdfsf2
                0x08000c08                __aeabi_d2f
 .text          0x08000ca8       0x30 c:/program files (x86)/gnu tools arm embedded/8 2019-q3-update/bin/../lib/gcc/arm-none-eabi/8.3.1/thumb/v7e-m+fp/hard\libgcc.a(_aeabi_uldivmod.o)
                0x08000ca8                __aeabi_uldivmod
 .text          0x08000cd8      0x2d0 c:/program files (x86)/gnu tools arm embedded/8 2019-q3-update/bin/../lib/gcc/arm-none-eabi/8.3.1/thumb/v7e-m+fp/hard\libgcc.a(_udivmoddi4.o)
                0x08000cd8                __udivmoddi4
 .text          0x08000fa8        0x4 c:/program files (x86)/gnu tools arm embedded/8 2019-q3-update/bin/../lib/gcc/arm-none-eabi/8.3.1/thumb/v7e-m+fp/hard\libgcc.a(_dvmd_tls.o)
                0x08000fa8                __aeabi_idiv0
                0x08000fa8                __aeabi_ldiv0
 *(.text*)
 .text.printWelcome
                0x08000fac       0x54 ../../applications/gps-firefly-example/build/gps-firefly-example.o
                0x08000fac                printWelcome
 .text.main     0x08001000       0x80 ../../applications/gps-firefly-example/build/gps-firefly-example.o
                0x08001000                main
 .text.setGPSCoordinates
                0x08001080       0x70 ../../applications/gps-firefly-example/build/gps-firefly-example.o
                0x08001080                setGPSCoordinates
 .text.GPS_Read
                0x080010f0       0x38 ../../applications/gps-firefly-example/build/gps-firefly-example.o
                0x080010f0                GPS_Read
 .text.HAL_TIM_PeriodElapsedCallback
                0x08001128       0x18 ../../applications/gps-firefly-example/build/gps-firefly-example.o
                0x08001128                HAL_TIM_PeriodElapsedCallback
 .text.Error_Handler
                0x08001140        0x2 ../../applications/gps-firefly-example/build/gps-firefly-example.o
                0x08001140                Error_Handler
 *fill*         0x08001142        0x2 
 .text.READ_REG_GPS
                0x08001144       0x24 ../../applications/gps-firefly-example/build/fireflyx1.o
                0x08001144                READ_REG_GPS
 .text.Firefly_communication_check
                0x08001168       0x30 ../../applications/gps-firefly-example/build/fireflyx1.o
                0x08001168                Firefly_communication_check
 .text.Firefly_Initialize
                0x08001198       0xb0 ../../applications/gps-firefly-example/build/fireflyx1.o
                0x08001198                Firefly_Initialize
 .text.feedToProcessor
                0x08001248       0x1c ../../applications/gps-firefly-example/build/fireflyx1.o
                0x08001248                feedToProcessor
 .text.Firefly_receive
                0x08001264       0x12 ../../applications/gps-firefly-example/build/fireflyx1.o
                0x08001264                Firefly_receive
 *fill*         0x08001276        0x2 
 .text.gps_get_position_dd
                0x08001278       0xb0 ../../applications/gps-firefly-example/build/fireflyx1.o
                0x08001278                gps_get_position_dd
 .text.find_start
                0x08001328        0xc ../../applications/gps-firefly-example/build/nmea.o
                0x08001328                find_start
 .text.parse_ns_ind
                0x08001334       0x20 ../../applications/gps-firefly-example/build/nmea.o
                0x08001334                parse_ns_ind
 .text.parse_ew_ind
                0x08001354       0x20 ../../applications/gps-firefly-example/build/nmea.o
                0x08001354                parse_ew_ind
 .text.parse_quality
                0x08001374       0x24 ../../applications/gps-firefly-example/build/nmea.o
                0x08001374                parse_quality
 .text.parse_nr_sats
                0x08001398       0x64 ../../applications/gps-firefly-example/build/nmea.o
                0x08001398                parse_nr_sats
 *fill*         0x080013fc        0x4 
 .text.parse_time
                0x08001400      0x1a8 ../../applications/gps-firefly-example/build/nmea.o
                0x08001400                parse_time
 .text.parse_latitude
                0x080015a8      0x1b8 ../../applications/gps-firefly-example/build/nmea.o
                0x080015a8                parse_latitude
 .text.parse_longitude
                0x08001760      0x1c0 ../../applications/gps-firefly-example/build/nmea.o
                0x08001760                parse_longitude
 .text.parse_hdop
                0x08001920       0xf8 ../../applications/gps-firefly-example/build/nmea.o
                0x08001920                parse_hdop
 .text.nmea_get_position
                0x08001a18       0x24 ../../applications/gps-firefly-example/build/nmea.o
                0x08001a18                nmea_get_position
 .text.nmea_have_position
                0x08001a3c       0x14 ../../applications/gps-firefly-example/build/nmea.o
                0x08001a3c                nmea_have_position
 .text._reset_position
                0x08001a50       0x24 ../../applications/gps-firefly-example/build/nmea.o
                0x08001a50                _reset_position
 .text.parse_gngga
                0x08001a74       0x58 ../../applications/gps-firefly-example/build/nmea.o
                0x08001a74                parse_gngga
 .text.nmea_parse
                0x08001acc       0x30 ../../applications/gps-firefly-example/build/nmea.o
                0x08001acc                nmea_parse
 .text.Initialize_Platform
                0x08001afc        0x8 ../../applications/gps-firefly-example/build/platform.o
                0x08001afc                Initialize_Platform
 .text.I2C_Flush_TXDR
                0x08001b04       0x22 ../../applications/gps-firefly-example/build/stm32l4xx_hal_i2c.o
 .text.I2C_TransferConfig
                0x08001b26       0x36 ../../applications/gps-firefly-example/build/stm32l4xx_hal_i2c.o
 .text.I2C_IsAcknowledgeFailed
                0x08001b5c       0x90 ../../applications/gps-firefly-example/build/stm32l4xx_hal_i2c.o
 .text.I2C_WaitOnFlagUntilTimeout
                0x08001bec       0x52 ../../applications/gps-firefly-example/build/stm32l4xx_hal_i2c.o
 .text.I2C_WaitOnSTOPFlagUntilTimeout
                0x08001c3e       0x50 ../../applications/gps-firefly-example/build/stm32l4xx_hal_i2c.o
 .text.I2C_WaitOnRXNEFlagUntilTimeout
                0x08001c8e       0x98 ../../applications/gps-firefly-example/build/stm32l4xx_hal_i2c.o
 .text.HAL_I2C_Init
                0x08001d26       0xbc ../../applications/gps-firefly-example/build/stm32l4xx_hal_i2c.o
                0x08001d26                HAL_I2C_Init
 *fill*         0x08001de2        0x2 
 .text.HAL_I2C_Master_Receive
                0x08001de4      0x17c ../../applications/gps-firefly-example/build/stm32l4xx_hal_i2c.o
                0x08001de4                HAL_I2C_Master_Receive
 .text.HAL_I2CEx_ConfigAnalogFilter
                0x08001f60       0x62 ../../applications/gps-firefly-example/build/stm32l4xx_hal_i2c_ex.o
                0x08001f60                HAL_I2CEx_ConfigAnalogFilter
 .text.HAL_I2CEx_ConfigDigitalFilter
                0x08001fc2       0x5e ../../applications/gps-firefly-example/build/stm32l4xx_hal_i2c_ex.o
                0x08001fc2                HAL_I2CEx_ConfigDigitalFilter
 .text.HAL_SPI_Init
                0x08002020       0xb0 ../../applications/gps-firefly-example/build/stm32l4xx_hal_spi.o
                0x08002020                HAL_SPI_Init
 .text.HAL_SPI_ErrorCallback
                0x080020d0        0x2 ../../applications/gps-firefly-example/build/stm32l4xx_hal_spi.o
                0x080020d0                HAL_SPI_ErrorCallback
 *fill*         0x080020d2        0x2 
 .text.HAL_SPI_IRQHandler
                0x080020d4      0x11c ../../applications/gps-firefly-example/build/stm32l4xx_hal_spi.o
                0x080020d4                HAL_SPI_IRQHandler
 .text.SPI_DMAAbortOnError
                0x080021f0       0x12 ../../applications/gps-firefly-example/build/stm32l4xx_hal_spi.o
 .text.HAL_IWDG_Init
                0x08002202       0x58 ../../applications/gps-firefly-example/build/stm32l4xx_hal_iwdg.o
                0x08002202                HAL_IWDG_Init
 .text.UART_EndRxTransfer
                0x0800225a       0x20 ../../applications/gps-firefly-example/build/stm32l4xx_hal_uart.o
 .text.HAL_UART_TxCpltCallback
                0x0800227a        0x2 ../../applications/gps-firefly-example/build/stm32l4xx_hal_uart.o
                0x0800227a                HAL_UART_TxCpltCallback
 .text.UART_EndTransmit_IT
                0x0800227c       0x1c ../../applications/gps-firefly-example/build/stm32l4xx_hal_uart.o
 .text.HAL_UART_ErrorCallback
                0x08002298        0x2 ../../applications/gps-firefly-example/build/stm32l4xx_hal_uart.o
                0x08002298                HAL_UART_ErrorCallback
 *fill*         0x0800229a        0x2 
 .text.HAL_UART_IRQHandler
                0x0800229c      0x15c ../../applications/gps-firefly-example/build/stm32l4xx_hal_uart.o
                0x0800229c                HAL_UART_IRQHandler
 .text.UART_DMAAbortOnError
                0x080023f8       0x14 ../../applications/gps-firefly-example/build/stm32l4xx_hal_uart.o
 .text.UART_SetConfig
                0x0800240c      0x41c ../../applications/gps-firefly-example/build/stm32l4xx_hal_uart.o
                0x0800240c                UART_SetConfig
 .text.UART_AdvFeatureConfig
                0x08002828       0xca ../../applications/gps-firefly-example/build/stm32l4xx_hal_uart.o
                0x08002828                UART_AdvFeatureConfig
 .text.UART_WaitOnFlagUntilTimeout
                0x080028f2       0x62 ../../applications/gps-firefly-example/build/stm32l4xx_hal_uart.o
                0x080028f2                UART_WaitOnFlagUntilTimeout
 .text.HAL_UART_Transmit
                0x08002954       0xce ../../applications/gps-firefly-example/build/stm32l4xx_hal_uart.o
                0x08002954                HAL_UART_Transmit
 .text.UART_CheckIdleState
                0x08002a22       0x70 ../../applications/gps-firefly-example/build/stm32l4xx_hal_uart.o
                0x08002a22                UART_CheckIdleState
 .text.HAL_UART_Init
                0x08002a92       0x66 ../../applications/gps-firefly-example/build/stm32l4xx_hal_uart.o
                0x08002a92                HAL_UART_Init
 .text.HAL_UARTEx_WakeupCallback
                0x08002af8        0x2 ../../applications/gps-firefly-example/build/stm32l4xx_hal_uart_ex.o
                0x08002af8                HAL_UARTEx_WakeupCallback
 .text.HAL_TIM_Base_MspInit
                0x08002afa        0x2 ../../applications/gps-firefly-example/build/stm32l4xx_hal_tim.o
                0x08002afa                HAL_TIM_Base_MspInit
 .text.HAL_TIM_Base_Start_IT
                0x08002afc       0x34 ../../applications/gps-firefly-example/build/stm32l4xx_hal_tim.o
                0x08002afc                HAL_TIM_Base_Start_IT
 .text.HAL_TIM_OC_DelayElapsedCallback
                0x08002b30        0x2 ../../applications/gps-firefly-example/build/stm32l4xx_hal_tim.o
                0x08002b30                HAL_TIM_OC_DelayElapsedCallback
 .text.HAL_TIM_IC_CaptureCallback
                0x08002b32        0x2 ../../applications/gps-firefly-example/build/stm32l4xx_hal_tim.o
                0x08002b32                HAL_TIM_IC_CaptureCallback
 .text.HAL_TIM_PWM_PulseFinishedCallback
                0x08002b34        0x2 ../../applications/gps-firefly-example/build/stm32l4xx_hal_tim.o
                0x08002b34                HAL_TIM_PWM_PulseFinishedCallback
 .text.HAL_TIM_TriggerCallback
                0x08002b36        0x2 ../../applications/gps-firefly-example/build/stm32l4xx_hal_tim.o
                0x08002b36                HAL_TIM_TriggerCallback
 .text.HAL_TIM_IRQHandler
                0x08002b38      0x19a ../../applications/gps-firefly-example/build/stm32l4xx_hal_tim.o
                0x08002b38                HAL_TIM_IRQHandler
 *fill*         0x08002cd2        0x2 
 .text.TIM_Base_SetConfig
                0x08002cd4       0xc8 ../../applications/gps-firefly-example/build/stm32l4xx_hal_tim.o
                0x08002cd4                TIM_Base_SetConfig
 .text.HAL_TIM_Base_Init
                0x08002d9c       0x34 ../../applications/gps-firefly-example/build/stm32l4xx_hal_tim.o
                0x08002d9c                HAL_TIM_Base_Init
 .text.HAL_TIMEx_CommutationCallback
                0x08002dd0        0x2 ../../applications/gps-firefly-example/build/stm32l4xx_hal_tim_ex.o
                0x08002dd0                HAL_TIMEx_CommutationCallback
 .text.HAL_TIMEx_BreakCallback
                0x08002dd2        0x2 ../../applications/gps-firefly-example/build/stm32l4xx_hal_tim_ex.o
                0x08002dd2                HAL_TIMEx_BreakCallback
 .text.HAL_TIMEx_Break2Callback
                0x08002dd4        0x2 ../../applications/gps-firefly-example/build/stm32l4xx_hal_tim_ex.o
                0x08002dd4                HAL_TIMEx_Break2Callback
 .text.HAL_Init
                0x08002dd6       0x1e ../../applications/gps-firefly-example/build/stm32l4xx_hal.o
                0x08002dd6                HAL_Init
 .text.HAL_IncTick
                0x08002df4       0x10 ../../applications/gps-firefly-example/build/stm32l4xx_hal.o
                0x08002df4                HAL_IncTick
 .text.HAL_GetTick
                0x08002e04        0xc ../../applications/gps-firefly-example/build/stm32l4xx_hal.o
                0x08002e04                HAL_GetTick
 .text.HAL_Delay
                0x08002e10       0x1e ../../applications/gps-firefly-example/build/stm32l4xx_hal.o
                0x08002e10                HAL_Delay
 *fill*         0x08002e2e        0x2 
 .text.RCC_SetFlashLatencyFromMSIRange
                0x08002e30       0x90 ../../applications/gps-firefly-example/build/stm32l4xx_hal_rcc.o
 .text.HAL_RCC_GetSysClockFreq
                0x08002ec0       0xd8 ../../applications/gps-firefly-example/build/stm32l4xx_hal_rcc.o
                0x08002ec0                HAL_RCC_GetSysClockFreq
 .text.HAL_RCC_OscConfig
                0x08002f98      0x5b4 ../../applications/gps-firefly-example/build/stm32l4xx_hal_rcc.o
                0x08002f98                HAL_RCC_OscConfig
 .text.HAL_RCC_ClockConfig
                0x0800354c      0x154 ../../applications/gps-firefly-example/build/stm32l4xx_hal_rcc.o
                0x0800354c                HAL_RCC_ClockConfig
 .text.HAL_RCC_GetHCLKFreq
                0x080036a0        0xc ../../applications/gps-firefly-example/build/stm32l4xx_hal_rcc.o
                0x080036a0                HAL_RCC_GetHCLKFreq
 .text.HAL_RCC_GetPCLK1Freq
                0x080036ac       0x24 ../../applications/gps-firefly-example/build/stm32l4xx_hal_rcc.o
                0x080036ac                HAL_RCC_GetPCLK1Freq
 .text.HAL_RCC_GetPCLK2Freq
                0x080036d0       0x24 ../../applications/gps-firefly-example/build/stm32l4xx_hal_rcc.o
                0x080036d0                HAL_RCC_GetPCLK2Freq
 .text.HAL_RCC_GetClockConfig
                0x080036f4       0x3c ../../applications/gps-firefly-example/build/stm32l4xx_hal_rcc.o
                0x080036f4                HAL_RCC_GetClockConfig
 .text.RCCEx_PLLSAI1_Config
                0x08003730      0x16c ../../applications/gps-firefly-example/build/stm32l4xx_hal_rcc_ex.o
 .text.RCCEx_PLLSAI2_Config
                0x0800389c      0x148 ../../applications/gps-firefly-example/build/stm32l4xx_hal_rcc_ex.o
 .text.HAL_RCCEx_PeriphCLKConfig
                0x080039e4      0x474 ../../applications/gps-firefly-example/build/stm32l4xx_hal_rcc_ex.o
                0x080039e4                HAL_RCCEx_PeriphCLKConfig
 .text.HAL_GPIO_Init
                0x08003e58      0x1b8 ../../applications/gps-firefly-example/build/stm32l4xx_hal_gpio.o
                0x08003e58                HAL_GPIO_Init
 .text.HAL_GPIO_WritePin
                0x08004010        0xa ../../applications/gps-firefly-example/build/stm32l4xx_hal_gpio.o
                0x08004010                HAL_GPIO_WritePin
 .text.HAL_GPIO_TogglePin
                0x0800401a        0x8 ../../applications/gps-firefly-example/build/stm32l4xx_hal_gpio.o
                0x0800401a                HAL_GPIO_TogglePin
 .text.HAL_GPIO_EXTI_Callback
                0x08004022        0x2 ../../applications/gps-firefly-example/build/stm32l4xx_hal_gpio.o
                0x08004022                HAL_GPIO_EXTI_Callback
 .text.HAL_GPIO_EXTI_IRQHandler
                0x08004024       0x1c ../../applications/gps-firefly-example/build/stm32l4xx_hal_gpio.o
                0x08004024                HAL_GPIO_EXTI_IRQHandler
 .text.HAL_DMA_Abort_IT
                0x08004040       0x50 ../../applications/gps-firefly-example/build/stm32l4xx_hal_dma.o
                0x08004040                HAL_DMA_Abort_IT
 .text.HAL_PWREx_GetVoltageRange
                0x08004090       0x10 ../../applications/gps-firefly-example/build/stm32l4xx_hal_pwr_ex.o
                0x08004090                HAL_PWREx_GetVoltageRange
 .text.HAL_PWREx_ControlVoltageScaling
                0x080040a0       0x8c ../../applications/gps-firefly-example/build/stm32l4xx_hal_pwr_ex.o
                0x080040a0                HAL_PWREx_ControlVoltageScaling
 .text.HAL_PWREx_EnableVddIO2
                0x0800412c       0x10 ../../applications/gps-firefly-example/build/stm32l4xx_hal_pwr_ex.o
                0x0800412c                HAL_PWREx_EnableVddIO2
 .text.HAL_NVIC_SetPriorityGrouping
                0x0800413c       0x24 ../../applications/gps-firefly-example/build/stm32l4xx_hal_cortex.o
                0x0800413c                HAL_NVIC_SetPriorityGrouping
 .text.HAL_NVIC_SetPriority
                0x08004160       0x68 ../../applications/gps-firefly-example/build/stm32l4xx_hal_cortex.o
                0x08004160                HAL_NVIC_SetPriority
 .text.HAL_NVIC_EnableIRQ
                0x080041c8       0x18 ../../applications/gps-firefly-example/build/stm32l4xx_hal_cortex.o
                0x080041c8                HAL_NVIC_EnableIRQ
 .text.vListInitialise
                0x080041e0       0x16 ../../applications/gps-firefly-example/build/list.o
                0x080041e0                vListInitialise
 .text.vListInitialiseItem
                0x080041f6        0x6 ../../applications/gps-firefly-example/build/list.o
                0x080041f6                vListInitialiseItem
 .text.vListInsertEnd
                0x080041fc       0x16 ../../applications/gps-firefly-example/build/list.o
                0x080041fc                vListInsertEnd
 .text.vListInsert
                0x08004212       0x34 ../../applications/gps-firefly-example/build/list.o
                0x08004212                vListInsert
 .text.uxListRemove
                0x08004246       0x26 ../../applications/gps-firefly-example/build/list.o
                0x08004246                uxListRemove
 .text.prvIsQueueFull
                0x0800426c       0x1e ../../applications/gps-firefly-example/build/queue.o
 .text.prvIsQueueEmpty
                0x0800428a       0x1a ../../applications/gps-firefly-example/build/queue.o
 .text.prvCopyDataToQueue
                0x080042a4       0x76 ../../applications/gps-firefly-example/build/queue.o
 .text.prvCopyDataFromQueue
                0x0800431a       0x24 ../../applications/gps-firefly-example/build/queue.o
 .text.prvUnlockQueue
                0x0800433e       0x6e ../../applications/gps-firefly-example/build/queue.o
 .text.xQueueGenericReset
                0x080043ac       0x84 ../../applications/gps-firefly-example/build/queue.o
                0x080043ac                xQueueGenericReset
 .text.prvInitialiseNewQueue
                0x08004430       0x1c ../../applications/gps-firefly-example/build/queue.o
 .text.xQueueGenericCreate
                0x0800444c       0x48 ../../applications/gps-firefly-example/build/queue.o
                0x0800444c                xQueueGenericCreate
 .text.xQueueGenericSend
                0x08004494      0x180 ../../applications/gps-firefly-example/build/queue.o
                0x08004494                xQueueGenericSend
 .text.xQueueGenericSendFromISR
                0x08004614       0xce ../../applications/gps-firefly-example/build/queue.o
                0x08004614                xQueueGenericSendFromISR
 *fill*         0x080046e2        0x2 
 .text.xQueueReceive
                0x080046e4      0x15c ../../applications/gps-firefly-example/build/queue.o
                0x080046e4                xQueueReceive
 .text.vQueueAddToRegistry
                0x08004840       0x28 ../../applications/gps-firefly-example/build/queue.o
                0x08004840                vQueueAddToRegistry
 .text.vQueueWaitForMessageRestricted
                0x08004868       0x52 ../../applications/gps-firefly-example/build/queue.o
                0x08004868                vQueueWaitForMessageRestricted
 *fill*         0x080048ba        0x2 
 .text.prvResetNextTaskUnblockTime
                0x080048bc       0x2c ../../applications/gps-firefly-example/build/tasks.o
 .text.prvDeleteTCB
                0x080048e8       0x12 ../../applications/gps-firefly-example/build/tasks.o
 .text.prvInitialiseNewTask
                0x080048fa       0x7e ../../applications/gps-firefly-example/build/tasks.o
 .text.prvInitialiseTaskLists
                0x08004978       0x68 ../../applications/gps-firefly-example/build/tasks.o
 .text.prvAddNewTaskToReadyList
                0x080049e0       0xa8 ../../applications/gps-firefly-example/build/tasks.o
 .text.prvCheckTasksWaitingTermination
                0x08004a88       0x4c ../../applications/gps-firefly-example/build/tasks.o
 .text.prvIdleTask
                0x08004ad4       0x28 ../../applications/gps-firefly-example/build/tasks.o
 .text.prvAddCurrentTaskToDelayedList
                0x08004afc       0x98 ../../applications/gps-firefly-example/build/tasks.o
 .text.xTaskCreate
                0x08004b94       0x62 ../../applications/gps-firefly-example/build/tasks.o
                0x08004b94                xTaskCreate
 *fill*         0x08004bf6        0x2 
 .text.vTaskStartScheduler
                0x08004bf8       0x84 ../../applications/gps-firefly-example/build/tasks.o
                0x08004bf8                vTaskStartScheduler
 .text.vTaskSuspendAll
                0x08004c7c       0x10 ../../applications/gps-firefly-example/build/tasks.o
                0x08004c7c                vTaskSuspendAll
 .text.xTaskGetTickCount
                0x08004c8c        0xc ../../applications/gps-firefly-example/build/tasks.o
                0x08004c8c                xTaskGetTickCount
 .text.xTaskIncrementTick
                0x08004c98      0x118 ../../applications/gps-firefly-example/build/tasks.o
                0x08004c98                xTaskIncrementTick
 .text.xTaskResumeAll
                0x08004db0       0xf8 ../../applications/gps-firefly-example/build/tasks.o
                0x08004db0                xTaskResumeAll
 .text.vTaskSwitchContext
                0x08004ea8       0x9c ../../applications/gps-firefly-example/build/tasks.o
                0x08004ea8                vTaskSwitchContext
 .text.vTaskPlaceOnEventList
                0x08004f44       0x30 ../../applications/gps-firefly-example/build/tasks.o
                0x08004f44                vTaskPlaceOnEventList
 .text.vTaskPlaceOnEventListRestricted
                0x08004f74       0x38 ../../applications/gps-firefly-example/build/tasks.o
                0x08004f74                vTaskPlaceOnEventListRestricted
 .text.xTaskRemoveFromEventList
                0x08004fac       0x8c ../../applications/gps-firefly-example/build/tasks.o
                0x08004fac                xTaskRemoveFromEventList
 .text.vTaskInternalSetTimeOutState
                0x08005038       0x18 ../../applications/gps-firefly-example/build/tasks.o
                0x08005038                vTaskInternalSetTimeOutState
 .text.xTaskCheckForTimeOut
                0x08005050       0x84 ../../applications/gps-firefly-example/build/tasks.o
                0x08005050                xTaskCheckForTimeOut
 .text.vTaskMissedYield
                0x080050d4        0xc ../../applications/gps-firefly-example/build/tasks.o
                0x080050d4                vTaskMissedYield
 .text.xTaskGetSchedulerState
                0x080050e0       0x20 ../../applications/gps-firefly-example/build/tasks.o
                0x080050e0                xTaskGetSchedulerState
 .text.xTaskPriorityDisinherit
                0x08005100       0xb4 ../../applications/gps-firefly-example/build/tasks.o
                0x08005100                xTaskPriorityDisinherit
 .text.prvGetNextExpireTime
                0x080051b4       0x20 ../../applications/gps-firefly-example/build/timers.o
 .text.prvInsertTimerInActiveList
                0x080051d4       0x48 ../../applications/gps-firefly-example/build/timers.o
 .text.prvCheckForValidListAndQueue
                0x0800521c       0x5c ../../applications/gps-firefly-example/build/timers.o
 .text.prvInitialiseNewTimer
                0x08005278       0x40 ../../applications/gps-firefly-example/build/timers.o
 .text.xTimerCreateTimerTask
                0x080052b8       0x50 ../../applications/gps-firefly-example/build/timers.o
                0x080052b8                xTimerCreateTimerTask
 .text.xTimerCreate
                0x08005308       0x32 ../../applications/gps-firefly-example/build/timers.o
                0x08005308                xTimerCreate
 *fill*         0x0800533a        0x2 
 .text.xTimerGenericCommand
                0x0800533c       0x6c ../../applications/gps-firefly-example/build/timers.o
                0x0800533c                xTimerGenericCommand
 .text.prvSwitchTimerLists
                0x080053a8       0x78 ../../applications/gps-firefly-example/build/timers.o
 .text.prvSampleTimeNow
                0x08005420       0x2c ../../applications/gps-firefly-example/build/timers.o
 .text.prvProcessExpiredTimer
                0x0800544c       0x60 ../../applications/gps-firefly-example/build/timers.o
 .text.prvProcessTimerOrBlockTask
                0x080054ac       0x74 ../../applications/gps-firefly-example/build/timers.o
 .text.prvProcessReceivedCommands
                0x08005520       0xe0 ../../applications/gps-firefly-example/build/timers.o
 .text.prvTimerTask
                0x08005600       0x16 ../../applications/gps-firefly-example/build/timers.o
 .text.inHandlerMode
                0x08005616        0xc ../../applications/gps-firefly-example/build/cmsis_os.o
 .text.osKernelStart
                0x08005622        0xa ../../applications/gps-firefly-example/build/cmsis_os.o
                0x08005622                osKernelStart
 .text.osTimerCreate
                0x0800562c       0x28 ../../applications/gps-firefly-example/build/cmsis_os.o
                0x0800562c                osTimerCreate
 .text.osTimerStart
                0x08005654       0x6c ../../applications/gps-firefly-example/build/cmsis_os.o
                0x08005654                osTimerStart
 .text.prvHeapInit
                0x080056c0       0x64 ../../applications/gps-firefly-example/build/heap_4.o
 .text.prvInsertBlockIntoFreeList
                0x08005724       0x58 ../../applications/gps-firefly-example/build/heap_4.o
 .text.pvPortMalloc
                0x0800577c      0x108 ../../applications/gps-firefly-example/build/heap_4.o
                0x0800577c                pvPortMalloc
 .text.vPortFree
                0x08005884       0x70 ../../applications/gps-firefly-example/build/heap_4.o
                0x08005884                vPortFree
 .text.prvTaskExitError
                0x080058f4       0x40 ../../applications/gps-firefly-example/build/port.o
 .text.prvPortStartFirstTask
                0x08005934       0x28 ../../applications/gps-firefly-example/build/port.o
 .text.vPortEnableVFP
                0x0800595c       0x14 ../../applications/gps-firefly-example/build/port.o
 .text.pxPortInitialiseStack
                0x08005970       0x2c ../../applications/gps-firefly-example/build/port.o
                0x08005970                pxPortInitialiseStack
 *fill*         0x0800599c        0x4 
 .text.SVC_Handler
                0x080059a0       0x24 ../../applications/gps-firefly-example/build/port.o
                0x080059a0                SVC_Handler
 .text.vPortEnterCritical
                0x080059c4       0x44 ../../applications/gps-firefly-example/build/port.o
                0x080059c4                vPortEnterCritical
 .text.vPortExitCritical
                0x08005a08       0x2c ../../applications/gps-firefly-example/build/port.o
                0x08005a08                vPortExitCritical
 *fill*         0x08005a34        0xc 
 .text.PendSV_Handler
                0x08005a40       0x64 ../../applications/gps-firefly-example/build/port.o
                0x08005a40                PendSV_Handler
 .text.SysTick_Handler
                0x08005aa4       0x2c ../../applications/gps-firefly-example/build/port.o
                0x08005aa4                SysTick_Handler
 .text.vPortSetupTimerInterrupt
                0x08005ad0       0x38 ../../applications/gps-firefly-example/build/port.o
                0x08005ad0                vPortSetupTimerInterrupt
 .text.xPortStartScheduler
                0x08005b08      0x110 ../../applications/gps-firefly-example/build/port.o
                0x08005b08                xPortStartScheduler
 .text.vPortValidateInterruptPriority
                0x08005c18       0x5c ../../applications/gps-firefly-example/build/port.o
                0x08005c18                vPortValidateInterruptPriority
 .text.OCTA_GPIO_Init
                0x08005c74      0x324 ../../applications/gps-firefly-example/build/gpio.o
                0x08005c74                OCTA_GPIO_Init
 .text.common_I2C_Init
                0x08005f98       0x58 ../../applications/gps-firefly-example/build/i2c.o
                0x08005f98                common_I2C_Init
 .text.P1_I2C_Init
                0x08005ff0       0x58 ../../applications/gps-firefly-example/build/i2c.o
                0x08005ff0                P1_I2C_Init
 .text.P2_I2C_Init
                0x08006048       0x58 ../../applications/gps-firefly-example/build/i2c.o
                0x08006048                P2_I2C_Init
 .text.P3_I2C_Init
                0x080060a0       0x58 ../../applications/gps-firefly-example/build/i2c.o
                0x080060a0                P3_I2C_Init
 .text.OCTA_IWDG_Init
                0x080060f8       0x2c ../../applications/gps-firefly-example/build/iwdg.o
                0x080060f8                OCTA_IWDG_Init
 .text.IWDG_feed
                0x08006124       0x10 ../../applications/gps-firefly-example/build/iwdg.o
                0x08006124                IWDG_feed
 .text.OCTA_Initialize_Common_Peripherals
                0x08006134       0x1c ../../applications/gps-firefly-example/build/octa.o
                0x08006134                OCTA_Initialize_Common_Peripherals
 .text.OCTA_Initialize_P1_Peripherals
                0x08006150       0x54 ../../applications/gps-firefly-example/build/octa.o
                0x08006150                OCTA_Initialize_P1_Peripherals
 .text.OCTA_Initialize_P2_Peripherals
                0x080061a4       0x54 ../../applications/gps-firefly-example/build/octa.o
                0x080061a4                OCTA_Initialize_P2_Peripherals
 .text.OCTA_Initialize_P3_Peripherals
                0x080061f8       0x54 ../../applications/gps-firefly-example/build/octa.o
                0x080061f8                OCTA_Initialize_P3_Peripherals
 .text.OCTA_Initialize_Platform
                0x0800624c       0x14 ../../applications/gps-firefly-example/build/octa.o
                0x0800624c                OCTA_Initialize_Platform
 .text.platform_initialize_I2C
                0x08006260       0x36 ../../applications/gps-firefly-example/build/octa.o
                0x08006260                platform_initialize_I2C
 *fill*         0x08006296        0x2 
 .text.platform_getHeader
                0x08006298       0x9c ../../applications/gps-firefly-example/build/octa.o
                0x08006298                platform_getHeader
 .text.FLASH_SPI_Init
                0x08006334       0x4c ../../applications/gps-firefly-example/build/spi.o
                0x08006334                FLASH_SPI_Init
 .text.HAL_MspInit
                0x08006380       0x40 ../../applications/gps-firefly-example/build/stm32l4xx_hal_msp.o
                0x08006380                HAL_MspInit
 .text.HAL_I2C_MspInit
                0x080063c0      0x18c ../../applications/gps-firefly-example/build/stm32l4xx_hal_msp.o
                0x080063c0                HAL_I2C_MspInit
 .text.HAL_UART_MspInit
                0x0800654c      0x188 ../../applications/gps-firefly-example/build/stm32l4xx_hal_msp.o
                0x0800654c                HAL_UART_MspInit
 .text.HAL_SPI_MspInit
                0x080066d4      0x160 ../../applications/gps-firefly-example/build/stm32l4xx_hal_msp.o
                0x080066d4                HAL_SPI_MspInit
 .text.HAL_InitTick
                0x08006834       0x78 ../../applications/gps-firefly-example/build/stm32l4xx_hal_timebase_tim.o
                0x08006834                HAL_InitTick
 .text.NMI_Handler
                0x080068ac        0x2 ../../applications/gps-firefly-example/build/stm32l4xx_it.o
                0x080068ac                NMI_Handler
 .text.HardFault_Handler
                0x080068ae        0x2 ../../applications/gps-firefly-example/build/stm32l4xx_it.o
                0x080068ae                HardFault_Handler
 .text.MemManage_Handler
                0x080068b0        0x2 ../../applications/gps-firefly-example/build/stm32l4xx_it.o
                0x080068b0                MemManage_Handler
 .text.BusFault_Handler
                0x080068b2        0x2 ../../applications/gps-firefly-example/build/stm32l4xx_it.o
                0x080068b2                BusFault_Handler
 .text.UsageFault_Handler
                0x080068b4        0x2 ../../applications/gps-firefly-example/build/stm32l4xx_it.o
                0x080068b4                UsageFault_Handler
 .text.DebugMon_Handler
                0x080068b6        0x2 ../../applications/gps-firefly-example/build/stm32l4xx_it.o
                0x080068b6                DebugMon_Handler
 .text.TIM1_UP_TIM16_IRQHandler
                0x080068b8       0x10 ../../applications/gps-firefly-example/build/stm32l4xx_it.o
                0x080068b8                TIM1_UP_TIM16_IRQHandler
 .text.USART2_IRQHandler
                0x080068c8       0x10 ../../applications/gps-firefly-example/build/stm32l4xx_it.o
                0x080068c8                USART2_IRQHandler
 .text.USART3_IRQHandler
                0x080068d8       0x10 ../../applications/gps-firefly-example/build/stm32l4xx_it.o
                0x080068d8                USART3_IRQHandler
 .text.UART5_IRQHandler
                0x080068e8       0x10 ../../applications/gps-firefly-example/build/stm32l4xx_it.o
                0x080068e8                UART5_IRQHandler
 .text.SPI1_IRQHandler
                0x080068f8       0x10 ../../applications/gps-firefly-example/build/stm32l4xx_it.o
                0x080068f8                SPI1_IRQHandler
 .text.SPI2_IRQHandler
                0x08006908       0x10 ../../applications/gps-firefly-example/build/stm32l4xx_it.o
                0x08006908                SPI2_IRQHandler
 .text.SPI3_IRQHandler
                0x08006918       0x10 ../../applications/gps-firefly-example/build/stm32l4xx_it.o
                0x08006918                SPI3_IRQHandler
 .text.EXTI15_10_IRQHandler
                0x08006928        0xc ../../applications/gps-firefly-example/build/stm32l4xx_it.o
                0x08006928                EXTI15_10_IRQHandler
 .text.SystemClock_Config
                0x08006934       0xb8 ../../applications/gps-firefly-example/build/sysclock.o
                0x08006934                SystemClock_Config
 .text.SystemInit
                0x080069ec       0x48 ../../applications/gps-firefly-example/build/system_stm32l4xx.o
                0x080069ec                SystemInit
 .text.USB_UART_Init
                0x08006a34       0x34 ../../applications/gps-firefly-example/build/uart.o
                0x08006a34                USB_UART_Init
 .text.__io_putchar
                0x08006a68       0x20 ../../applications/gps-firefly-example/build/uart.o
                0x08006a68                __io_putchar
 .text._write   0x08006a88       0x1c ../../applications/gps-firefly-example/build/uart.o
                0x08006a88                _write
 .text.Reset_Handler
                0x08006aa4       0x50 ../../applications/gps-firefly-example/build/startup_stm32l496xx.o
                0x08006aa4                Reset_Handler
 .text.Default_Handler
                0x08006af4        0x2 ../../applications/gps-firefly-example/build/startup_stm32l496xx.o
                0x08006af4                RTC_Alarm_IRQHandler
                0x08006af4                EXTI2_IRQHandler
                0x08006af4                TIM8_TRG_COM_IRQHandler
                0x08006af4                TIM8_CC_IRQHandler
                0x08006af4                TIM1_CC_IRQHandler
                0x08006af4                TSC_IRQHandler
                0x08006af4                TAMP_STAMP_IRQHandler
                0x08006af4                CAN2_RX1_IRQHandler
                0x08006af4                EXTI3_IRQHandler
                0x08006af4                LPTIM2_IRQHandler
                0x08006af4                DFSDM1_FLT1_IRQHandler
                0x08006af4                I2C3_ER_IRQHandler
                0x08006af4                DFSDM1_FLT2_IRQHandler
                0x08006af4                EXTI0_IRQHandler
                0x08006af4                I2C2_EV_IRQHandler
                0x08006af4                CAN1_RX0_IRQHandler
                0x08006af4                FPU_IRQHandler
                0x08006af4                CAN2_SCE_IRQHandler
                0x08006af4                ADC1_2_IRQHandler
                0x08006af4                TIM6_DAC_IRQHandler
                0x08006af4                DCMI_IRQHandler
                0x08006af4                CAN2_RX0_IRQHandler
                0x08006af4                TIM8_UP_IRQHandler
                0x08006af4                DMA2_Channel2_IRQHandler
                0x08006af4                DMA1_Channel4_IRQHandler
                0x08006af4                SAI2_IRQHandler
                0x08006af4                DFSDM1_FLT3_IRQHandler
                0x08006af4                DMA1_Channel7_IRQHandler
                0x08006af4                CAN1_RX1_IRQHandler
                0x08006af4                LCD_IRQHandler
                0x08006af4                ADC3_IRQHandler
                0x08006af4                TIM4_IRQHandler
                0x08006af4                DMA2_Channel1_IRQHandler
                0x08006af4                QUADSPI_IRQHandler
                0x08006af4                I2C1_EV_IRQHandler
                0x08006af4                DMA1_Channel6_IRQHandler
                0x08006af4                UART4_IRQHandler
                0x08006af4                DMA2_Channel4_IRQHandler
                0x08006af4                TIM3_IRQHandler
                0x08006af4                RCC_IRQHandler
                0x08006af4                DMA1_Channel1_IRQHandler
                0x08006af4                Default_Handler
                0x08006af4                DMA2_Channel7_IRQHandler
                0x08006af4                TIM7_IRQHandler
                0x08006af4                SDMMC1_IRQHandler
                0x08006af4                CAN2_TX_IRQHandler
                0x08006af4                TIM5_IRQHandler
                0x08006af4                I2C3_EV_IRQHandler
                0x08006af4                EXTI9_5_IRQHandler
                0x08006af4                RTC_WKUP_IRQHandler
                0x08006af4                PVD_PVM_IRQHandler
                0x08006af4                CAN1_TX_IRQHandler
                0x08006af4                DMA2_Channel5_IRQHandler
                0x08006af4                CRS_IRQHandler
                0x08006af4                DMA1_Channel5_IRQHandler
                0x08006af4                EXTI4_IRQHandler
                0x08006af4                RNG_IRQHandler
                0x08006af4                TIM1_TRG_COM_TIM17_IRQHandler
                0x08006af4                DMA1_Channel3_IRQHandler
                0x08006af4                COMP_IRQHandler
                0x08006af4                WWDG_IRQHandler
                0x08006af4                I2C4_EV_IRQHandler
                0x08006af4                LPUART1_IRQHandler
                0x08006af4                DMA2_Channel6_IRQHandler
                0x08006af4                TIM2_IRQHandler
                0x08006af4                EXTI1_IRQHandler
                0x08006af4                DFSDM1_FLT0_IRQHandler
                0x08006af4                I2C2_ER_IRQHandler
                0x08006af4                DMA1_Channel2_IRQHandler
                0x08006af4                TIM8_BRK_IRQHandler
                0x08006af4                CAN1_SCE_IRQHandler
                0x08006af4                FLASH_IRQHandler
                0x08006af4                USART1_IRQHandler
                0x08006af4                OTG_FS_IRQHandler
                0x08006af4                I2C1_ER_IRQHandler
                0x08006af4                FMC_IRQHandler
                0x08006af4                SWPMI1_IRQHandler
                0x08006af4                LPTIM1_IRQHandler
                0x08006af4                I2C4_ER_IRQHandler
                0x08006af4                SAI1_IRQHandler
                0x08006af4                DMA2_Channel3_IRQHandler
                0x08006af4                TIM1_BRK_TIM15_IRQHandler
 *fill*         0x08006af6        0x2 
 .text.__libc_init_array
                0x08006af8       0x48 c:/program files (x86)/gnu tools arm embedded/8 2019-q3-update/bin/../lib/gcc/arm-none-eabi/8.3.1/../../../../arm-none-eabi/lib/thumb/v7e-m+fp/hard\libc_nano.a(lib_a-init.o)
                0x08006af8                __libc_init_array
 .text.memcpy   0x08006b40       0x1c c:/program files (x86)/gnu tools arm embedded/8 2019-q3-update/bin/../lib/gcc/arm-none-eabi/8.3.1/../../../../arm-none-eabi/lib/thumb/v7e-m+fp/hard\libc_nano.a(lib_a-memcpy-stub.o)
                0x08006b40                memcpy
 .text.memset   0x08006b5c       0x10 c:/program files (x86)/gnu tools arm embedded/8 2019-q3-update/bin/../lib/gcc/arm-none-eabi/8.3.1/../../../../arm-none-eabi/lib/thumb/v7e-m+fp/hard\libc_nano.a(lib_a-memset.o)
                0x08006b5c                memset
 .text.__cvt    0x08006b6c       0xba c:/program files (x86)/gnu tools arm embedded/8 2019-q3-update/bin/../lib/gcc/arm-none-eabi/8.3.1/../../../../arm-none-eabi/lib/thumb/v7e-m+fp/hard\libc_nano.a(lib_a-nano-vfprintf_float.o)
                0x08006b6c                __cvt
 .text.__exponent
                0x08006c26       0x64 c:/program files (x86)/gnu tools arm embedded/8 2019-q3-update/bin/../lib/gcc/arm-none-eabi/8.3.1/../../../../arm-none-eabi/lib/thumb/v7e-m+fp/hard\libc_nano.a(lib_a-nano-vfprintf_float.o)
                0x08006c26                __exponent
 *fill*         0x08006c8a        0x2 
 .text._printf_float
                0x08006c8c      0x454 c:/program files (x86)/gnu tools arm embedded/8 2019-q3-update/bin/../lib/gcc/arm-none-eabi/8.3.1/../../../../arm-none-eabi/lib/thumb/v7e-m+fp/hard\libc_nano.a(lib_a-nano-vfprintf_float.o)
                0x08006c8c                _printf_float
 .text._printf_common
                0x080070e0       0xea c:/program files (x86)/gnu tools arm embedded/8 2019-q3-update/bin/../lib/gcc/arm-none-eabi/8.3.1/../../../../arm-none-eabi/lib/thumb/v7e-m+fp/hard\libc_nano.a(lib_a-nano-vfprintf_i.o)
                0x080070e0                _printf_common
 *fill*         0x080071ca        0x2 
 .text._printf_i
                0x080071cc      0x228 c:/program files (x86)/gnu tools arm embedded/8 2019-q3-update/bin/../lib/gcc/arm-none-eabi/8.3.1/../../../../arm-none-eabi/lib/thumb/v7e-m+fp/hard\libc_nano.a(lib_a-nano-vfprintf_i.o)
                0x080071cc                _printf_i
 .text.printf   0x080073f4       0x30 c:/program files (x86)/gnu tools arm embedded/8 2019-q3-update/bin/../lib/gcc/arm-none-eabi/8.3.1/../../../../arm-none-eabi/lib/thumb/v7e-m+fp/hard\libc_nano.a(lib_a-printf.o)
                0x080073f4                iprintf
                0x080073f4                printf
 .text._puts_r  0x08007424       0xdc c:/program files (x86)/gnu tools arm embedded/8 2019-q3-update/bin/../lib/gcc/arm-none-eabi/8.3.1/../../../../arm-none-eabi/lib/thumb/v7e-m+fp/hard\libc_nano.a(lib_a-puts.o)
                0x08007424                _puts_r
 .text.puts     0x08007500       0x10 c:/program files (x86)/gnu tools arm embedded/8 2019-q3-update/bin/../lib/gcc/arm-none-eabi/8.3.1/../../../../arm-none-eabi/lib/thumb/v7e-m+fp/hard\libc_nano.a(lib_a-puts.o)
                0x08007500                puts
 .text.__swbuf_r
                0x08007510       0xa4 c:/program files (x86)/gnu tools arm embedded/8 2019-q3-update/bin/../lib/gcc/arm-none-eabi/8.3.1/../../../../arm-none-eabi/lib/thumb/v7e-m+fp/hard\libc_nano.a(lib_a-wbuf.o)
                0x08007510                __swbuf_r
 .text.__swsetup_r
                0x080075b4       0xdc c:/program files (x86)/gnu tools arm embedded/8 2019-q3-update/bin/../lib/gcc/arm-none-eabi/8.3.1/../../../../arm-none-eabi/lib/thumb/v7e-m+fp/hard\libc_nano.a(lib_a-wsetup.o)
                0x080075b4                __swsetup_r
 .text.quorem   0x08007690      0x112 c:/program files (x86)/gnu tools arm embedded/8 2019-q3-update/bin/../lib/gcc/arm-none-eabi/8.3.1/../../../../arm-none-eabi/lib/thumb/v7e-m+fp/hard\libc_nano.a(lib_a-dtoa.o)
 *fill*         0x080077a2        0x6 
 .text._dtoa_r  0x080077a8      0xb74 c:/program files (x86)/gnu tools arm embedded/8 2019-q3-update/bin/../lib/gcc/arm-none-eabi/8.3.1/../../../../arm-none-eabi/lib/thumb/v7e-m+fp/hard\libc_nano.a(lib_a-dtoa.o)
                0x080077a8                _dtoa_r
 .text.__sflush_r
                0x0800831c      0x10c c:/program files (x86)/gnu tools arm embedded/8 2019-q3-update/bin/../lib/gcc/arm-none-eabi/8.3.1/../../../../arm-none-eabi/lib/thumb/v7e-m+fp/hard\libc_nano.a(lib_a-fflush.o)
                0x0800831c                __sflush_r
 .text._fflush_r
                0x08008428       0x78 c:/program files (x86)/gnu tools arm embedded/8 2019-q3-update/bin/../lib/gcc/arm-none-eabi/8.3.1/../../../../arm-none-eabi/lib/thumb/v7e-m+fp/hard\libc_nano.a(lib_a-fflush.o)
                0x08008428                _fflush_r
 .text.std      0x080084a0       0x48 c:/program files (x86)/gnu tools arm embedded/8 2019-q3-update/bin/../lib/gcc/arm-none-eabi/8.3.1/../../../../arm-none-eabi/lib/thumb/v7e-m+fp/hard\libc_nano.a(lib_a-findfp.o)
 .text._cleanup_r
                0x080084e8        0xc c:/program files (x86)/gnu tools arm embedded/8 2019-q3-update/bin/../lib/gcc/arm-none-eabi/8.3.1/../../../../arm-none-eabi/lib/thumb/v7e-m+fp/hard\libc_nano.a(lib_a-findfp.o)
                0x080084e8                _cleanup_r
 .text.__sfmoreglue
                0x080084f4       0x2c c:/program files (x86)/gnu tools arm embedded/8 2019-q3-update/bin/../lib/gcc/arm-none-eabi/8.3.1/../../../../arm-none-eabi/lib/thumb/v7e-m+fp/hard\libc_nano.a(lib_a-findfp.o)
                0x080084f4                __sfmoreglue
 .text.__sfp_lock_acquire
                0x08008520        0xc c:/program files (x86)/gnu tools arm embedded/8 2019-q3-update/bin/../lib/gcc/arm-none-eabi/8.3.1/../../../../arm-none-eabi/lib/thumb/v7e-m+fp/hard\libc_nano.a(lib_a-findfp.o)
                0x08008520                __sfp_lock_acquire
 .text.__sfp_lock_release
                0x0800852c        0xc c:/program files (x86)/gnu tools arm embedded/8 2019-q3-update/bin/../lib/gcc/arm-none-eabi/8.3.1/../../../../arm-none-eabi/lib/thumb/v7e-m+fp/hard\libc_nano.a(lib_a-findfp.o)
                0x0800852c                __sfp_lock_release
 .text.__sinit_lock_acquire
                0x08008538        0xc c:/program files (x86)/gnu tools arm embedded/8 2019-q3-update/bin/../lib/gcc/arm-none-eabi/8.3.1/../../../../arm-none-eabi/lib/thumb/v7e-m+fp/hard\libc_nano.a(lib_a-findfp.o)
                0x08008538                __sinit_lock_acquire
 .text.__sinit_lock_release
                0x08008544        0xc c:/program files (x86)/gnu tools arm embedded/8 2019-q3-update/bin/../lib/gcc/arm-none-eabi/8.3.1/../../../../arm-none-eabi/lib/thumb/v7e-m+fp/hard\libc_nano.a(lib_a-findfp.o)
                0x08008544                __sinit_lock_release
 .text.__sinit  0x08008550       0x70 c:/program files (x86)/gnu tools arm embedded/8 2019-q3-update/bin/../lib/gcc/arm-none-eabi/8.3.1/../../../../arm-none-eabi/lib/thumb/v7e-m+fp/hard\libc_nano.a(lib_a-findfp.o)
                0x08008550                __sinit
 .text.__sfp    0x080085c0       0x8c c:/program files (x86)/gnu tools arm embedded/8 2019-q3-update/bin/../lib/gcc/arm-none-eabi/8.3.1/../../../../arm-none-eabi/lib/thumb/v7e-m+fp/hard\libc_nano.a(lib_a-findfp.o)
                0x080085c0                __sfp
 .text._fwalk_reent
                0x0800864c       0x3c c:/program files (x86)/gnu tools arm embedded/8 2019-q3-update/bin/../lib/gcc/arm-none-eabi/8.3.1/../../../../arm-none-eabi/lib/thumb/v7e-m+fp/hard\libc_nano.a(lib_a-fwalk.o)
                0x0800864c                _fwalk_reent
 .text._localeconv_r
                0x08008688        0x8 c:/program files (x86)/gnu tools arm embedded/8 2019-q3-update/bin/../lib/gcc/arm-none-eabi/8.3.1/../../../../arm-none-eabi/lib/thumb/v7e-m+fp/hard\libc_nano.a(lib_a-localeconv.o)
                0x08008688                _localeconv_r
 .text.__retarget_lock_init_recursive
                0x08008690        0x2 c:/program files (x86)/gnu tools arm embedded/8 2019-q3-update/bin/../lib/gcc/arm-none-eabi/8.3.1/../../../../arm-none-eabi/lib/thumb/v7e-m+fp/hard\libc_nano.a(lib_a-lock.o)
                0x08008690                __retarget_lock_init_recursive
 .text.__retarget_lock_acquire_recursive
                0x08008692        0x2 c:/program files (x86)/gnu tools arm embedded/8 2019-q3-update/bin/../lib/gcc/arm-none-eabi/8.3.1/../../../../arm-none-eabi/lib/thumb/v7e-m+fp/hard\libc_nano.a(lib_a-lock.o)
                0x08008692                __retarget_lock_acquire_recursive
 .text.__retarget_lock_release_recursive
                0x08008694        0x2 c:/program files (x86)/gnu tools arm embedded/8 2019-q3-update/bin/../lib/gcc/arm-none-eabi/8.3.1/../../../../arm-none-eabi/lib/thumb/v7e-m+fp/hard\libc_nano.a(lib_a-lock.o)
                0x08008694                __retarget_lock_release_recursive
 .text.__swhatbuf_r
                0x08008696       0x48 c:/program files (x86)/gnu tools arm embedded/8 2019-q3-update/bin/../lib/gcc/arm-none-eabi/8.3.1/../../../../arm-none-eabi/lib/thumb/v7e-m+fp/hard\libc_nano.a(lib_a-makebuf.o)
                0x08008696                __swhatbuf_r
 *fill*         0x080086de        0x2 
 .text.__smakebuf_r
                0x080086e0       0x80 c:/program files (x86)/gnu tools arm embedded/8 2019-q3-update/bin/../lib/gcc/arm-none-eabi/8.3.1/../../../../arm-none-eabi/lib/thumb/v7e-m+fp/hard\libc_nano.a(lib_a-makebuf.o)
                0x080086e0                __smakebuf_r
 .text.malloc   0x08008760       0x10 c:/program files (x86)/gnu tools arm embedded/8 2019-q3-update/bin/../lib/gcc/arm-none-eabi/8.3.1/../../../../arm-none-eabi/lib/thumb/v7e-m+fp/hard\libc_nano.a(lib_a-malloc.o)
                0x08008760                malloc
 .text._Balloc  0x08008770       0x68 c:/program files (x86)/gnu tools arm embedded/8 2019-q3-update/bin/../lib/gcc/arm-none-eabi/8.3.1/../../../../arm-none-eabi/lib/thumb/v7e-m+fp/hard\libc_nano.a(lib_a-mprec.o)
                0x08008770                _Balloc
 .text._Bfree   0x080087d8       0x2e c:/program files (x86)/gnu tools arm embedded/8 2019-q3-update/bin/../lib/gcc/arm-none-eabi/8.3.1/../../../../arm-none-eabi/lib/thumb/v7e-m+fp/hard\libc_nano.a(lib_a-mprec.o)
                0x080087d8                _Bfree
 .text.__multadd
                0x08008806       0x76 c:/program files (x86)/gnu tools arm embedded/8 2019-q3-update/bin/../lib/gcc/arm-none-eabi/8.3.1/../../../../arm-none-eabi/lib/thumb/v7e-m+fp/hard\libc_nano.a(lib_a-mprec.o)
                0x08008806                __multadd
 .text.__hi0bits
                0x0800887c       0x40 c:/program files (x86)/gnu tools arm embedded/8 2019-q3-update/bin/../lib/gcc/arm-none-eabi/8.3.1/../../../../arm-none-eabi/lib/thumb/v7e-m+fp/hard\libc_nano.a(lib_a-mprec.o)
                0x0800887c                __hi0bits
 .text.__lo0bits
                0x080088bc       0x60 c:/program files (x86)/gnu tools arm embedded/8 2019-q3-update/bin/../lib/gcc/arm-none-eabi/8.3.1/../../../../arm-none-eabi/lib/thumb/v7e-m+fp/hard\libc_nano.a(lib_a-mprec.o)
                0x080088bc                __lo0bits
 .text.__i2b    0x0800891c       0x12 c:/program files (x86)/gnu tools arm embedded/8 2019-q3-update/bin/../lib/gcc/arm-none-eabi/8.3.1/../../../../arm-none-eabi/lib/thumb/v7e-m+fp/hard\libc_nano.a(lib_a-mprec.o)
                0x0800891c                __i2b
 .text.__multiply
                0x0800892e      0x120 c:/program files (x86)/gnu tools arm embedded/8 2019-q3-update/bin/../lib/gcc/arm-none-eabi/8.3.1/../../../../arm-none-eabi/lib/thumb/v7e-m+fp/hard\libc_nano.a(lib_a-mprec.o)
                0x0800892e                __multiply
 *fill*         0x08008a4e        0x2 
 .text.__pow5mult
                0x08008a50       0x9c c:/program files (x86)/gnu tools arm embedded/8 2019-q3-update/bin/../lib/gcc/arm-none-eabi/8.3.1/../../../../arm-none-eabi/lib/thumb/v7e-m+fp/hard\libc_nano.a(lib_a-mprec.o)
                0x08008a50                __pow5mult
 .text.__lshift
                0x08008aec       0xa6 c:/program files (x86)/gnu tools arm embedded/8 2019-q3-update/bin/../lib/gcc/arm-none-eabi/8.3.1/../../../../arm-none-eabi/lib/thumb/v7e-m+fp/hard\libc_nano.a(lib_a-mprec.o)
                0x08008aec                __lshift
 .text.__mcmp   0x08008b92       0x34 c:/program files (x86)/gnu tools arm embedded/8 2019-q3-update/bin/../lib/gcc/arm-none-eabi/8.3.1/../../../../arm-none-eabi/lib/thumb/v7e-m+fp/hard\libc_nano.a(lib_a-mprec.o)
                0x08008b92                __mcmp
 .text.__mdiff  0x08008bc6       0xba c:/program files (x86)/gnu tools arm embedded/8 2019-q3-update/bin/../lib/gcc/arm-none-eabi/8.3.1/../../../../arm-none-eabi/lib/thumb/v7e-m+fp/hard\libc_nano.a(lib_a-mprec.o)
                0x08008bc6                __mdiff
 .text.__d2b    0x08008c80       0x9c c:/program files (x86)/gnu tools arm embedded/8 2019-q3-update/bin/../lib/gcc/arm-none-eabi/8.3.1/../../../../arm-none-eabi/lib/thumb/v7e-m+fp/hard\libc_nano.a(lib_a-mprec.o)
                0x08008c80                __d2b
 .text._calloc_r
                0x08008d1c       0x1c c:/program files (x86)/gnu tools arm embedded/8 2019-q3-update/bin/../lib/gcc/arm-none-eabi/8.3.1/../../../../arm-none-eabi/lib/thumb/v7e-m+fp/hard\libc_nano.a(lib_a-nano-callocr.o)
                0x08008d1c                _calloc_r
 .text._free_r  0x08008d38       0x9c c:/program files (x86)/gnu tools arm embedded/8 2019-q3-update/bin/../lib/gcc/arm-none-eabi/8.3.1/../../../../arm-none-eabi/lib/thumb/v7e-m+fp/hard\libc_nano.a(lib_a-nano-freer.o)
                0x08008d38                _free_r
 .text._malloc_r
                0x08008dd4       0xb4 c:/program files (x86)/gnu tools arm embedded/8 2019-q3-update/bin/../lib/gcc/arm-none-eabi/8.3.1/../../../../arm-none-eabi/lib/thumb/v7e-m+fp/hard\libc_nano.a(lib_a-nano-mallocr.o)
                0x08008dd4                _malloc_r
 .text.__sfputc_r
                0x08008e88       0x2e c:/program files (x86)/gnu tools arm embedded/8 2019-q3-update/bin/../lib/gcc/arm-none-eabi/8.3.1/../../../../arm-none-eabi/lib/thumb/v7e-m+fp/hard\libc_nano.a(lib_a-nano-vfprintf.o)
 .text.__sfputs_r
                0x08008eb6       0x24 c:/program files (x86)/gnu tools arm embedded/8 2019-q3-update/bin/../lib/gcc/arm-none-eabi/8.3.1/../../../../arm-none-eabi/lib/thumb/v7e-m+fp/hard\libc_nano.a(lib_a-nano-vfprintf.o)
                0x08008eb6                __sfputs_r
 *fill*         0x08008eda        0x2 
 .text._vfprintf_r
                0x08008edc      0x250 c:/program files (x86)/gnu tools arm embedded/8 2019-q3-update/bin/../lib/gcc/arm-none-eabi/8.3.1/../../../../arm-none-eabi/lib/thumb/v7e-m+fp/hard\libc_nano.a(lib_a-nano-vfprintf.o)
                0x08008edc                _vfprintf_r
                0x08008edc                _vfiprintf_r
 .text._sbrk_r  0x0800912c       0x20 c:/program files (x86)/gnu tools arm embedded/8 2019-q3-update/bin/../lib/gcc/arm-none-eabi/8.3.1/../../../../arm-none-eabi/lib/thumb/v7e-m+fp/hard\libc_nano.a(lib_a-sbrkr.o)
                0x0800912c                _sbrk_r
 .text.__sread  0x0800914c       0x22 c:/program files (x86)/gnu tools arm embedded/8 2019-q3-update/bin/../lib/gcc/arm-none-eabi/8.3.1/../../../../arm-none-eabi/lib/thumb/v7e-m+fp/hard\libc_nano.a(lib_a-stdio.o)
                0x0800914c                __sread
 .text.__swrite
                0x0800916e       0x38 c:/program files (x86)/gnu tools arm embedded/8 2019-q3-update/bin/../lib/gcc/arm-none-eabi/8.3.1/../../../../arm-none-eabi/lib/thumb/v7e-m+fp/hard\libc_nano.a(lib_a-stdio.o)
                0x0800916e                __swrite
 .text.__sseek  0x080091a6       0x24 c:/program files (x86)/gnu tools arm embedded/8 2019-q3-update/bin/../lib/gcc/arm-none-eabi/8.3.1/../../../../arm-none-eabi/lib/thumb/v7e-m+fp/hard\libc_nano.a(lib_a-stdio.o)
                0x080091a6                __sseek
 .text.__sclose
                0x080091ca        0x8 c:/program files (x86)/gnu tools arm embedded/8 2019-q3-update/bin/../lib/gcc/arm-none-eabi/8.3.1/../../../../arm-none-eabi/lib/thumb/v7e-m+fp/hard\libc_nano.a(lib_a-stdio.o)
                0x080091ca                __sclose
 *fill*         0x080091d2        0x2 
 .text._write_r
                0x080091d4       0x24 c:/program files (x86)/gnu tools arm embedded/8 2019-q3-update/bin/../lib/gcc/arm-none-eabi/8.3.1/../../../../arm-none-eabi/lib/thumb/v7e-m+fp/hard\libc_nano.a(lib_a-writer.o)
                0x080091d4                _write_r
 .text._close_r
                0x080091f8       0x20 c:/program files (x86)/gnu tools arm embedded/8 2019-q3-update/bin/../lib/gcc/arm-none-eabi/8.3.1/../../../../arm-none-eabi/lib/thumb/v7e-m+fp/hard\libc_nano.a(lib_a-closer.o)
                0x080091f8                _close_r
 .text._fstat_r
                0x08009218       0x24 c:/program files (x86)/gnu tools arm embedded/8 2019-q3-update/bin/../lib/gcc/arm-none-eabi/8.3.1/../../../../arm-none-eabi/lib/thumb/v7e-m+fp/hard\libc_nano.a(lib_a-fstatr.o)
                0x08009218                _fstat_r
 .text._isatty_r
                0x0800923c       0x20 c:/program files (x86)/gnu tools arm embedded/8 2019-q3-update/bin/../lib/gcc/arm-none-eabi/8.3.1/../../../../arm-none-eabi/lib/thumb/v7e-m+fp/hard\libc_nano.a(lib_a-isattyr.o)
                0x0800923c                _isatty_r
 .text._lseek_r
                0x0800925c       0x24 c:/program files (x86)/gnu tools arm embedded/8 2019-q3-update/bin/../lib/gcc/arm-none-eabi/8.3.1/../../../../arm-none-eabi/lib/thumb/v7e-m+fp/hard\libc_nano.a(lib_a-lseekr.o)
                0x0800925c                _lseek_r
 .text.__ascii_mbtowc
                0x08009280       0x24 c:/program files (x86)/gnu tools arm embedded/8 2019-q3-update/bin/../lib/gcc/arm-none-eabi/8.3.1/../../../../arm-none-eabi/lib/thumb/v7e-m+fp/hard\libc_nano.a(lib_a-mbtowc_r.o)
                0x08009280                __ascii_mbtowc
 .text.__malloc_lock
                0x080092a4        0xc c:/program files (x86)/gnu tools arm embedded/8 2019-q3-update/bin/../lib/gcc/arm-none-eabi/8.3.1/../../../../arm-none-eabi/lib/thumb/v7e-m+fp/hard\libc_nano.a(lib_a-mlock.o)
                0x080092a4                __malloc_lock
 .text.__malloc_unlock
                0x080092b0        0xc c:/program files (x86)/gnu tools arm embedded/8 2019-q3-update/bin/../lib/gcc/arm-none-eabi/8.3.1/../../../../arm-none-eabi/lib/thumb/v7e-m+fp/hard\libc_nano.a(lib_a-mlock.o)
                0x080092b0                __malloc_unlock
 .text._read_r  0x080092bc       0x24 c:/program files (x86)/gnu tools arm embedded/8 2019-q3-update/bin/../lib/gcc/arm-none-eabi/8.3.1/../../../../arm-none-eabi/lib/thumb/v7e-m+fp/hard\libc_nano.a(lib_a-readr.o)
                0x080092bc                _read_r
 .text.__ascii_wctomb
                0x080092e0       0x1a c:/program files (x86)/gnu tools arm embedded/8 2019-q3-update/bin/../lib/gcc/arm-none-eabi/8.3.1/../../../../arm-none-eabi/lib/thumb/v7e-m+fp/hard\libc_nano.a(lib_a-wctomb_r.o)
                0x080092e0                __ascii_wctomb
 *fill*         0x080092fa        0x6 
 .text.pow      0x08009300      0x19c c:/program files (x86)/gnu tools arm embedded/8 2019-q3-update/bin/../lib/gcc/arm-none-eabi/8.3.1/../../../../arm-none-eabi/lib/thumb/v7e-m+fp/hard\libm.a(lib_a-w_pow.o)
                0x08009300                pow
 *fill*         0x0800949c        0x4 
 .text.__ieee754_pow
                0x080094a0      0xad8 c:/program files (x86)/gnu tools arm embedded/8 2019-q3-update/bin/../lib/gcc/arm-none-eabi/8.3.1/../../../../arm-none-eabi/lib/thumb/v7e-m+fp/hard\libm.a(lib_a-e_pow.o)
                0x080094a0                __ieee754_pow
 .text.__ieee754_sqrt
                0x08009f78      0x198 c:/program files (x86)/gnu tools arm embedded/8 2019-q3-update/bin/../lib/gcc/arm-none-eabi/8.3.1/../../../../arm-none-eabi/lib/thumb/v7e-m+fp/hard\libm.a(lib_a-e_sqrt.o)
                0x08009f78                __ieee754_sqrt
 .text.fabs     0x0800a110       0x14 c:/program files (x86)/gnu tools arm embedded/8 2019-q3-update/bin/../lib/gcc/arm-none-eabi/8.3.1/../../../../arm-none-eabi/lib/thumb/v7e-m+fp/hard\libm.a(lib_a-s_fabs.o)
                0x0800a110                fabs
 .text.finite   0x0800a124       0x10 c:/program files (x86)/gnu tools arm embedded/8 2019-q3-update/bin/../lib/gcc/arm-none-eabi/8.3.1/../../../../arm-none-eabi/lib/thumb/v7e-m+fp/hard\libm.a(lib_a-s_finite.o)
                0x0800a124                finite
 *fill*         0x0800a134        0x4 
 .text.nan      0x0800a138       0x10 c:/program files (x86)/gnu tools arm embedded/8 2019-q3-update/bin/../lib/gcc/arm-none-eabi/8.3.1/../../../../arm-none-eabi/lib/thumb/v7e-m+fp/hard\libm.a(lib_a-s_nan.o)
                0x0800a138                nan
 .text.rint     0x0800a148      0x120 c:/program files (x86)/gnu tools arm embedded/8 2019-q3-update/bin/../lib/gcc/arm-none-eabi/8.3.1/../../../../arm-none-eabi/lib/thumb/v7e-m+fp/hard\libm.a(lib_a-s_rint.o)
                0x0800a148                rint
 .text.scalbn   0x0800a268      0x124 c:/program files (x86)/gnu tools arm embedded/8 2019-q3-update/bin/../lib/gcc/arm-none-eabi/8.3.1/../../../../arm-none-eabi/lib/thumb/v7e-m+fp/hard\libm.a(lib_a-s_scalbn.o)
                0x0800a268                scalbn
 .text._close   0x0800a38c       0x10 c:/program files (x86)/gnu tools arm embedded/8 2019-q3-update/bin/../lib/gcc/arm-none-eabi/8.3.1/../../../../arm-none-eabi/lib/thumb/v7e-m+fp/hard\libnosys.a(close.o)
                0x0800a38c                _close
 .text._fstat   0x0800a39c       0x10 c:/program files (x86)/gnu tools arm embedded/8 2019-q3-update/bin/../lib/gcc/arm-none-eabi/8.3.1/../../../../arm-none-eabi/lib/thumb/v7e-m+fp/hard\libnosys.a(fstat.o)
                0x0800a39c                _fstat
 .text._isatty  0x0800a3ac       0x10 c:/program files (x86)/gnu tools arm embedded/8 2019-q3-update/bin/../lib/gcc/arm-none-eabi/8.3.1/../../../../arm-none-eabi/lib/thumb/v7e-m+fp/hard\libnosys.a(isatty.o)
                0x0800a3ac                _isatty
 .text._lseek   0x0800a3bc       0x10 c:/program files (x86)/gnu tools arm embedded/8 2019-q3-update/bin/../lib/gcc/arm-none-eabi/8.3.1/../../../../arm-none-eabi/lib/thumb/v7e-m+fp/hard\libnosys.a(lseek.o)
                0x0800a3bc                _lseek
 .text._read    0x0800a3cc       0x10 c:/program files (x86)/gnu tools arm embedded/8 2019-q3-update/bin/../lib/gcc/arm-none-eabi/8.3.1/../../../../arm-none-eabi/lib/thumb/v7e-m+fp/hard\libnosys.a(read.o)
                0x0800a3cc                _read
 .text._sbrk    0x0800a3dc       0x1c c:/program files (x86)/gnu tools arm embedded/8 2019-q3-update/bin/../lib/gcc/arm-none-eabi/8.3.1/../../../../arm-none-eabi/lib/thumb/v7e-m+fp/hard\libnosys.a(sbrk.o)
                0x0800a3dc                _sbrk
 .text.__errno  0x0800a3f8        0xc c:/program files (x86)/gnu tools arm embedded/8 2019-q3-update/bin/../lib/gcc/arm-none-eabi/8.3.1/../../../../arm-none-eabi/lib/thumb/v7e-m+fp/hard\libc_nano.a(lib_a-errno.o)
                0x0800a3f8                __errno
 *(.glue_7)
 .glue_7        0x0800a404        0x0 linker stubs
 *(.glue_7t)
 .glue_7t       0x0800a404        0x0 linker stubs
 *(.eh_frame)
 .eh_frame      0x0800a404        0x0 c:/program files (x86)/gnu tools arm embedded/8 2019-q3-update/bin/../lib/gcc/arm-none-eabi/8.3.1/thumb/v7e-m+fp/hard/crtbegin.o
 *(.init)
 .init          0x0800a404        0x4 c:/program files (x86)/gnu tools arm embedded/8 2019-q3-update/bin/../lib/gcc/arm-none-eabi/8.3.1/thumb/v7e-m+fp/hard/crti.o
                0x0800a404                _init
 .init          0x0800a408        0x8 c:/program files (x86)/gnu tools arm embedded/8 2019-q3-update/bin/../lib/gcc/arm-none-eabi/8.3.1/thumb/v7e-m+fp/hard/crtn.o
 *(.fini)
 .fini          0x0800a410        0x4 c:/program files (x86)/gnu tools arm embedded/8 2019-q3-update/bin/../lib/gcc/arm-none-eabi/8.3.1/thumb/v7e-m+fp/hard/crti.o
                0x0800a410                _fini
 .fini          0x0800a414        0x8 c:/program files (x86)/gnu tools arm embedded/8 2019-q3-update/bin/../lib/gcc/arm-none-eabi/8.3.1/thumb/v7e-m+fp/hard/crtn.o
                0x0800a420                . = ALIGN (0x8)
 *fill*         0x0800a41c        0x4 
                0x0800a420                _etext = .

.vfp11_veneer   0x0800a420        0x0
 .vfp11_veneer  0x0800a420        0x0 linker stubs

.v4_bx          0x0800a420        0x0
 .v4_bx         0x0800a420        0x0 linker stubs

.iplt           0x0800a420        0x0
 .iplt          0x0800a420        0x0 c:/program files (x86)/gnu tools arm embedded/8 2019-q3-update/bin/../lib/gcc/arm-none-eabi/8.3.1/thumb/v7e-m+fp/hard/crtbegin.o

.rodata         0x0800a420      0x598
                0x0800a420                . = ALIGN (0x8)
 *(.rodata)
 *(.rodata*)
 .rodata.GPS_Read.str1.4
                0x0800a420       0x18 ../../applications/gps-firefly-example/build/gps-firefly-example.o
 .rodata.main.str1.4
                0x0800a438       0x2d ../../applications/gps-firefly-example/build/gps-firefly-example.o
 *fill*         0x0800a465        0x3 
 .rodata.printWelcome.str1.4
                0x0800a468       0x4c ../../applications/gps-firefly-example/build/gps-firefly-example.o
 .rodata.setGPSCoordinates.str1.4
                0x0800a4b4       0x28 ../../applications/gps-firefly-example/build/gps-firefly-example.o
 .rodata.Firefly_Initialize.str1.4
                0x0800a4dc       0xab ../../applications/gps-firefly-example/build/fireflyx1.o
 *fill*         0x0800a587        0x1 
 .rodata.Firefly_communication_check.str1.4
                0x0800a588       0x41 ../../applications/gps-firefly-example/build/fireflyx1.o
 *fill*         0x0800a5c9        0x3 
 .rodata.parse_gngga.str1.4
                0x0800a5cc        0x7 ../../applications/gps-firefly-example/build/nmea.o
 *fill*         0x0800a5d3        0x1 
 .rodata.transitions
                0x0800a5d4       0xa0 ../../applications/gps-firefly-example/build/nmea.o
 .rodata.vTaskStartScheduler.str1.4
                0x0800a674        0x5 ../../applications/gps-firefly-example/build/tasks.o
 *fill*         0x0800a679        0x3 
 .rodata.prvCheckForValidListAndQueue.str1.4
                0x0800a67c        0x5 ../../applications/gps-firefly-example/build/timers.o
 *fill*         0x0800a681        0x3 
 .rodata.xTimerCreateTimerTask.str1.4
                0x0800a684        0x8 ../../applications/gps-firefly-example/build/timers.o
 .rodata.osTimerCreate.str1.4
                0x0800a68c        0x8 ../../applications/gps-firefly-example/build/cmsis_os.o
                                  0x1 (size before relaxing)
 .rodata.platform_getHeader.str1.4
                0x0800a68c       0x14 ../../applications/gps-firefly-example/build/octa.o
                                 0x13 (size before relaxing)
 .rodata.AHBPrescTable
                0x0800a6a0       0x10 ../../applications/gps-firefly-example/build/system_stm32l4xx.o
                0x0800a6a0                AHBPrescTable
 .rodata.APBPrescTable
                0x0800a6b0        0x8 ../../applications/gps-firefly-example/build/system_stm32l4xx.o
                0x0800a6b0                APBPrescTable
 .rodata.MSIRangeTable
                0x0800a6b8       0x30 ../../applications/gps-firefly-example/build/system_stm32l4xx.o
                0x0800a6b8                MSIRangeTable
 .rodata._global_impure_ptr
                0x0800a6e8        0x4 c:/program files (x86)/gnu tools arm embedded/8 2019-q3-update/bin/../lib/gcc/arm-none-eabi/8.3.1/../../../../arm-none-eabi/lib/thumb/v7e-m+fp/hard\libc_nano.a(lib_a-impure.o)
                0x0800a6e8                _global_impure_ptr
 .rodata._printf_float.str1.1
                0x0800a6ec       0x12 c:/program files (x86)/gnu tools arm embedded/8 2019-q3-update/bin/../lib/gcc/arm-none-eabi/8.3.1/../../../../arm-none-eabi/lib/thumb/v7e-m+fp/hard\libc_nano.a(lib_a-nano-vfprintf_float.o)
 .rodata._printf_i.str1.1
                0x0800a6fe       0x22 c:/program files (x86)/gnu tools arm embedded/8 2019-q3-update/bin/../lib/gcc/arm-none-eabi/8.3.1/../../../../arm-none-eabi/lib/thumb/v7e-m+fp/hard\libc_nano.a(lib_a-nano-vfprintf_i.o)
 .rodata._dtoa_r.str1.1
                0x0800a720        0xd c:/program files (x86)/gnu tools arm embedded/8 2019-q3-update/bin/../lib/gcc/arm-none-eabi/8.3.1/../../../../arm-none-eabi/lib/thumb/v7e-m+fp/hard\libc_nano.a(lib_a-dtoa.o)
                                  0xf (size before relaxing)
 *fill*         0x0800a72d        0x3 
 .rodata.__sf_fake_stderr
                0x0800a730       0x20 c:/program files (x86)/gnu tools arm embedded/8 2019-q3-update/bin/../lib/gcc/arm-none-eabi/8.3.1/../../../../arm-none-eabi/lib/thumb/v7e-m+fp/hard\libc_nano.a(lib_a-findfp.o)
                0x0800a730                __sf_fake_stderr
 .rodata.__sf_fake_stdin
                0x0800a750       0x20 c:/program files (x86)/gnu tools arm embedded/8 2019-q3-update/bin/../lib/gcc/arm-none-eabi/8.3.1/../../../../arm-none-eabi/lib/thumb/v7e-m+fp/hard\libc_nano.a(lib_a-findfp.o)
                0x0800a750                __sf_fake_stdin
 .rodata.__sf_fake_stdout
                0x0800a770       0x20 c:/program files (x86)/gnu tools arm embedded/8 2019-q3-update/bin/../lib/gcc/arm-none-eabi/8.3.1/../../../../arm-none-eabi/lib/thumb/v7e-m+fp/hard\libc_nano.a(lib_a-findfp.o)
                0x0800a770                __sf_fake_stdout
 .rodata.__mprec_bigtens
                0x0800a790       0x28 c:/program files (x86)/gnu tools arm embedded/8 2019-q3-update/bin/../lib/gcc/arm-none-eabi/8.3.1/../../../../arm-none-eabi/lib/thumb/v7e-m+fp/hard\libc_nano.a(lib_a-mprec.o)
                0x0800a790                __mprec_bigtens
 .rodata.__mprec_tens
                0x0800a7b8       0xc8 c:/program files (x86)/gnu tools arm embedded/8 2019-q3-update/bin/../lib/gcc/arm-none-eabi/8.3.1/../../../../arm-none-eabi/lib/thumb/v7e-m+fp/hard\libc_nano.a(lib_a-mprec.o)
                0x0800a7b8                __mprec_tens
 .rodata.p05.7444
                0x0800a880        0xc c:/program files (x86)/gnu tools arm embedded/8 2019-q3-update/bin/../lib/gcc/arm-none-eabi/8.3.1/../../../../arm-none-eabi/lib/thumb/v7e-m+fp/hard\libc_nano.a(lib_a-mprec.o)
 .rodata._vfprintf_r.str1.1
                0x0800a88c       0x11 c:/program files (x86)/gnu tools arm embedded/8 2019-q3-update/bin/../lib/gcc/arm-none-eabi/8.3.1/../../../../arm-none-eabi/lib/thumb/v7e-m+fp/hard\libc_nano.a(lib_a-nano-vfprintf.o)
 .rodata._setlocale_r.str1.1
                0x0800a89d        0x8 c:/program files (x86)/gnu tools arm embedded/8 2019-q3-update/bin/../lib/gcc/arm-none-eabi/8.3.1/../../../../arm-none-eabi/lib/thumb/v7e-m+fp/hard\libc_nano.a(lib_a-locale.o)
                                  0x9 (size before relaxing)
 .rodata.str1.1
                0x0800a8a5        0x2 c:/program files (x86)/gnu tools arm embedded/8 2019-q3-update/bin/../lib/gcc/arm-none-eabi/8.3.1/../../../../arm-none-eabi/lib/thumb/v7e-m+fp/hard\libc_nano.a(lib_a-locale.o)
 .rodata._ctype_
                0x0800a8a7      0x101 c:/program files (x86)/gnu tools arm embedded/8 2019-q3-update/bin/../lib/gcc/arm-none-eabi/8.3.1/../../../../arm-none-eabi/lib/thumb/v7e-m+fp/hard\libc_nano.a(lib_a-ctype_.o)
                0x0800a8a7                _ctype_
 .rodata.__ieee754_pow.str1.4
                0x0800a9a8        0x1 c:/program files (x86)/gnu tools arm embedded/8 2019-q3-update/bin/../lib/gcc/arm-none-eabi/8.3.1/../../../../arm-none-eabi/lib/thumb/v7e-m+fp/hard\libm.a(lib_a-e_pow.o)
 .rodata.TWO52  0x0800a9a8       0x10 c:/program files (x86)/gnu tools arm embedded/8 2019-q3-update/bin/../lib/gcc/arm-none-eabi/8.3.1/../../../../arm-none-eabi/lib/thumb/v7e-m+fp/hard\libm.a(lib_a-s_rint.o)
                0x0800a9b8                . = ALIGN (0x8)

.ARM.extab      0x0800a9b8        0x0
                0x0800a9b8                . = ALIGN (0x8)
 *(.ARM.extab* .gnu.linkonce.armextab.*)
                0x0800a9b8                . = ALIGN (0x8)

.ARM            0x0800a9b8        0x8
                0x0800a9b8                . = ALIGN (0x8)
                0x0800a9b8                __exidx_start = .
 *(.ARM.exidx*)
 .ARM.exidx     0x0800a9b8        0x8 c:/program files (x86)/gnu tools arm embedded/8 2019-q3-update/bin/../lib/gcc/arm-none-eabi/8.3.1/thumb/v7e-m+fp/hard\libgcc.a(_udivmoddi4.o)
                0x0800a9c0                __exidx_end = .
                0x0800a9c0                . = ALIGN (0x8)

.rel.dyn        0x0800a9c0        0x0
 .rel.iplt      0x0800a9c0        0x0 c:/program files (x86)/gnu tools arm embedded/8 2019-q3-update/bin/../lib/gcc/arm-none-eabi/8.3.1/thumb/v7e-m+fp/hard/crtbegin.o

.preinit_array  0x0800a9c0        0x0
                0x0800a9c0                . = ALIGN (0x8)
                0x0800a9c0                PROVIDE (__preinit_array_start = .)
 *(.preinit_array*)
                0x0800a9c0                PROVIDE (__preinit_array_end = .)
                0x0800a9c0                . = ALIGN (0x8)

.init_array     0x0800a9c0        0x8
                0x0800a9c0                . = ALIGN (0x8)
                0x0800a9c0                PROVIDE (__init_array_start = .)
 *(SORT_BY_NAME(.init_array.*))
 *(.init_array*)
 .init_array    0x0800a9c0        0x4 c:/program files (x86)/gnu tools arm embedded/8 2019-q3-update/bin/../lib/gcc/arm-none-eabi/8.3.1/thumb/v7e-m+fp/hard/crtbegin.o
                0x0800a9c4                PROVIDE (__init_array_end = .)
                0x0800a9c8                . = ALIGN (0x8)
 *fill*         0x0800a9c4        0x4 

.fini_array     0x0800a9c8        0x8
                0x0800a9c8                . = ALIGN (0x8)
                [!provide]                PROVIDE (__fini_array_start = .)
 *(SORT_BY_NAME(.fini_array.*))
 *(.fini_array*)
 .fini_array    0x0800a9c8        0x4 c:/program files (x86)/gnu tools arm embedded/8 2019-q3-update/bin/../lib/gcc/arm-none-eabi/8.3.1/thumb/v7e-m+fp/hard/crtbegin.o
                [!provide]                PROVIDE (__fini_array_end = .)
                0x0800a9d0                . = ALIGN (0x8)
 *fill*         0x0800a9cc        0x4 
                0x0800a9d0                _sidata = LOADADDR (.data)

.data           0x20000000      0x1e0 load address 0x0800a9d0
                0x20000000                . = ALIGN (0x8)
                0x20000000                _sdata = .
 *(.data)
 *(.data*)
 .data.uxCriticalNesting
                0x20000000        0x4 ../../applications/gps-firefly-example/build/port.o
 .data.SystemCoreClock
                0x20000004        0x4 ../../applications/gps-firefly-example/build/system_stm32l4xx.o
                0x20000004                SystemCoreClock
 .data._impure_ptr
                0x20000008        0x4 c:/program files (x86)/gnu tools arm embedded/8 2019-q3-update/bin/../lib/gcc/arm-none-eabi/8.3.1/../../../../arm-none-eabi/lib/thumb/v7e-m+fp/hard\libc_nano.a(lib_a-impure.o)
                0x20000008                _impure_ptr
 .data.impure_data
                0x2000000c       0x60 c:/program files (x86)/gnu tools arm embedded/8 2019-q3-update/bin/../lib/gcc/arm-none-eabi/8.3.1/../../../../arm-none-eabi/lib/thumb/v7e-m+fp/hard\libc_nano.a(lib_a-impure.o)
 .data.__global_locale
                0x2000006c      0x16c c:/program files (x86)/gnu tools arm embedded/8 2019-q3-update/bin/../lib/gcc/arm-none-eabi/8.3.1/../../../../arm-none-eabi/lib/thumb/v7e-m+fp/hard\libc_nano.a(lib_a-locale.o)
                0x2000006c                __global_locale
 .data.__fdlib_version
                0x200001d8        0x1 c:/program files (x86)/gnu tools arm embedded/8 2019-q3-update/bin/../lib/gcc/arm-none-eabi/8.3.1/../../../../arm-none-eabi/lib/thumb/v7e-m+fp/hard\libm.a(lib_a-s_lib_ver.o)
                0x200001d8                __fdlib_version
                0x200001e0                . = ALIGN (0x8)
 *fill*         0x200001d9        0x7 
                0x200001e0                _edata = .

.igot.plt       0x200001e0        0x0 load address 0x0800abb0
 .igot.plt      0x200001e0        0x0 c:/program files (x86)/gnu tools arm embedded/8 2019-q3-update/bin/../lib/gcc/arm-none-eabi/8.3.1/thumb/v7e-m+fp/hard/crtbegin.o
                0x200001e0                . = ALIGN (0x4)

.bss            0x200001e0    0x2496c load address 0x0800abb0
                0x200001e0                _sbss = .
                0x200001e0                __bss_start__ = _sbss
 *(.bss)
 .bss           0x200001e0       0x1c c:/program files (x86)/gnu tools arm embedded/8 2019-q3-update/bin/../lib/gcc/arm-none-eabi/8.3.1/thumb/v7e-m+fp/hard/crtbegin.o
 *(.bss*)
 .bss.currentLocation
                0x200001fc        0xc ../../applications/gps-firefly-example/build/gps-firefly-example.o
                0x200001fc                currentLocation
 .bss.hasGPSFix
                0x20000208        0x1 ../../applications/gps-firefly-example/build/gps-firefly-example.o
                0x20000208                hasGPSFix
 *fill*         0x20000209        0x3 
 .bss.current_position
                0x2000020c       0x2c ../../applications/gps-firefly-example/build/nmea.o
 .bss.current_state
                0x20000238        0x4 ../../applications/gps-firefly-example/build/nmea.o
 .bss.dec.6782  0x2000023c        0x1 ../../applications/gps-firefly-example/build/nmea.o
 .bss.pos.6712  0x2000023d        0x1 ../../applications/gps-firefly-example/build/nmea.o
 .bss.pos.6717  0x2000023e        0x1 ../../applications/gps-firefly-example/build/nmea.o
 .bss.pos.6733  0x2000023f        0x1 ../../applications/gps-firefly-example/build/nmea.o
 .bss.pos.6753  0x20000240        0x1 ../../applications/gps-firefly-example/build/nmea.o
 .bss.pos.6777  0x20000241        0x1 ../../applications/gps-firefly-example/build/nmea.o
 .bss.pos.6781  0x20000242        0x1 ../../applications/gps-firefly-example/build/nmea.o
 *fill*         0x20000243        0x1 
 .bss.position  0x20000244       0x2c ../../applications/gps-firefly-example/build/nmea.o
 .bss.pxCurrentTCB
                0x20000270        0x4 ../../applications/gps-firefly-example/build/tasks.o
                0x20000270                pxCurrentTCB
 .bss.pxDelayedTaskList
                0x20000274        0x4 ../../applications/gps-firefly-example/build/tasks.o
 .bss.pxOverflowDelayedTaskList
                0x20000278        0x4 ../../applications/gps-firefly-example/build/tasks.o
 .bss.pxReadyTasksLists
                0x2000027c       0x8c ../../applications/gps-firefly-example/build/tasks.o
 .bss.uxCurrentNumberOfTasks
                0x20000308        0x4 ../../applications/gps-firefly-example/build/tasks.o
 .bss.uxDeletedTasksWaitingCleanUp
                0x2000030c        0x4 ../../applications/gps-firefly-example/build/tasks.o
 .bss.uxPendedTicks
                0x20000310        0x4 ../../applications/gps-firefly-example/build/tasks.o
 .bss.uxSchedulerSuspended
                0x20000314        0x4 ../../applications/gps-firefly-example/build/tasks.o
 .bss.uxTaskNumber
                0x20000318        0x4 ../../applications/gps-firefly-example/build/tasks.o
 .bss.uxTopReadyPriority
                0x2000031c        0x4 ../../applications/gps-firefly-example/build/tasks.o
 .bss.xDelayedTaskList1
                0x20000320       0x14 ../../applications/gps-firefly-example/build/tasks.o
 .bss.xDelayedTaskList2
                0x20000334       0x14 ../../applications/gps-firefly-example/build/tasks.o
 .bss.xIdleTaskHandle
                0x20000348        0x4 ../../applications/gps-firefly-example/build/tasks.o
 .bss.xNextTaskUnblockTime
                0x2000034c        0x4 ../../applications/gps-firefly-example/build/tasks.o
 .bss.xNumOfOverflows
                0x20000350        0x4 ../../applications/gps-firefly-example/build/tasks.o
 .bss.xPendingReadyList
                0x20000354       0x14 ../../applications/gps-firefly-example/build/tasks.o
 .bss.xSchedulerRunning
                0x20000368        0x4 ../../applications/gps-firefly-example/build/tasks.o
 .bss.xSuspendedTaskList
                0x2000036c       0x14 ../../applications/gps-firefly-example/build/tasks.o
 .bss.xTasksWaitingTermination
                0x20000380       0x14 ../../applications/gps-firefly-example/build/tasks.o
 .bss.xTickCount
                0x20000394        0x4 ../../applications/gps-firefly-example/build/tasks.o
 .bss.xYieldPending
                0x20000398        0x4 ../../applications/gps-firefly-example/build/tasks.o
 .bss.pxCurrentTimerList
                0x2000039c        0x4 ../../applications/gps-firefly-example/build/timers.o
 .bss.pxOverflowTimerList
                0x200003a0        0x4 ../../applications/gps-firefly-example/build/timers.o
 .bss.xActiveTimerList1
                0x200003a4       0x14 ../../applications/gps-firefly-example/build/timers.o
 .bss.xActiveTimerList2
                0x200003b8       0x14 ../../applications/gps-firefly-example/build/timers.o
 .bss.xLastTime.6811
                0x200003cc        0x4 ../../applications/gps-firefly-example/build/timers.o
 .bss.xTimerQueue
                0x200003d0        0x4 ../../applications/gps-firefly-example/build/timers.o
 .bss.xTimerTaskHandle
                0x200003d4        0x4 ../../applications/gps-firefly-example/build/timers.o
 .bss.pxEnd     0x200003d8        0x4 ../../applications/gps-firefly-example/build/heap_4.o
 .bss.ucHeap    0x200003dc    0x24000 ../../applications/gps-firefly-example/build/heap_4.o
 .bss.xBlockAllocatedBit
                0x200243dc        0x4 ../../applications/gps-firefly-example/build/heap_4.o
 .bss.xFreeBytesRemaining
                0x200243e0        0x4 ../../applications/gps-firefly-example/build/heap_4.o
 .bss.xMinimumEverFreeBytesRemaining
                0x200243e4        0x4 ../../applications/gps-firefly-example/build/heap_4.o
 .bss.xStart    0x200243e8        0x8 ../../applications/gps-firefly-example/build/heap_4.o
 .bss.ucMaxSysCallPriority
                0x200243f0        0x1 ../../applications/gps-firefly-example/build/port.o
 *fill*         0x200243f1        0x3 