Archive member included to satisfy reference by file (symbol)

c:/program files (x86)/gnu tools arm embedded/8 2019-q3-update/bin/../lib/gcc/arm-none-eabi/8.3.1/../../../../arm-none-eabi/lib/thumb/v7e-m+fp/hard\libc_nano.a(lib_a-exit.o)
                              c:/program files (x86)/gnu tools arm embedded/8 2019-q3-update/bin/../lib/gcc/arm-none-eabi/8.3.1/../../../../arm-none-eabi/lib/thumb/v7e-m+fp/hard/crt0.o (exit)
c:/program files (x86)/gnu tools arm embedded/8 2019-q3-update/bin/../lib/gcc/arm-none-eabi/8.3.1/../../../../arm-none-eabi/lib/thumb/v7e-m+fp/hard\libc_nano.a(lib_a-impure.o)
                              c:/program files (x86)/gnu tools arm embedded/8 2019-q3-update/bin/../lib/gcc/arm-none-eabi/8.3.1/../../../../arm-none-eabi/lib/thumb/v7e-m+fp/hard\libc_nano.a(lib_a-exit.o) (_global_impure_ptr)
c:/program files (x86)/gnu tools arm embedded/8 2019-q3-update/bin/../lib/gcc/arm-none-eabi/8.3.1/../../../../arm-none-eabi/lib/thumb/v7e-m+fp/hard\libc_nano.a(lib_a-init.o)
                              c:/program files (x86)/gnu tools arm embedded/8 2019-q3-update/bin/../lib/gcc/arm-none-eabi/8.3.1/../../../../arm-none-eabi/lib/thumb/v7e-m+fp/hard/crt0.o (__libc_init_array)
c:/program files (x86)/gnu tools arm embedded/8 2019-q3-update/bin/../lib/gcc/arm-none-eabi/8.3.1/../../../../arm-none-eabi/lib/thumb/v7e-m+fp/hard\libc_nano.a(lib_a-memcpy-stub.o)
                              ../../applications/SPG30-sensor-example/build/queue.o (memcpy)
c:/program files (x86)/gnu tools arm embedded/8 2019-q3-update/bin/../lib/gcc/arm-none-eabi/8.3.1/../../../../arm-none-eabi/lib/thumb/v7e-m+fp/hard\libc_nano.a(lib_a-memset.o)
                              c:/program files (x86)/gnu tools arm embedded/8 2019-q3-update/bin/../lib/gcc/arm-none-eabi/8.3.1/../../../../arm-none-eabi/lib/thumb/v7e-m+fp/hard/crt0.o (memset)
c:/program files (x86)/gnu tools arm embedded/8 2019-q3-update/bin/../lib/gcc/arm-none-eabi/8.3.1/../../../../arm-none-eabi/lib/thumb/v7e-m+fp/hard\libc_nano.a(lib_a-printf.o)
                              ../../applications/SPG30-sensor-example/build/SPG30.o (printf)
c:/program files (x86)/gnu tools arm embedded/8 2019-q3-update/bin/../lib/gcc/arm-none-eabi/8.3.1/../../../../arm-none-eabi/lib/thumb/v7e-m+fp/hard\libc_nano.a(lib_a-puts.o)
                              ../../applications/SPG30-sensor-example/build/SPG30-sensor-example.o (puts)
c:/program files (x86)/gnu tools arm embedded/8 2019-q3-update/bin/../lib/gcc/arm-none-eabi/8.3.1/../../../../arm-none-eabi/lib/thumb/v7e-m+fp/hard\libc_nano.a(lib_a-wbuf.o)
                              c:/program files (x86)/gnu tools arm embedded/8 2019-q3-update/bin/../lib/gcc/arm-none-eabi/8.3.1/../../../../arm-none-eabi/lib/thumb/v7e-m+fp/hard\libc_nano.a(lib_a-puts.o) (__swbuf_r)
c:/program files (x86)/gnu tools arm embedded/8 2019-q3-update/bin/../lib/gcc/arm-none-eabi/8.3.1/../../../../arm-none-eabi/lib/thumb/v7e-m+fp/hard\libc_nano.a(lib_a-wsetup.o)
                              c:/program files (x86)/gnu tools arm embedded/8 2019-q3-update/bin/../lib/gcc/arm-none-eabi/8.3.1/../../../../arm-none-eabi/lib/thumb/v7e-m+fp/hard\libc_nano.a(lib_a-puts.o) (__swsetup_r)
c:/program files (x86)/gnu tools arm embedded/8 2019-q3-update/bin/../lib/gcc/arm-none-eabi/8.3.1/../../../../arm-none-eabi/lib/thumb/v7e-m+fp/hard\libc_nano.a(lib_a-fflush.o)
                              c:/program files (x86)/gnu tools arm embedded/8 2019-q3-update/bin/../lib/gcc/arm-none-eabi/8.3.1/../../../../arm-none-eabi/lib/thumb/v7e-m+fp/hard\libc_nano.a(lib_a-wbuf.o) (_fflush_r)
c:/program files (x86)/gnu tools arm embedded/8 2019-q3-update/bin/../lib/gcc/arm-none-eabi/8.3.1/../../../../arm-none-eabi/lib/thumb/v7e-m+fp/hard\libc_nano.a(lib_a-findfp.o)
                              c:/program files (x86)/gnu tools arm embedded/8 2019-q3-update/bin/../lib/gcc/arm-none-eabi/8.3.1/../../../../arm-none-eabi/lib/thumb/v7e-m+fp/hard\libc_nano.a(lib_a-printf.o) (__sinit)
c:/program files (x86)/gnu tools arm embedded/8 2019-q3-update/bin/../lib/gcc/arm-none-eabi/8.3.1/../../../../arm-none-eabi/lib/thumb/v7e-m+fp/hard\libc_nano.a(lib_a-fwalk.o)
                              c:/program files (x86)/gnu tools arm embedded/8 2019-q3-update/bin/../lib/gcc/arm-none-eabi/8.3.1/../../../../arm-none-eabi/lib/thumb/v7e-m+fp/hard\libc_nano.a(lib_a-findfp.o) (_fwalk)
c:/program files (x86)/gnu tools arm embedded/8 2019-q3-update/bin/../lib/gcc/arm-none-eabi/8.3.1/../../../../arm-none-eabi/lib/thumb/v7e-m+fp/hard\libc_nano.a(lib_a-lock.o)
                              c:/program files (x86)/gnu tools arm embedded/8 2019-q3-update/bin/../lib/gcc/arm-none-eabi/8.3.1/../../../../arm-none-eabi/lib/thumb/v7e-m+fp/hard\libc_nano.a(lib_a-findfp.o) (__retarget_lock_init_recursive)
c:/program files (x86)/gnu tools arm embedded/8 2019-q3-update/bin/../lib/gcc/arm-none-eabi/8.3.1/../../../../arm-none-eabi/lib/thumb/v7e-m+fp/hard\libc_nano.a(lib_a-makebuf.o)
[...]
Memory Configuration

Name             Origin             Length             Attributes
RAM              0x20000000         0x00050000         xrw
FLASH            0x08000000         0x00100000         xr
*default*        0x00000000         0xffffffff

Linker script and memory map

LOAD c:/program files (x86)/gnu tools arm embedded/8 2019-q3-update/bin/../lib/gcc/arm-none-eabi/8.3.1/thumb/v7e-m+fp/hard/crti.o
LOAD c:/program files (x86)/gnu tools arm embedded/8 2019-q3-update/bin/../lib/gcc/arm-none-eabi/8.3.1/thumb/v7e-m+fp/hard/crtbegin.o
LOAD c:/program files (x86)/gnu tools arm embedded/8 2019-q3-update/bin/../lib/gcc/arm-none-eabi/8.3.1/../../../../arm-none-eabi/lib/thumb/v7e-m+fp/hard/crt0.o
LOAD ../../applications/SPG30-sensor-example/build/SPG30-sensor-example.o
LOAD ../../applications/SPG30-sensor-example/build/SPG30.o
LOAD ../../applications/SPG30-sensor-example/build/platform.o
LOAD ../../applications/SPG30-sensor-example/build/stm32l4xx_hal_i2c.o
LOAD ../../applications/SPG30-sensor-example/build/stm32l4xx_hal_i2c_ex.o
LOAD ../../applications/SPG30-sensor-example/build/stm32l4xx_hal_spi.o
LOAD ../../applications/SPG30-sensor-example/build/stm32l4xx_hal_spi_ex.o
LOAD ../../applications/SPG30-sensor-example/build/stm32l4xx_hal_iwdg.o
LOAD ../../applications/SPG30-sensor-example/build/stm32l4xx_hal_uart.o
LOAD ../../applications/SPG30-sensor-example/build/stm32l4xx_hal_uart_ex.o
LOAD ../../applications/SPG30-sensor-example/build/stm32l4xx_hal_tim.o
LOAD ../../applications/SPG30-sensor-example/build/stm32l4xx_hal_tim_ex.o
LOAD ../../applications/SPG30-sensor-example/build/stm32l4xx_hal.o
LOAD ../../applications/SPG30-sensor-example/build/stm32l4xx_hal_rcc.o
LOAD ../../applications/SPG30-sensor-example/build/stm32l4xx_hal_rcc_ex.o
LOAD ../../applications/SPG30-sensor-example/build/stm32l4xx_hal_flash.o
LOAD ../../applications/SPG30-sensor-example/build/stm32l4xx_hal_flash_ex.o
LOAD ../../applications/SPG30-sensor-example/build/stm32l4xx_hal_flash_ramfunc.o
LOAD ../../applications/SPG30-sensor-example/build/stm32l4xx_hal_gpio.o
LOAD ../../applications/SPG30-sensor-example/build/stm32l4xx_hal_dma.o
LOAD ../../applications/SPG30-sensor-example/build/stm32l4xx_hal_dma_ex.o
LOAD ../../applications/SPG30-sensor-example/build/stm32l4xx_hal_pwr.o
LOAD ../../applications/SPG30-sensor-example/build/stm32l4xx_hal_pwr_ex.o
LOAD ../../applications/SPG30-sensor-example/build/stm32l4xx_hal_cortex.o
LOAD ../../applications/SPG30-sensor-example/build/stm32l4xx_hal_crc.o
LOAD ../../applications/SPG30-sensor-example/build/stm32l4xx_hal_crc_ex.o
LOAD ../../applications/SPG30-sensor-example/build/croutine.o
LOAD ../../applications/SPG30-sensor-example/build/event_groups.o
LOAD ../../applications/SPG30-sensor-example/build/list.o
LOAD ../../applications/SPG30-sensor-example/build/queue.o
LOAD ../../applications/SPG30-sensor-example/build/stream_buffer.o
LOAD ../../applications/SPG30-sensor-example/build/tasks.o
LOAD ../../applications/SPG30-sensor-example/build/timers.o
LOAD ../../applications/SPG30-sensor-example/build/cmsis_os.o
LOAD ../../applications/SPG30-sensor-example/build/heap_4.o
LOAD ../../applications/SPG30-sensor-example/build/port.o
LOAD ../../applications/SPG30-sensor-example/build/freertos.o
LOAD ../../applications/SPG30-sensor-example/build/gpio.o
LOAD ../../applications/SPG30-sensor-example/build/i2c.o
LOAD ../../applications/SPG30-sensor-example/build/iwdg.o
LOAD ../../applications/SPG30-sensor-example/build/octa.o
LOAD ../../applications/SPG30-sensor-example/build/rtosmacros.o
LOAD ../../applications/SPG30-sensor-example/build/spi.o
LOAD ../../applications/SPG30-sensor-example/build/stm32l4xx_hal_msp.o
LOAD ../../applications/SPG30-sensor-example/build/stm32l4xx_hal_timebase_tim.o
LOAD ../../applications/SPG30-sensor-example/build/stm32l4xx_it.o
LOAD ../../applications/SPG30-sensor-example/build/sysclock.o
LOAD ../../applications/SPG30-sensor-example/build/system_stm32l4xx.o
LOAD ../../applications/SPG30-sensor-example/build/uart.o
LOAD ../../applications/SPG30-sensor-example/build/LSM303AGRSensor.o
LOAD ../../applications/SPG30-sensor-example/build/S25FL256.o
LOAD ../../applications/SPG30-sensor-example/build/sht31.o
LOAD ../../applications/SPG30-sensor-example/build/stc3115.o
LOAD ../../applications/SPG30-sensor-example/build/TCS3472.o
LOAD ../../applications/SPG30-sensor-example/build/startup_stm32l496xx.o
LOAD c:/program files (x86)/gnu tools arm embedded/8 2019-q3-update/bin/../lib/gcc/arm-none-eabi/8.3.1/../../../../arm-none-eabi/lib/thumb/v7e-m+fp/hard\libc_nano.a
LOAD c:/program files (x86)/gnu tools arm embedded/8 2019-q3-update/bin/../lib/gcc/arm-none-eabi/8.3.1/../../../../arm-none-eabi/lib/thumb/v7e-m+fp/hard\libm.a
LOAD c:/program files (x86)/gnu tools arm embedded/8 2019-q3-update/bin/../lib/gcc/arm-none-eabi/8.3.1/../../../../arm-none-eabi/lib/thumb/v7e-m+fp/hard\libnosys.a
START GROUP
LOAD c:/program files (x86)/gnu tools arm embedded/8 2019-q3-update/bin/../lib/gcc/arm-none-eabi/8.3.1/thumb/v7e-m+fp/hard\libgcc.a
LOAD c:/program files (x86)/gnu tools arm embedded/8 2019-q3-update/bin/../lib/gcc/arm-none-eabi/8.3.1/../../../../arm-none-eabi/lib/thumb/v7e-m+fp/hard\libc_nano.a
END GROUP
START GROUP
LOAD c:/program files (x86)/gnu tools arm embedded/8 2019-q3-update/bin/../lib/gcc/arm-none-eabi/8.3.1/thumb/v7e-m+fp/hard\libgcc.a
LOAD c:/program files (x86)/gnu tools arm embedded/8 2019-q3-update/bin/../lib/gcc/arm-none-eabi/8.3.1/../../../../arm-none-eabi/lib/thumb/v7e-m+fp/hard\libc_nano.a
END GROUP
LOAD c:/program files (x86)/gnu tools arm embedded/8 2019-q3-update/bin/../lib/gcc/arm-none-eabi/8.3.1/thumb/v7e-m+fp/hard/crtend.o
LOAD c:/program files (x86)/gnu tools arm embedded/8 2019-q3-update/bin/../lib/gcc/arm-none-eabi/8.3.1/thumb/v7e-m+fp/hard/crtn.o
                0x20050000                _estack = 0x20050000
                0x00000200                _Min_Heap_Size = 0x200
                0x00000400                _Min_Stack_Size = 0x400

.isr_vector     0x08000000      0x1b0
                0x08000000                . = ALIGN (0x8)
 *(.isr_vector)
 .isr_vector    0x08000000      0x1ac ../../applications/SPG30-sensor-example/build/startup_stm32l496xx.o
                0x08000000                g_pfnVectors
                0x080001b0                . = ALIGN (0x8)
 *fill*         0x080001ac        0x4 

.text           0x080001b0     0x4e00
                0x080001b0                . = ALIGN (0x8)
 *(.text)
 .text          0x080001b0       0x40 c:/program files (x86)/gnu tools arm embedded/8 2019-q3-update/bin/../lib/gcc/arm-none-eabi/8.3.1/thumb/v7e-m+fp/hard/crtbegin.o
 .text          0x080001f0       0xa0 c:/program files (x86)/gnu tools arm embedded/8 2019-q3-update/bin/../lib/gcc/arm-none-eabi/8.3.1/../../../../arm-none-eabi/lib/thumb/v7e-m+fp/hard\libc_nano.a(lib_a-memchr.o)
                0x080001f0                memchr
 .text          0x08000290       0x30 c:/program files (x86)/gnu tools arm embedded/8 2019-q3-update/bin/../lib/gcc/arm-none-eabi/8.3.1/thumb/v7e-m+fp/hard\libgcc.a(_aeabi_uldivmod.o)
                0x08000290                __aeabi_uldivmod
 .text          0x080002c0      0x2d0 c:/program files (x86)/gnu tools arm embedded/8 2019-q3-update/bin/../lib/gcc/arm-none-eabi/8.3.1/thumb/v7e-m+fp/hard\libgcc.a(_udivmoddi4.o)
                0x080002c0                __udivmoddi4
 .text          0x08000590        0x4 c:/program files (x86)/gnu tools arm embedded/8 2019-q3-update/bin/../lib/gcc/arm-none-eabi/8.3.1/thumb/v7e-m+fp/hard\libgcc.a(_dvmd_tls.o)
                0x08000590                __aeabi_idiv0
                0x08000590                __aeabi_ldiv0
 *(.text*)
 .text.printWelcome
                0x08000594       0x54 ../../applications/SPG30-sensor-example/build/SPG30-sensor-example.o
                0x08000594                printWelcome
 .text.main     0x080005e8       0x26 ../../applications/SPG30-sensor-example/build/SPG30-sensor-example.o
                0x080005e8                main
 *fill*         0x0800060e        0x2 
 .text.HAL_TIM_PeriodElapsedCallback
                0x08000610       0x18 ../../applications/SPG30-sensor-example/build/SPG30-sensor-example.o
                0x08000610                HAL_TIM_PeriodElapsedCallback
 .text.Error_Handler
                0x08000628        0x2 ../../applications/SPG30-sensor-example/build/SPG30-sensor-example.o
                0x08000628                Error_Handler
 *fill*         0x0800062a        0x2 
 .text.SPG30_Initialize
                0x0800062c       0x7c ../../applications/SPG30-sensor-example/build/SPG30.o
                0x0800062c                SPG30_Initialize
 .text.READ_REGISTER_SPG30
                0x080006a8       0x28 ../../applications/SPG30-sensor-example/build/SPG30.o
                0x080006a8                READ_REGISTER_SPG30
 .text.Initialize_Platform
                0x080006d0        0x8 ../../applications/SPG30-sensor-example/build/platform.o
                0x080006d0                Initialize_Platform
 .text.I2C_Flush_TXDR
                0x080006d8       0x22 ../../applications/SPG30-sensor-example/build/stm32l4xx_hal_i2c.o
 .text.I2C_TransferConfig
                0x080006fa       0x36 ../../applications/SPG30-sensor-example/build/stm32l4xx_hal_i2c.o
 .text.I2C_IsAcknowledgeFailed
                0x08000730       0x90 ../../applications/SPG30-sensor-example/build/stm32l4xx_hal_i2c.o
 .text.I2C_WaitOnTXISFlagUntilTimeout
                0x080007c0       0x56 ../../applications/SPG30-sensor-example/build/stm32l4xx_hal_i2c.o
 .text.I2C_WaitOnFlagUntilTimeout
                0x08000816       0x52 ../../applications/SPG30-sensor-example/build/stm32l4xx_hal_i2c.o
 .text.I2C_RequestMemoryRead
                0x08000868       0x70 ../../applications/SPG30-sensor-example/build/stm32l4xx_hal_i2c.o
 .text.I2C_WaitOnSTOPFlagUntilTimeout
                0x080008d8       0x50 ../../applications/SPG30-sensor-example/build/stm32l4xx_hal_i2c.o
 .text.HAL_I2C_Init
                0x08000928       0xbc ../../applications/SPG30-sensor-example/build/stm32l4xx_hal_i2c.o
                0x08000928                HAL_I2C_Init
 .text.HAL_I2C_Mem_Read
                0x080009e4      0x1ac ../../applications/SPG30-sensor-example/build/stm32l4xx_hal_i2c.o
                0x080009e4                HAL_I2C_Mem_Read
 .text.HAL_I2CEx_ConfigAnalogFilter
                0x08000b90       0x62 ../../applications/SPG30-sensor-example/build/stm32l4xx_hal_i2c_ex.o
                0x08000b90                HAL_I2CEx_ConfigAnalogFilter
 .text.HAL_I2CEx_ConfigDigitalFilter
                0x08000bf2       0x5e ../../applications/SPG30-sensor-example/build/stm32l4xx_hal_i2c_ex.o
                0x08000bf2                HAL_I2CEx_ConfigDigitalFilter
 .text.HAL_SPI_Init
                0x08000c50       0xb0 ../../applications/SPG30-sensor-example/build/stm32l4xx_hal_spi.o
                0x08000c50                HAL_SPI_Init
 .text.HAL_SPI_ErrorCallback
                0x08000d00        0x2 ../../applications/SPG30-sensor-example/build/stm32l4xx_hal_spi.o
                0x08000d00                HAL_SPI_ErrorCallback
 *fill*         0x08000d02        0x2 
 .text.HAL_SPI_IRQHandler
                0x08000d04      0x11c ../../applications/SPG30-sensor-example/build/stm32l4xx_hal_spi.o
                0x08000d04                HAL_SPI_IRQHandler
 .text.SPI_DMAAbortOnError
                0x08000e20       0x12 ../../applications/SPG30-sensor-example/build/stm32l4xx_hal_spi.o
 .text.HAL_IWDG_Init
                0x08000e32       0x58 ../../applications/SPG30-sensor-example/build/stm32l4xx_hal_iwdg.o
                0x08000e32                HAL_IWDG_Init
 .text.UART_EndRxTransfer
                0x08000e8a       0x20 ../../applications/SPG30-sensor-example/build/stm32l4xx_hal_uart.o
 .text.HAL_UART_TxCpltCallback
                0x08000eaa        0x2 ../../applications/SPG30-sensor-example/build/stm32l4xx_hal_uart.o
                0x08000eaa                HAL_UART_TxCpltCallback
 .text.UART_EndTransmit_IT
                0x08000eac       0x1c ../../applications/SPG30-sensor-example/build/stm32l4xx_hal_uart.o
 .text.HAL_UART_ErrorCallback
                0x08000ec8        0x2 ../../applications/SPG30-sensor-example/build/stm32l4xx_hal_uart.o
                0x08000ec8                HAL_UART_ErrorCallback
 *fill*         0x08000eca        0x2 
 .text.HAL_UART_IRQHandler
                0x08000ecc      0x15c ../../applications/SPG30-sensor-example/build/stm32l4xx_hal_uart.o
                0x08000ecc                HAL_UART_IRQHandler
 .text.UART_DMAAbortOnError
                0x08001028       0x14 ../../applications/SPG30-sensor-example/build/stm32l4xx_hal_uart.o
 .text.UART_SetConfig
                0x0800103c      0x41c ../../applications/SPG30-sensor-example/build/stm32l4xx_hal_uart.o
                0x0800103c                UART_SetConfig
 .text.UART_AdvFeatureConfig
                0x08001458       0xca ../../applications/SPG30-sensor-example/build/stm32l4xx_hal_uart.o
                0x08001458                UART_AdvFeatureConfig
 .text.UART_WaitOnFlagUntilTimeout
                0x08001522       0x62 ../../applications/SPG30-sensor-example/build/stm32l4xx_hal_uart.o
                0x08001522                UART_WaitOnFlagUntilTimeout
 .text.HAL_UART_Transmit
                0x08001584       0xce ../../applications/SPG30-sensor-example/build/stm32l4xx_hal_uart.o
                0x08001584                HAL_UART_Transmit
 .text.UART_CheckIdleState
                0x08001652       0x70 ../../applications/SPG30-sensor-example/build/stm32l4xx_hal_uart.o
                0x08001652                UART_CheckIdleState
 .text.HAL_UART_Init
                0x080016c2       0x66 ../../applications/SPG30-sensor-example/build/stm32l4xx_hal_uart.o
                0x080016c2                HAL_UART_Init
 .text.HAL_UARTEx_WakeupCallback
                0x08001728        0x2 ../../applications/SPG30-sensor-example/build/stm32l4xx_hal_uart_ex.o
                0x08001728                HAL_UARTEx_WakeupCallback
 .text.HAL_TIM_Base_MspInit
                0x0800172a        0x2 ../../applications/SPG30-sensor-example/build/stm32l4xx_hal_tim.o
                0x0800172a                HAL_TIM_Base_MspInit
 .text.HAL_TIM_Base_Start_IT
                0x0800172c       0x34 ../../applications/SPG30-sensor-example/build/stm32l4xx_hal_tim.o
                0x0800172c                HAL_TIM_Base_Start_IT
 .text.HAL_TIM_OC_DelayElapsedCallback
                0x08001760        0x2 ../../applications/SPG30-sensor-example/build/stm32l4xx_hal_tim.o
                0x08001760                HAL_TIM_OC_DelayElapsedCallback
 .text.HAL_TIM_IC_CaptureCallback
                0x08001762        0x2 ../../applications/SPG30-sensor-example/build/stm32l4xx_hal_tim.o
                0x08001762                HAL_TIM_IC_CaptureCallback
 .text.HAL_TIM_PWM_PulseFinishedCallback
                0x08001764        0x2 ../../applications/SPG30-sensor-example/build/stm32l4xx_hal_tim.o
                0x08001764                HAL_TIM_PWM_PulseFinishedCallback
 .text.HAL_TIM_TriggerCallback
                0x08001766        0x2 ../../applications/SPG30-sensor-example/build/stm32l4xx_hal_tim.o
                0x08001766                HAL_TIM_TriggerCallback
 .text.HAL_TIM_IRQHandler
                0x08001768      0x19a ../../applications/SPG30-sensor-example/build/stm32l4xx_hal_tim.o
                0x08001768                HAL_TIM_IRQHandler
 *fill*         0x08001902        0x2 
 .text.TIM_Base_SetConfig
                0x08001904       0xc8 ../../applications/SPG30-sensor-example/build/stm32l4xx_hal_tim.o
                0x08001904                TIM_Base_SetConfig
 .text.HAL_TIM_Base_Init
                0x080019cc       0x34 ../../applications/SPG30-sensor-example/build/stm32l4xx_hal_tim.o
                0x080019cc                HAL_TIM_Base_Init
 .text.HAL_TIMEx_CommutationCallback
                0x08001a00        0x2 ../../applications/SPG30-sensor-example/build/stm32l4xx_hal_tim_ex.o
                0x08001a00                HAL_TIMEx_CommutationCallback
 .text.HAL_TIMEx_BreakCallback
                0x08001a02        0x2 ../../applications/SPG30-sensor-example/build/stm32l4xx_hal_tim_ex.o
                0x08001a02                HAL_TIMEx_BreakCallback
 .text.HAL_TIMEx_Break2Callback
                0x08001a04        0x2 ../../applications/SPG30-sensor-example/build/stm32l4xx_hal_tim_ex.o
                0x08001a04                HAL_TIMEx_Break2Callback
 .text.HAL_Init
                0x08001a06       0x1e ../../applications/SPG30-sensor-example/build/stm32l4xx_hal.o
                0x08001a06                HAL_Init
 .text.HAL_IncTick
                0x08001a24       0x10 ../../applications/SPG30-sensor-example/build/stm32l4xx_hal.o
                0x08001a24                HAL_IncTick
 .text.HAL_GetTick
                0x08001a34        0xc ../../applications/SPG30-sensor-example/build/stm32l4xx_hal.o
                0x08001a34                HAL_GetTick
 .text.HAL_Delay
                0x08001a40       0x1e ../../applications/SPG30-sensor-example/build/stm32l4xx_hal.o
                0x08001a40                HAL_Delay
 *fill*         0x08001a5e        0x2 
 .text.RCC_SetFlashLatencyFromMSIRange
                0x08001a60       0x90 ../../applications/SPG30-sensor-example/build/stm32l4xx_hal_rcc.o
 .text.HAL_RCC_GetSysClockFreq
                0x08001af0       0xd8 ../../applications/SPG30-sensor-example/build/stm32l4xx_hal_rcc.o
                0x08001af0                HAL_RCC_GetSysClockFreq
 .text.HAL_RCC_OscConfig
                0x08001bc8      0x5b4 ../../applications/SPG30-sensor-example/build/stm32l4xx_hal_rcc.o
                0x08001bc8                HAL_RCC_OscConfig
 .text.HAL_RCC_ClockConfig
                0x0800217c      0x154 ../../applications/SPG30-sensor-example/build/stm32l4xx_hal_rcc.o
                0x0800217c                HAL_RCC_ClockConfig
 .text.HAL_RCC_GetHCLKFreq
                0x080022d0        0xc ../../applications/SPG30-sensor-example/build/stm32l4xx_hal_rcc.o
                0x080022d0                HAL_RCC_GetHCLKFreq
 .text.HAL_RCC_GetPCLK1Freq
                0x080022dc       0x24 ../../applications/SPG30-sensor-example/build/stm32l4xx_hal_rcc.o
                0x080022dc                HAL_RCC_GetPCLK1Freq
 .text.HAL_RCC_GetPCLK2Freq
                0x08002300       0x24 ../../applications/SPG30-sensor-example/build/stm32l4xx_hal_rcc.o
                0x08002300                HAL_RCC_GetPCLK2Freq
 .text.HAL_RCC_GetClockConfig
                0x08002324       0x3c ../../applications/SPG30-sensor-example/build/stm32l4xx_hal_rcc.o
                0x08002324                HAL_RCC_GetClockConfig
 .text.RCCEx_PLLSAI1_Config
                0x08002360      0x16c ../../applications/SPG30-sensor-example/build/stm32l4xx_hal_rcc_ex.o
 .text.RCCEx_PLLSAI2_Config
                0x080024cc      0x148 ../../applications/SPG30-sensor-example/build/stm32l4xx_hal_rcc_ex.o
 .text.HAL_RCCEx_PeriphCLKConfig
                0x08002614      0x474 ../../applications/SPG30-sensor-example/build/stm32l4xx_hal_rcc_ex.o
                0x08002614                HAL_RCCEx_PeriphCLKConfig
 .text.HAL_GPIO_Init
                0x08002a88      0x1b8 ../../applications/SPG30-sensor-example/build/stm32l4xx_hal_gpio.o
                0x08002a88                HAL_GPIO_Init
 .text.HAL_GPIO_WritePin
                0x08002c40        0xa ../../applications/SPG30-sensor-example/build/stm32l4xx_hal_gpio.o
                0x08002c40                HAL_GPIO_WritePin
 .text.HAL_GPIO_TogglePin
                0x08002c4a        0x8 ../../applications/SPG30-sensor-example/build/stm32l4xx_hal_gpio.o
                0x08002c4a                HAL_GPIO_TogglePin
 .text.HAL_GPIO_EXTI_Callback
                0x08002c52        0x2 ../../applications/SPG30-sensor-example/build/stm32l4xx_hal_gpio.o
                0x08002c52                HAL_GPIO_EXTI_Callback
 .text.HAL_GPIO_EXTI_IRQHandler
                0x08002c54       0x1c ../../applications/SPG30-sensor-example/build/stm32l4xx_hal_gpio.o
                0x08002c54                HAL_GPIO_EXTI_IRQHandler
 .text.HAL_DMA_Abort_IT
                0x08002c70       0x50 ../../applications/SPG30-sensor-example/build/stm32l4xx_hal_dma.o
                0x08002c70                HAL_DMA_Abort_IT
 .text.HAL_PWREx_GetVoltageRange
                0x08002cc0       0x10 ../../applications/SPG30-sensor-example/build/stm32l4xx_hal_pwr_ex.o
                0x08002cc0                HAL_PWREx_GetVoltageRange
 .text.HAL_PWREx_ControlVoltageScaling
                0x08002cd0       0x8c ../../applications/SPG30-sensor-example/build/stm32l4xx_hal_pwr_ex.o
                0x08002cd0                HAL_PWREx_ControlVoltageScaling
 .text.HAL_PWREx_EnableVddIO2
                0x08002d5c       0x10 ../../applications/SPG30-sensor-example/build/stm32l4xx_hal_pwr_ex.o
                0x08002d5c                HAL_PWREx_EnableVddIO2
 .text.HAL_NVIC_SetPriorityGrouping
                0x08002d6c       0x24 ../../applications/SPG30-sensor-example/build/stm32l4xx_hal_cortex.o
                0x08002d6c                HAL_NVIC_SetPriorityGrouping
 .text.HAL_NVIC_SetPriority
                0x08002d90       0x68 ../../applications/SPG30-sensor-example/build/stm32l4xx_hal_cortex.o
                0x08002d90                HAL_NVIC_SetPriority
 .text.HAL_NVIC_EnableIRQ
                0x08002df8       0x18 ../../applications/SPG30-sensor-example/build/stm32l4xx_hal_cortex.o
                0x08002df8                HAL_NVIC_EnableIRQ
 .text.vListInsertEnd
                0x08002e10       0x16 ../../applications/SPG30-sensor-example/build/list.o
                0x08002e10                vListInsertEnd
 .text.uxListRemove
                0x08002e26       0x26 ../../applications/SPG30-sensor-example/build/list.o
                0x08002e26                uxListRemove
 .text.prvResetNextTaskUnblockTime
                0x08002e4c       0x2c ../../applications/SPG30-sensor-example/build/tasks.o
 .text.xTaskIncrementTick
                0x08002e78      0x118 ../../applications/SPG30-sensor-example/build/tasks.o
                0x08002e78                xTaskIncrementTick
 .text.vTaskSwitchContext
                0x08002f90       0x9c ../../applications/SPG30-sensor-example/build/tasks.o
                0x08002f90                vTaskSwitchContext
 *fill*         0x0800302c        0x4 
 .text.SVC_Handler
                0x08003030       0x24 ../../applications/SPG30-sensor-example/build/port.o
                0x08003030                SVC_Handler
 *fill*         0x08003054        0xc 
 .text.PendSV_Handler
                0x08003060       0x64 ../../applications/SPG30-sensor-example/build/port.o
                0x08003060                PendSV_Handler
 .text.SysTick_Handler
                0x080030c4       0x2c ../../applications/SPG30-sensor-example/build/port.o
                0x080030c4                SysTick_Handler
 .text.OCTA_GPIO_Init
                0x080030f0      0x324 ../../applications/SPG30-sensor-example/build/gpio.o
                0x080030f0                OCTA_GPIO_Init
 .text.common_I2C_Init
                0x08003414       0x58 ../../applications/SPG30-sensor-example/build/i2c.o
                0x08003414                common_I2C_Init
 .text.P1_I2C_Init
                0x0800346c       0x58 ../../applications/SPG30-sensor-example/build/i2c.o
                0x0800346c                P1_I2C_Init
 .text.P2_I2C_Init
                0x080034c4       0x58 ../../applications/SPG30-sensor-example/build/i2c.o
                0x080034c4                P2_I2C_Init
 .text.P3_I2C_Init
                0x0800351c       0x58 ../../applications/SPG30-sensor-example/build/i2c.o
                0x0800351c                P3_I2C_Init
 .text.OCTA_IWDG_Init
                0x08003574       0x2c ../../applications/SPG30-sensor-example/build/iwdg.o
                0x08003574                OCTA_IWDG_Init
 .text.OCTA_Initialize_Common_Peripherals
                0x080035a0       0x1c ../../applications/SPG30-sensor-example/build/octa.o
                0x080035a0                OCTA_Initialize_Common_Peripherals
 .text.OCTA_Initialize_P1_Peripherals
                0x080035bc       0x54 ../../applications/SPG30-sensor-example/build/octa.o
                0x080035bc                OCTA_Initialize_P1_Peripherals
 .text.OCTA_Initialize_P2_Peripherals
                0x08003610       0x54 ../../applications/SPG30-sensor-example/build/octa.o
                0x08003610                OCTA_Initialize_P2_Peripherals
 .text.OCTA_Initialize_P3_Peripherals
                0x08003664       0x54 ../../applications/SPG30-sensor-example/build/octa.o
                0x08003664                OCTA_Initialize_P3_Peripherals
 .text.OCTA_Initialize_Platform
                0x080036b8       0x14 ../../applications/SPG30-sensor-example/build/octa.o
                0x080036b8                OCTA_Initialize_Platform
 .text.platform_initialize_I2C
                0x080036cc       0x36 ../../applications/SPG30-sensor-example/build/octa.o
                0x080036cc                platform_initialize_I2C
 *fill*         0x08003702        0x2 
 .text.platform_getHeader
                0x08003704       0x9c ../../applications/SPG30-sensor-example/build/octa.o
                0x08003704                platform_getHeader
 .text.FLASH_SPI_Init
                0x080037a0       0x4c ../../applications/SPG30-sensor-example/build/spi.o
                0x080037a0                FLASH_SPI_Init
 .text.HAL_MspInit
                0x080037ec       0x40 ../../applications/SPG30-sensor-example/build/stm32l4xx_hal_msp.o
                0x080037ec                HAL_MspInit
 .text.HAL_I2C_MspInit
                0x0800382c      0x18c ../../applications/SPG30-sensor-example/build/stm32l4xx_hal_msp.o
                0x0800382c                HAL_I2C_MspInit
 .text.HAL_UART_MspInit
                0x080039b8      0x188 ../../applications/SPG30-sensor-example/build/stm32l4xx_hal_msp.o
                0x080039b8                HAL_UART_MspInit
 .text.HAL_SPI_MspInit
                0x08003b40      0x160 ../../applications/SPG30-sensor-example/build/stm32l4xx_hal_msp.o
                0x08003b40                HAL_SPI_MspInit
 .text.HAL_InitTick
                0x08003ca0       0x78 ../../applications/SPG30-sensor-example/build/stm32l4xx_hal_timebase_tim.o
                0x08003ca0                HAL_InitTick
 .text.NMI_Handler
                0x08003d18        0x2 ../../applications/SPG30-sensor-example/build/stm32l4xx_it.o
                0x08003d18                NMI_Handler
 .text.HardFault_Handler
                0x08003d1a        0x2 ../../applications/SPG30-sensor-example/build/stm32l4xx_it.o
                0x08003d1a                HardFault_Handler
 .text.MemManage_Handler
                0x08003d1c        0x2 ../../applications/SPG30-sensor-example/build/stm32l4xx_it.o
                0x08003d1c                MemManage_Handler
 .text.BusFault_Handler
                0x08003d1e        0x2 ../../applications/SPG30-sensor-example/build/stm32l4xx_it.o
                0x08003d1e                BusFault_Handler
 .text.UsageFault_Handler
                0x08003d20        0x2 ../../applications/SPG30-sensor-example/build/stm32l4xx_it.o
                0x08003d20                UsageFault_Handler
 .text.DebugMon_Handler
                0x08003d22        0x2 ../../applications/SPG30-sensor-example/build/stm32l4xx_it.o
                0x08003d22                DebugMon_Handler
 .text.TIM1_UP_TIM16_IRQHandler
                0x08003d24       0x10 ../../applications/SPG30-sensor-example/build/stm32l4xx_it.o
                0x08003d24                TIM1_UP_TIM16_IRQHandler
 .text.USART2_IRQHandler
                0x08003d34       0x10 ../../applications/SPG30-sensor-example/build/stm32l4xx_it.o
                0x08003d34                USART2_IRQHandler
 .text.USART3_IRQHandler
                0x08003d44       0x10 ../../applications/SPG30-sensor-example/build/stm32l4xx_it.o
                0x08003d44                USART3_IRQHandler
 .text.UART5_IRQHandler
                0x08003d54       0x10 ../../applications/SPG30-sensor-example/build/stm32l4xx_it.o
                0x08003d54                UART5_IRQHandler
 .text.SPI1_IRQHandler
                0x08003d64       0x10 ../../applications/SPG30-sensor-example/build/stm32l4xx_it.o
                0x08003d64                SPI1_IRQHandler
 .text.SPI2_IRQHandler
                0x08003d74       0x10 ../../applications/SPG30-sensor-example/build/stm32l4xx_it.o
                0x08003d74                SPI2_IRQHandler
 .text.SPI3_IRQHandler
                0x08003d84       0x10 ../../applications/SPG30-sensor-example/build/stm32l4xx_it.o
                0x08003d84                SPI3_IRQHandler
 .text.EXTI15_10_IRQHandler
                0x08003d94        0xc ../../applications/SPG30-sensor-example/build/stm32l4xx_it.o
                0x08003d94                EXTI15_10_IRQHandler
 .text.SystemClock_Config
                0x08003da0       0xb8 ../../applications/SPG30-sensor-example/build/sysclock.o
                0x08003da0                SystemClock_Config
 .text.SystemInit
                0x08003e58       0x48 ../../applications/SPG30-sensor-example/build/system_stm32l4xx.o
                0x08003e58                SystemInit
 .text.USB_UART_Init
                0x08003ea0       0x34 ../../applications/SPG30-sensor-example/build/uart.o
                0x08003ea0                USB_UART_Init
 .text.__io_putchar
                0x08003ed4       0x20 ../../applications/SPG30-sensor-example/build/uart.o
                0x08003ed4                __io_putchar
 .text._write   0x08003ef4       0x1c ../../applications/SPG30-sensor-example/build/uart.o
                0x08003ef4                _write
 .text.Reset_Handler
                0x08003f10       0x50 ../../applications/SPG30-sensor-example/build/startup_stm32l496xx.o
                0x08003f10                Reset_Handler
 .text.Default_Handler
                0x08003f60        0x2 ../../applications/SPG30-sensor-example/build/startup_stm32l496xx.o
                0x08003f60                RTC_Alarm_IRQHandler
                0x08003f60                EXTI2_IRQHandler
                0x08003f60                TIM8_TRG_COM_IRQHandler
                0x08003f60                TIM8_CC_IRQHandler
                0x08003f60                TIM1_CC_IRQHandler
                0x08003f60                TSC_IRQHandler
                0x08003f60                TAMP_STAMP_IRQHandler
                0x08003f60                CAN2_RX1_IRQHandler
                0x08003f60                EXTI3_IRQHandler
                0x08003f60                LPTIM2_IRQHandler
                0x08003f60                DFSDM1_FLT1_IRQHandler
                0x08003f60                I2C3_ER_IRQHandler
                0x08003f60                DFSDM1_FLT2_IRQHandler
                0x08003f60                EXTI0_IRQHandler
                0x08003f60                I2C2_EV_IRQHandler
                0x08003f60                CAN1_RX0_IRQHandler
                0x08003f60                FPU_IRQHandler
                0x08003f60                CAN2_SCE_IRQHandler
                0x08003f60                ADC1_2_IRQHandler
                0x08003f60                TIM6_DAC_IRQHandler
                0x08003f60                DCMI_IRQHandler
                0x08003f60                CAN2_RX0_IRQHandler
                0x08003f60                TIM8_UP_IRQHandler
                0x08003f60                DMA2_Channel2_IRQHandler
                0x08003f60                DMA1_Channel4_IRQHandler
                0x08003f60                SAI2_IRQHandler
                0x08003f60                DFSDM1_FLT3_IRQHandler
                0x08003f60                DMA1_Channel7_IRQHandler
                0x08003f60                CAN1_RX1_IRQHandler
                0x08003f60                LCD_IRQHandler
                0x08003f60                ADC3_IRQHandler
                0x08003f60                TIM4_IRQHandler
                0x08003f60                DMA2_Channel1_IRQHandler
                0x08003f60                QUADSPI_IRQHandler
                0x08003f60                I2C1_EV_IRQHandler
                0x08003f60                DMA1_Channel6_IRQHandler
                0x08003f60                UART4_IRQHandler
                0x08003f60                DMA2_Channel4_IRQHandler
                0x08003f60                TIM3_IRQHandler
                0x08003f60                RCC_IRQHandler
                0x08003f60                DMA1_Channel1_IRQHandler
                0x08003f60                Default_Handler
                0x08003f60                DMA2_Channel7_IRQHandler
                0x08003f60                TIM7_IRQHandler
                0x08003f60                SDMMC1_IRQHandler
                0x08003f60                CAN2_TX_IRQHandler
                0x08003f60                TIM5_IRQHandler
                0x08003f60                I2C3_EV_IRQHandler
                0x08003f60                EXTI9_5_IRQHandler
                0x08003f60                RTC_WKUP_IRQHandler
                0x08003f60                PVD_PVM_IRQHandler
                0x08003f60                CAN1_TX_IRQHandler
                0x08003f60                DMA2_Channel5_IRQHandler
                0x08003f60                CRS_IRQHandler
                0x08003f60                DMA1_Channel5_IRQHandler
                0x08003f60                EXTI4_IRQHandler
                0x08003f60                RNG_IRQHandler
                0x08003f60                TIM1_TRG_COM_TIM17_IRQHandler
                0x08003f60                DMA1_Channel3_IRQHandler
                0x08003f60                COMP_IRQHandler
                0x08003f60                WWDG_IRQHandler
                0x08003f60                I2C4_EV_IRQHandler
                0x08003f60                LPUART1_IRQHandler
                0x08003f60                DMA2_Channel6_IRQHandler
                0x08003f60                TIM2_IRQHandler
                0x08003f60                EXTI1_IRQHandler
                0x08003f60                DFSDM1_FLT0_IRQHandler
                0x08003f60                I2C2_ER_IRQHandler
                0x08003f60                DMA1_Channel2_IRQHandler
                0x08003f60                TIM8_BRK_IRQHandler
                0x08003f60                CAN1_SCE_IRQHandler
                0x08003f60                FLASH_IRQHandler
                0x08003f60                USART1_IRQHandler
                0x08003f60                OTG_FS_IRQHandler
                0x08003f60                I2C1_ER_IRQHandler
                0x08003f60                FMC_IRQHandler
                0x08003f60                SWPMI1_IRQHandler
                0x08003f60                LPTIM1_IRQHandler
                0x08003f60                I2C4_ER_IRQHandler
                0x08003f60                SAI1_IRQHandler
                0x08003f60                DMA2_Channel3_IRQHandler
                0x08003f60                TIM1_BRK_TIM15_IRQHandler
 *fill*         0x08003f62        0x2 
 .text.__libc_init_array
                0x08003f64       0x48 c:/program files (x86)/gnu tools arm embedded/8 2019-q3-update/bin/../lib/gcc/arm-none-eabi/8.3.1/../../../../arm-none-eabi/lib/thumb/v7e-m+fp/hard\libc_nano.a(lib_a-init.o)
                0x08003f64                __libc_init_array
 .text.memset   0x08003fac       0x10 c:/program files (x86)/gnu tools arm embedded/8 2019-q3-update/bin/../lib/gcc/arm-none-eabi/8.3.1/../../../../arm-none-eabi/lib/thumb/v7e-m+fp/hard\libc_nano.a(lib_a-memset.o)
                0x08003fac                memset
 .text.printf   0x08003fbc       0x30 c:/program files (x86)/gnu tools arm embedded/8 2019-q3-update/bin/../lib/gcc/arm-none-eabi/8.3.1/../../../../arm-none-eabi/lib/thumb/v7e-m+fp/hard\libc_nano.a(lib_a-printf.o)
                0x08003fbc                iprintf
                0x08003fbc                printf
 .text._puts_r  0x08003fec       0xdc c:/program files (x86)/gnu tools arm embedded/8 2019-q3-update/bin/../lib/gcc/arm-none-eabi/8.3.1/../../../../arm-none-eabi/lib/thumb/v7e-m+fp/hard\libc_nano.a(lib_a-puts.o)
                0x08003fec                _puts_r
 .text.puts     0x080040c8       0x10 c:/program files (x86)/gnu tools arm embedded/8 2019-q3-update/bin/../lib/gcc/arm-none-eabi/8.3.1/../../../../arm-none-eabi/lib/thumb/v7e-m+fp/hard\libc_nano.a(lib_a-puts.o)
                0x080040c8                puts
 .text.__swbuf_r
                0x080040d8       0xa4 c:/program files (x86)/gnu tools arm embedded/8 2019-q3-update/bin/../lib/gcc/arm-none-eabi/8.3.1/../../../../arm-none-eabi/lib/thumb/v7e-m+fp/hard\libc_nano.a(lib_a-wbuf.o)
                0x080040d8                __swbuf_r
 .text.__swsetup_r
                0x0800417c       0xdc c:/program files (x86)/gnu tools arm embedded/8 2019-q3-update/bin/../lib/gcc/arm-none-eabi/8.3.1/../../../../arm-none-eabi/lib/thumb/v7e-m+fp/hard\libc_nano.a(lib_a-wsetup.o)
                0x0800417c                __swsetup_r
 .text.__sflush_r
                0x08004258      0x10c c:/program files (x86)/gnu tools arm embedded/8 2019-q3-update/bin/../lib/gcc/arm-none-eabi/8.3.1/../../../../arm-none-eabi/lib/thumb/v7e-m+fp/hard\libc_nano.a(lib_a-fflush.o)
                0x08004258                __sflush_r
 .text._fflush_r
                0x08004364       0x78 c:/program files (x86)/gnu tools arm embedded/8 2019-q3-update/bin/../lib/gcc/arm-none-eabi/8.3.1/../../../../arm-none-eabi/lib/thumb/v7e-m+fp/hard\libc_nano.a(lib_a-fflush.o)
                0x08004364                _fflush_r
 .text.std      0x080043dc       0x48 c:/program files (x86)/gnu tools arm embedded/8 2019-q3-update/bin/../lib/gcc/arm-none-eabi/8.3.1/../../../../arm-none-eabi/lib/thumb/v7e-m+fp/hard\libc_nano.a(lib_a-findfp.o)
 .text._cleanup_r
                0x08004424        0xc c:/program files (x86)/gnu tools arm embedded/8 2019-q3-update/bin/../lib/gcc/arm-none-eabi/8.3.1/../../../../arm-none-eabi/lib/thumb/v7e-m+fp/hard\libc_nano.a(lib_a-findfp.o)
                0x08004424                _cleanup_r
 .text.__sfmoreglue
                0x08004430       0x2c c:/program files (x86)/gnu tools arm embedded/8 2019-q3-update/bin/../lib/gcc/arm-none-eabi/8.3.1/../../../../arm-none-eabi/lib/thumb/v7e-m+fp/hard\libc_nano.a(lib_a-findfp.o)
                0x08004430                __sfmoreglue
 .text.__sfp_lock_acquire
                0x0800445c        0xc c:/program files (x86)/gnu tools arm embedded/8 2019-q3-update/bin/../lib/gcc/arm-none-eabi/8.3.1/../../../../arm-none-eabi/lib/thumb/v7e-m+fp/hard\libc_nano.a(lib_a-findfp.o)
                0x0800445c                __sfp_lock_acquire
 .text.__sfp_lock_release
                0x08004468        0xc c:/program files (x86)/gnu tools arm embedded/8 2019-q3-update/bin/../lib/gcc/arm-none-eabi/8.3.1/../../../../arm-none-eabi/lib/thumb/v7e-m+fp/hard\libc_nano.a(lib_a-findfp.o)
                0x08004468                __sfp_lock_release
 .text.__sinit_lock_acquire
                0x08004474        0xc c:/program files (x86)/gnu tools arm embedded/8 2019-q3-update/bin/../lib/gcc/arm-none-eabi/8.3.1/../../../../arm-none-eabi/lib/thumb/v7e-m+fp/hard\libc_nano.a(lib_a-findfp.o)
                0x08004474                __sinit_lock_acquire
 .text.__sinit_lock_release
                0x08004480        0xc c:/program files (x86)/gnu tools arm embedded/8 2019-q3-update/bin/../lib/gcc/arm-none-eabi/8.3.1/../../../../arm-none-eabi/lib/thumb/v7e-m+fp/hard\libc_nano.a(lib_a-findfp.o)
                0x08004480                __sinit_lock_release
 .text.__sinit  0x0800448c       0x70 c:/program files (x86)/gnu tools arm embedded/8 2019-q3-update/bin/../lib/gcc/arm-none-eabi/8.3.1/../../../../arm-none-eabi/lib/thumb/v7e-m+fp/hard\libc_nano.a(lib_a-findfp.o)
                0x0800448c                __sinit
 .text.__sfp    0x080044fc       0x8c c:/program files (x86)/gnu tools arm embedded/8 2019-q3-update/bin/../lib/gcc/arm-none-eabi/8.3.1/../../../../arm-none-eabi/lib/thumb/v7e-m+fp/hard\libc_nano.a(lib_a-findfp.o)
                0x080044fc                __sfp
 .text._fwalk_reent
                0x08004588       0x3c c:/program files (x86)/gnu tools arm embedded/8 2019-q3-update/bin/../lib/gcc/arm-none-eabi/8.3.1/../../../../arm-none-eabi/lib/thumb/v7e-m+fp/hard\libc_nano.a(lib_a-fwalk.o)
                0x08004588                _fwalk_reent
 .text.__retarget_lock_init_recursive
                0x080045c4        0x2 c:/program files (x86)/gnu tools arm embedded/8 2019-q3-update/bin/../lib/gcc/arm-none-eabi/8.3.1/../../../../arm-none-eabi/lib/thumb/v7e-m+fp/hard\libc_nano.a(lib_a-lock.o)
                0x080045c4                __retarget_lock_init_recursive
 .text.__retarget_lock_acquire_recursive
                0x080045c6        0x2 c:/program files (x86)/gnu tools arm embedded/8 2019-q3-update/bin/../lib/gcc/arm-none-eabi/8.3.1/../../../../arm-none-eabi/lib/thumb/v7e-m+fp/hard\libc_nano.a(lib_a-lock.o)
                0x080045c6                __retarget_lock_acquire_recursive
 .text.__retarget_lock_release_recursive
                0x080045c8        0x2 c:/program files (x86)/gnu tools arm embedded/8 2019-q3-update/bin/../lib/gcc/arm-none-eabi/8.3.1/../../../../arm-none-eabi/lib/thumb/v7e-m+fp/hard\libc_nano.a(lib_a-lock.o)
                0x080045c8                __retarget_lock_release_recursive
 .text.__swhatbuf_r
                0x080045ca       0x48 c:/program files (x86)/gnu tools arm embedded/8 2019-q3-update/bin/../lib/gcc/arm-none-eabi/8.3.1/../../../../arm-none-eabi/lib/thumb/v7e-m+fp/hard\libc_nano.a(lib_a-makebuf.o)
                0x080045ca                __swhatbuf_r
 *fill*         0x08004612        0x2 
 .text.__smakebuf_r
                0x08004614       0x80 c:/program files (x86)/gnu tools arm embedded/8 2019-q3-update/bin/../lib/gcc/arm-none-eabi/8.3.1/../../../../arm-none-eabi/lib/thumb/v7e-m+fp/hard\libc_nano.a(lib_a-makebuf.o)
                0x08004614                __smakebuf_r
 .text._free_r  0x08004694       0x9c c:/program files (x86)/gnu tools arm embedded/8 2019-q3-update/bin/../lib/gcc/arm-none-eabi/8.3.1/../../../../arm-none-eabi/lib/thumb/v7e-m+fp/hard\libc_nano.a(lib_a-nano-freer.o)
                0x08004694                _free_r
 .text._malloc_r
                0x08004730       0xb4 c:/program files (x86)/gnu tools arm embedded/8 2019-q3-update/bin/../lib/gcc/arm-none-eabi/8.3.1/../../../../arm-none-eabi/lib/thumb/v7e-m+fp/hard\libc_nano.a(lib_a-nano-mallocr.o)
                0x08004730                _malloc_r
 .text.__sfputc_r
                0x080047e4       0x2e c:/program files (x86)/gnu tools arm embedded/8 2019-q3-update/bin/../lib/gcc/arm-none-eabi/8.3.1/../../../../arm-none-eabi/lib/thumb/v7e-m+fp/hard\libc_nano.a(lib_a-nano-vfprintf.o)
 .text.__sfputs_r
                0x08004812       0x24 c:/program files (x86)/gnu tools arm embedded/8 2019-q3-update/bin/../lib/gcc/arm-none-eabi/8.3.1/../../../../arm-none-eabi/lib/thumb/v7e-m+fp/hard\libc_nano.a(lib_a-nano-vfprintf.o)
                0x08004812                __sfputs_r
 *fill*         0x08004836        0x2 
 .text._vfprintf_r
                0x08004838      0x250 c:/program files (x86)/gnu tools arm embedded/8 2019-q3-update/bin/../lib/gcc/arm-none-eabi/8.3.1/../../../../arm-none-eabi/lib/thumb/v7e-m+fp/hard\libc_nano.a(lib_a-nano-vfprintf.o)
                0x08004838                _vfprintf_r
                0x08004838                _vfiprintf_r
 .text._printf_common
                0x08004a88       0xea c:/program files (x86)/gnu tools arm embedded/8 2019-q3-update/bin/../lib/gcc/arm-none-eabi/8.3.1/../../../../arm-none-eabi/lib/thumb/v7e-m+fp/hard\libc_nano.a(lib_a-nano-vfprintf_i.o)
                0x08004a88                _printf_common
 *fill*         0x08004b72        0x2 
 .text._printf_i
                0x08004b74      0x228 c:/program files (x86)/gnu tools arm embedded/8 2019-q3-update/bin/../lib/gcc/arm-none-eabi/8.3.1/../../../../arm-none-eabi/lib/thumb/v7e-m+fp/hard\libc_nano.a(lib_a-nano-vfprintf_i.o)
                0x08004b74                _printf_i
 .text._sbrk_r  0x08004d9c       0x20 c:/program files (x86)/gnu tools arm embedded/8 2019-q3-update/bin/../lib/gcc/arm-none-eabi/8.3.1/../../../../arm-none-eabi/lib/thumb/v7e-m+fp/hard\libc_nano.a(lib_a-sbrkr.o)
                0x08004d9c                _sbrk_r
 .text.__sread  0x08004dbc       0x22 c:/program files (x86)/gnu tools arm embedded/8 2019-q3-update/bin/../lib/gcc/arm-none-eabi/8.3.1/../../../../arm-none-eabi/lib/thumb/v7e-m+fp/hard\libc_nano.a(lib_a-stdio.o)
                0x08004dbc                __sread
 .text.__swrite
                0x08004dde       0x38 c:/program files (x86)/gnu tools arm embedded/8 2019-q3-update/bin/../lib/gcc/arm-none-eabi/8.3.1/../../../../arm-none-eabi/lib/thumb/v7e-m+fp/hard\libc_nano.a(lib_a-stdio.o)
                0x08004dde                __swrite
 .text.__sseek  0x08004e16       0x24 c:/program files (x86)/gnu tools arm embedded/8 2019-q3-update/bin/../lib/gcc/arm-none-eabi/8.3.1/../../../../arm-none-eabi/lib/thumb/v7e-m+fp/hard\libc_nano.a(lib_a-stdio.o)
                0x08004e16                __sseek
 .text.__sclose
                0x08004e3a        0x8 c:/program files (x86)/gnu tools arm embedded/8 2019-q3-update/bin/../lib/gcc/arm-none-eabi/8.3.1/../../../../arm-none-eabi/lib/thumb/v7e-m+fp/hard\libc_nano.a(lib_a-stdio.o)
                0x08004e3a                __sclose
 *fill*         0x08004e42        0x2 
 .text._write_r
                0x08004e44       0x24 c:/program files (x86)/gnu tools arm embedded/8 2019-q3-update/bin/../lib/gcc/arm-none-eabi/8.3.1/../../../../arm-none-eabi/lib/thumb/v7e-m+fp/hard\libc_nano.a(lib_a-writer.o)
                0x08004e44                _write_r
 .text._close_r
                0x08004e68       0x20 c:/program files (x86)/gnu tools arm embedded/8 2019-q3-update/bin/../lib/gcc/arm-none-eabi/8.3.1/../../../../arm-none-eabi/lib/thumb/v7e-m+fp/hard\libc_nano.a(lib_a-closer.o)
                0x08004e68                _close_r
 .text._fstat_r
                0x08004e88       0x24 c:/program files (x86)/gnu tools arm embedded/8 2019-q3-update/bin/../lib/gcc/arm-none-eabi/8.3.1/../../../../arm-none-eabi/lib/thumb/v7e-m+fp/hard\libc_nano.a(lib_a-fstatr.o)
                0x08004e88                _fstat_r
 .text._isatty_r
                0x08004eac       0x20 c:/program files (x86)/gnu tools arm embedded/8 2019-q3-update/bin/../lib/gcc/arm-none-eabi/8.3.1/../../../../arm-none-eabi/lib/thumb/v7e-m+fp/hard\libc_nano.a(lib_a-isattyr.o)
                0x08004eac                _isatty_r
 .text._lseek_r
                0x08004ecc       0x24 c:/program files (x86)/gnu tools arm embedded/8 2019-q3-update/bin/../lib/gcc/arm-none-eabi/8.3.1/../../../../arm-none-eabi/lib/thumb/v7e-m+fp/hard\libc_nano.a(lib_a-lseekr.o)
                0x08004ecc                _lseek_r
 .text.__malloc_lock
                0x08004ef0        0xc c:/program files (x86)/gnu tools arm embedded/8 2019-q3-update/bin/../lib/gcc/arm-none-eabi/8.3.1/../../../../arm-none-eabi/lib/thumb/v7e-m+fp/hard\libc_nano.a(lib_a-mlock.o)
                0x08004ef0                __malloc_lock
 .text.__malloc_unlock
                0x08004efc        0xc c:/program files (x86)/gnu tools arm embedded/8 2019-q3-update/bin/../lib/gcc/arm-none-eabi/8.3.1/../../../../arm-none-eabi/lib/thumb/v7e-m+fp/hard\libc_nano.a(lib_a-mlock.o)
                0x08004efc                __malloc_unlock
 .text._read_r  0x08004f08       0x24 c:/program files (x86)/gnu tools arm embedded/8 2019-q3-update/bin/../lib/gcc/arm-none-eabi/8.3.1/../../../../arm-none-eabi/lib/thumb/v7e-m+fp/hard\libc_nano.a(lib_a-readr.o)
                0x08004f08                _read_r
 .text._close   0x08004f2c       0x10 c:/program files (x86)/gnu tools arm embedded/8 2019-q3-update/bin/../lib/gcc/arm-none-eabi/8.3.1/../../../../arm-none-eabi/lib/thumb/v7e-m+fp/hard\libnosys.a(close.o)
                0x08004f2c                _close
 .text._fstat   0x08004f3c       0x10 c:/program files (x86)/gnu tools arm embedded/8 2019-q3-update/bin/../lib/gcc/arm-none-eabi/8.3.1/../../../../arm-none-eabi/lib/thumb/v7e-m+fp/hard\libnosys.a(fstat.o)
                0x08004f3c                _fstat
 .text._isatty  0x08004f4c       0x10 c:/program files (x86)/gnu tools arm embedded/8 2019-q3-update/bin/../lib/gcc/arm-none-eabi/8.3.1/../../../../arm-none-eabi/lib/thumb/v7e-m+fp/hard\libnosys.a(isatty.o)
                0x08004f4c                _isatty
 .text._lseek   0x08004f5c       0x10 c:/program files (x86)/gnu tools arm embedded/8 2019-q3-update/bin/../lib/gcc/arm-none-eabi/8.3.1/../../../../arm-none-eabi/lib/thumb/v7e-m+fp/hard\libnosys.a(lseek.o)
                0x08004f5c                _lseek
 .text._read    0x08004f6c       0x10 c:/program files (x86)/gnu tools arm embedded/8 2019-q3-update/bin/../lib/gcc/arm-none-eabi/8.3.1/../../../../arm-none-eabi/lib/thumb/v7e-m+fp/hard\libnosys.a(read.o)
                0x08004f6c                _read
 .text._sbrk    0x08004f7c       0x1c c:/program files (x86)/gnu tools arm embedded/8 2019-q3-update/bin/../lib/gcc/arm-none-eabi/8.3.1/../../../../arm-none-eabi/lib/thumb/v7e-m+fp/hard\libnosys.a(sbrk.o)
                0x08004f7c                _sbrk
 *(.glue_7)
 .glue_7        0x08004f98        0x0 linker stubs
 *(.glue_7t)
 .glue_7t       0x08004f98        0x0 linker stubs
 *(.eh_frame)
 .eh_frame      0x08004f98        0x0 c:/program files (x86)/gnu tools arm embedded/8 2019-q3-update/bin/../lib/gcc/arm-none-eabi/8.3.1/thumb/v7e-m+fp/hard/crtbegin.o
 *(.init)
 .init          0x08004f98        0x4 c:/program files (x86)/gnu tools arm embedded/8 2019-q3-update/bin/../lib/gcc/arm-none-eabi/8.3.1/thumb/v7e-m+fp/hard/crti.o
                0x08004f98                _init
 .init          0x08004f9c        0x8 c:/program files (x86)/gnu tools arm embedded/8 2019-q3-update/bin/../lib/gcc/arm-none-eabi/8.3.1/thumb/v7e-m+fp/hard/crtn.o
 *(.fini)
 .fini          0x08004fa4        0x4 c:/program files (x86)/gnu tools arm embedded/8 2019-q3-update/bin/../lib/gcc/arm-none-eabi/8.3.1/thumb/v7e-m+fp/hard/crti.o
                0x08004fa4                _fini
 .fini          0x08004fa8        0x8 c:/program files (x86)/gnu tools arm embedded/8 2019-q3-update/bin/../lib/gcc/arm-none-eabi/8.3.1/thumb/v7e-m+fp/hard/crtn.o
                0x08004fb0                . = ALIGN (0x8)
                0x08004fb0                _etext = .

.vfp11_veneer   0x08004fb0        0x0
 .vfp11_veneer  0x08004fb0        0x0 linker stubs

.v4_bx          0x08004fb0        0x0
 .v4_bx         0x08004fb0        0x0 linker stubs

.iplt           0x08004fb0        0x0
 .iplt          0x08004fb0        0x0 c:/program files (x86)/gnu tools arm embedded/8 2019-q3-update/bin/../lib/gcc/arm-none-eabi/8.3.1/thumb/v7e-m+fp/hard/crtbegin.o

.rodata         0x08004fb0      0x1b8
                0x08004fb0                . = ALIGN (0x8)
 *(.rodata)
 *(.rodata*)
 .rodata.printWelcome.str1.4
                0x08004fb0       0x42 ../../applications/SPG30-sensor-example/build/SPG30-sensor-example.o
                                 0x46 (size before relaxing)
 *fill*         0x08004ff2        0x2 
 .rodata.SPG30_Initialize.str1.4
                0x08004ff4       0x80 ../../applications/SPG30-sensor-example/build/SPG30.o
 .rodata.platform_getHeader.str1.4
                0x08005074       0x14 ../../applications/SPG30-sensor-example/build/octa.o
                                 0x13 (size before relaxing)
 .rodata.AHBPrescTable
                0x08005088       0x10 ../../applications/SPG30-sensor-example/build/system_stm32l4xx.o
                0x08005088                AHBPrescTable
 .rodata.APBPrescTable
                0x08005098        0x8 ../../applications/SPG30-sensor-example/build/system_stm32l4xx.o
                0x08005098                APBPrescTable
 .rodata.MSIRangeTable
                0x080050a0       0x30 ../../applications/SPG30-sensor-example/build/system_stm32l4xx.o
                0x080050a0                MSIRangeTable
 .rodata._global_impure_ptr
                0x080050d0        0x4 c:/program files (x86)/gnu tools arm embedded/8 2019-q3-update/bin/../lib/gcc/arm-none-eabi/8.3.1/../../../../arm-none-eabi/lib/thumb/v7e-m+fp/hard\libc_nano.a(lib_a-impure.o)
                0x080050d0                _global_impure_ptr
 .rodata.__sf_fake_stderr
                0x080050d4       0x20 c:/program files (x86)/gnu tools arm embedded/8 2019-q3-update/bin/../lib/gcc/arm-none-eabi/8.3.1/../../../../arm-none-eabi/lib/thumb/v7e-m+fp/hard\libc_nano.a(lib_a-findfp.o)
                0x080050d4                __sf_fake_stderr
 .rodata.__sf_fake_stdin
                0x080050f4       0x20 c:/program files (x86)/gnu tools arm embedded/8 2019-q3-update/bin/../lib/gcc/arm-none-eabi/8.3.1/../../../../arm-none-eabi/lib/thumb/v7e-m+fp/hard\libc_nano.a(lib_a-findfp.o)
                0x080050f4                __sf_fake_stdin
 .rodata.__sf_fake_stdout
                0x08005114       0x20 c:/program files (x86)/gnu tools arm embedded/8 2019-q3-update/bin/../lib/gcc/arm-none-eabi/8.3.1/../../../../arm-none-eabi/lib/thumb/v7e-m+fp/hard\libc_nano.a(lib_a-findfp.o)
                0x08005114                __sf_fake_stdout
 .rodata._vfprintf_r.str1.1
                0x08005134       0x11 c:/program files (x86)/gnu tools arm embedded/8 2019-q3-update/bin/../lib/gcc/arm-none-eabi/8.3.1/../../../../arm-none-eabi/lib/thumb/v7e-m+fp/hard\libc_nano.a(lib_a-nano-vfprintf.o)
 .rodata._printf_i.str1.1
                0x08005145       0x22 c:/program files (x86)/gnu tools arm embedded/8 2019-q3-update/bin/../lib/gcc/arm-none-eabi/8.3.1/../../../../arm-none-eabi/lib/thumb/v7e-m+fp/hard\libc_nano.a(lib_a-nano-vfprintf_i.o)
                0x08005168                . = ALIGN (0x8)
 *fill*         0x08005167        0x1 

.ARM.extab      0x08005168        0x0
                0x08005168                . = ALIGN (0x8)
 *(.ARM.extab* .gnu.linkonce.armextab.*)
                0x08005168                . = ALIGN (0x8)

.ARM            0x08005168        0x8
                0x08005168                . = ALIGN (0x8)
                0x08005168                __exidx_start = .
 *(.ARM.exidx*)
 .ARM.exidx     0x08005168        0x8 c:/program files (x86)/gnu tools arm embedded/8 2019-q3-update/bin/../lib/gcc/arm-none-eabi/8.3.1/thumb/v7e-m+fp/hard\libgcc.a(_udivmoddi4.o)
                0x08005170                __exidx_end = .
                0x08005170                . = ALIGN (0x8)

.rel.dyn        0x08005170        0x0
 .rel.iplt      0x08005170        0x0 c:/program files (x86)/gnu tools arm embedded/8 2019-q3-update/bin/../lib/gcc/arm-none-eabi/8.3.1/thumb/v7e-m+fp/hard/crtbegin.o

.preinit_array  0x08005170        0x0
                0x08005170                . = ALIGN (0x8)
                0x08005170                PROVIDE (__preinit_array_start = .)
 *(.preinit_array*)
                0x08005170                PROVIDE (__preinit_array_end = .)
                0x08005170                . = ALIGN (0x8)

.init_array     0x08005170        0x8
                0x08005170                . = ALIGN (0x8)
                0x08005170                PROVIDE (__init_array_start = .)
 *(SORT_BY_NAME(.init_array.*))
 *(.init_array*)
 .init_array    0x08005170        0x4 c:/program files (x86)/gnu tools arm embedded/8 2019-q3-update/bin/../lib/gcc/arm-none-eabi/8.3.1/thumb/v7e-m+fp/hard/crtbegin.o
                0x08005174                PROVIDE (__init_array_end = .)
                0x08005178                . = ALIGN (0x8)
 *fill*         0x08005174        0x4 

.fini_array     0x08005178        0x8
                0x08005178                . = ALIGN (0x8)
                [!provide]                PROVIDE (__fini_array_start = .)
 *(SORT_BY_NAME(.fini_array.*))
 *(.fini_array*)
 .fini_array    0x08005178        0x4 c:/program files (x86)/gnu tools arm embedded/8 2019-q3-update/bin/../lib/gcc/arm-none-eabi/8.3.1/thumb/v7e-m+fp/hard/crtbegin.o
                [!provide]                PROVIDE (__fini_array_end = .)
                0x08005180                . = ALIGN (0x8)
 *fill*         0x0800517c        0x4 
                0x08005180                _sidata = LOADADDR (.data)

.data           0x20000000       0x68 load address 0x08005180
                0x20000000                . = ALIGN (0x8)
                0x20000000                _sdata = .
 *(.data)
 *(.data*)
 .data.SystemCoreClock
                0x20000000        0x4 ../../applications/SPG30-sensor-example/build/system_stm32l4xx.o
                0x20000000                SystemCoreClock
 .data._impure_ptr
                0x20000004        0x4 c:/program files (x86)/gnu tools arm embedded/8 2019-q3-update/bin/../lib/gcc/arm-none-eabi/8.3.1/../../../../arm-none-eabi/lib/thumb/v7e-m+fp/hard\libc_nano.a(lib_a-impure.o)
                0x20000004                _impure_ptr
 .data.impure_data
                0x20000008       0x60 c:/program files (x86)/gnu tools arm embedded/8 2019-q3-update/bin/../lib/gcc/arm-none-eabi/8.3.1/../../../../arm-none-eabi/lib/thumb/v7e-m+fp/hard\libc_nano.a(lib_a-impure.o)
                0x20000068                . = ALIGN (0x8)
                0x20000068                _edata = .

.igot.plt       0x20000068        0x0 load address 0x080051e8
 .igot.plt      0x20000068        0x0 c:/program files (x86)/gnu tools arm embedded/8 2019-q3-update/bin/../lib/gcc/arm-none-eabi/8.3.1/thumb/v7e-m+fp/hard/crtbegin.o
                0x20000068                . = ALIGN (0x4)

.bss            0x20000068      0x79c load address 0x080051e8
                0x20000068                _sbss = .
                0x20000068                __bss_start__ = _sbss
 *(.bss)
 .bss           0x20000068       0x1c c:/program files (x86)/gnu tools arm embedded/8 2019-q3-update/bin/../lib/gcc/arm-none-eabi/8.3.1/thumb/v7e-m+fp/hard/crtbegin.o
 *(.bss*)
 .bss.pxCurrentTCB
                0x20000084        0x4 ../../applications/SPG30-sensor-example/build/tasks.o
                0x20000084                pxCurrentTCB
 .bss.pxDelayedTaskList
                0x20000088        0x4 ../../applications/SPG30-sensor-example/build/tasks.o
 .bss.pxOverflowDelayedTaskList
                0x2000008c        0x4 ../../applications/SPG30-sensor-example/build/tasks.o
 .bss.pxReadyTasksLists
                0x20000090       0x8c ../../applications/SPG30-sensor-example/build/tasks.o
 .bss.uxPendedTicks
                0x2000011c        0x4 ../../applications/SPG30-sensor-example/build/tasks.o
 .bss.uxSchedulerSuspended
                0x20000120        0x4 ../../applications/SPG30-sensor-example/build/tasks.o
 .bss.uxTopReadyPriority
                0x20000124        0x4 ../../applications/SPG30-sensor-example/build/tasks.o
 .bss.xNextTaskUnblockTime
                0x20000128        0x4 ../../applications/SPG30-sensor-example/build/tasks.o
 .bss.xNumOfOverflows
                0x2000012c        0x4 ../../applications/SPG30-sensor-example/build/tasks.o
 .bss.xTickCount
                0x20000130        0x4 ../../applications/SPG30-sensor-example/build/tasks.o
 .bss.xYieldPending
                0x20000134        0x4 ../../applications/SPG30-sensor-example/build/tasks.o
 .bss.__malloc_free_list
                0x20000138        0x4 c:/program files (x86)/gnu tools arm embedded/8 2019-q3-update/bin/../lib/gcc/arm-none-eabi/8.3.1/../../../../arm-none-eabi/lib/thumb/v7e-m+fp/hard\libc_nano.a(lib_a-nano-mallocr.o)
                0x20000138                __malloc_free_list
 .bss.__malloc_sbrk_start
                0x2000013c        0x4 c:/program files (x86)/gnu tools arm embedded/8 2019-q3-update/bin/../lib/gcc/arm-none-eabi/8.3.1/../../../../arm-none-eabi/lib/thumb/v7e-m+fp/hard\libc_nano.a(lib_a-nano-mallocr.o)
                0x2000013c                __malloc_sbrk_start
 .bss.heap_end.5501
                0x20000140        0x4 c:/program files (x86)/gnu tools arm embedded/8 2019-q3-update/bin/../lib/gcc/arm-none-eabi/8.3.1/../../../../arm-none-eabi/lib/thumb/v7e-m+fp/hard\libnosys.a(sbrk.o)
 *(COMMON)
 COMMON         0x20000144      0x63c ../../applications/SPG30-sensor-example/build/SPG30-sensor-example.o
                0x20000144                P3_DIO6
                0x2000014c                P2_DIO4
                0x20000154                P3_I2C
                0x200001a0                P2_UART
                0x20000218                P2_DIO5
                0x20000220                FLASH_SPI
                0x20000284                P2_DIO1
                0x2000028c                P3_UART
                0x20000304                P3_DIO1
                0x2000030c                P1_UART
                0x20000384                P1_DIO4
                0x2000038c                hiwdg
                0x2000039c                P3_DIO2
                0x200003a4                P1_I2C
                0x200003f0                P3_SPI
                0x20000454                P1_SPI
                0x200004b8                USB_UART
                0x20000530                common_I2C
                0x2000057c                P2_DIO6
                0x20000584                P3_DIO3
                0x2000058c                BLE_UART
                0x20000604                P1_DIO6
                0x2000060c                P2_DIO3
                0x20000614                P1_DIO3
                0x2000061c                P2_header
                0x20000648                P3_header
                0x20000674                P1_header
                0x200006a0                P2_DIO2
                0x200006a8                P3_DIO5
                0x200006b0                P1_DIO1
                0x200006b8                P1_DIO5
                0x200006c0                P2_SPI
                0x20000724                P2_I2C
                0x20000770                P1_DIO2
                0x20000778                P3_DIO4
 COMMON         0x20000780       0x30 ../../applications/SPG30-sensor-example/build/SPG30.o
                0x20000780                SPG30_Header
                0x200007ac                hi2cLib
 COMMON         0x200007b0        0x4 ../../applications/SPG30-sensor-example/build/stm32l4xx_hal.o
                0x200007b0                uwTick
 COMMON         0x200007b4       0x40 ../../applications/SPG30-sensor-example/build/stm32l4xx_hal_timebase_tim.o
                0x200007b4                htim1
 COMMON         0x200007f4        0x9 c:/program files (x86)/gnu tools arm embedded/8 2019-q3-update/bin/../lib/gcc/arm-none-eabi/8.3.1/../../../../arm-none-eabi/lib/thumb/v7e-m+fp/hard\libc_nano.a(lib_a-lock.o)
                0x200007f4                __lock___atexit_recursive_mutex
                0x200007f5                __lock___arc4random_mutex
                0x200007f6                __lock___env_recursive_mutex
                0x200007f7                __lock___sinit_recursive_mutex
                0x200007f8                __lock___malloc_recursive_mutex
                0x200007f9                __lock___at_quick_exit_mutex
                0x200007fa                __lock___dd_hash_mutex
                0x200007fb                __lock___tz_mutex
                0x200007fc                __lock___sfp_recursive_mutex
 *fill*         0x200007fd        0x3 
 COMMON         0x20000800        0x4 c:/program files (x86)/gnu tools arm embedded/8 2019-q3-update/bin/../lib/gcc/arm-none-eabi/8.3.1/../../../../arm-none-eabi/lib/thumb/v7e-m+fp/hard\libc_nano.a(lib_a-reent.o)
                0x20000800                errno
                0x20000804                . = ALIGN (0x4)
                0x20000804                _ebss = .
                0x20000804                __bss_end__ = _ebss

._user_heap_stack
                0x20000804      0x604 load address 0x080051e8
                0x20000808                . = ALIGN (0x8)
 *fill*         0x20000804        0x4 
                0x20000808                PROVIDE (end = .)
                [!provide]                PROVIDE (_end = .)
                0x20000a08                . = (. + _Min_Heap_Size)
 *fill*         0x20000808      0x200 
                0x20000e08                . = (. + _Min_Stack_Size)
 *fill*         0x20000a08      0x400 
                0x20000e08                . = ALIGN (0x8)

/DISCARD/
 libc.a(*)
 libm.a(*)
 libgcc.a(*)

.ARM.attributes
                0x00000000       0x30
 *(.ARM.attributes)
 .ARM.attributes
                0x00000000       0x1e c:/program files (x86)/gnu tools arm embedded/8 2019-q3-update/bin/../lib/gcc/arm-none-eabi/8.3.1/thumb/v7e-m+fp/hard/crti.o
 .ARM.attributes
                0x0000001e       0x34 c:/program files (x86)/gnu tools arm embedded/8 2019-q3-update/bin/../lib/gcc/arm-none-eabi/8.3.1/thumb/v7e-m+fp/hard/crtbegin.o
 .ARM.attributes
                0x00000052       0x34 ../../applications/SPG30-sensor-example/build/SPG30-sensor-example.o
 .ARM.attributes
                0x00000086       0x34 ../../applications/SPG30-sensor-example/build/SPG30.o
 .ARM.attributes
                0x000000ba       0x34 ../../applications/SPG30-sensor-example/build/platform.o
 .ARM.attributes
                0x000000ee       0x34 ../../applications/SPG30-sensor-example/build/stm32l4xx_hal_i2c.o
 .ARM.attributes
                0x00000122       0x34 ../../applications/SPG30-sensor-example/build/stm32l4xx_hal_i2c_ex.o
 .ARM.attributes
                0x00000156       0x34 ../../applications/SPG30-sensor-example/build/stm32l4xx_hal_spi.o
 .ARM.attributes
                0x0000018a       0x34 ../../applications/SPG30-sensor-example/build/stm32l4xx_hal_iwdg.o
 .ARM.attributes
                0x000001be       0x34 ../../applications/SPG30-sensor-example/build/stm32l4xx_hal_uart.o
 .ARM.attributes
                0x000001f2       0x34 ../../applications/SPG30-sensor-example/build/stm32l4xx_hal_uart_ex.o
 .ARM.attributes
                0x00000226       0x34 ../../applications/SPG30-sensor-example/build/stm32l4xx_hal_tim.o
 .ARM.attributes
                0x0000025a       0x34 ../../applications/SPG30-sensor-example/build/stm32l4xx_hal_tim_ex.o
 .ARM.attributes
                0x0000028e       0x34 ../../applications/SPG30-sensor-example/build/stm32l4xx_hal.o
 .ARM.attributes
                0x000002c2       0x34 ../../applications/SPG30-sensor-example/build/stm32l4xx_hal_rcc.o
 .ARM.attributes
                0x000002f6       0x34 ../../applications/SPG30-sensor-example/build/stm32l4xx_hal_rcc_ex.o
 .ARM.attributes
                0x0000032a       0x34 ../../applications/SPG30-sensor-example/build/stm32l4xx_hal_gpio.o
 .ARM.attributes
                0x0000035e       0x34 ../../applications/SPG30-sensor-example/build/stm32l4xx_hal_dma.o
 .ARM.attributes
                0x00000392       0x34 ../../applications/SPG30-sensor-example/build/stm32l4xx_hal_pwr_ex.o
 .ARM.attributes
                0x000003c6       0x34 ../../applications/SPG30-sensor-example/build/stm32l4xx_hal_cortex.o
 .ARM.attributes
                0x000003fa       0x34 ../../applications/SPG30-sensor-example/build/list.o
 .ARM.attributes
                0x0000042e       0x34 ../../applications/SPG30-sensor-example/build/tasks.o
 .ARM.attributes
                0x00000462       0x34 ../../applications/SPG30-sensor-example/build/port.o
 .ARM.attributes
                0x00000496       0x34 ../../applications/SPG30-sensor-example/build/gpio.o
 .ARM.attributes
                0x000004ca       0x34 ../../applications/SPG30-sensor-example/build/i2c.o
 .ARM.attributes
                0x000004fe       0x34 ../../applications/SPG30-sensor-example/build/iwdg.o
 .ARM.attributes
                0x00000532       0x34 ../../applications/SPG30-sensor-example/build/octa.o
 .ARM.attributes
                0x00000566       0x34 ../../applications/SPG30-sensor-example/build/spi.o
 .ARM.attributes
                0x0000059a       0x34 ../../applications/SPG30-sensor-example/build/stm32l4xx_hal_msp.o
 .ARM.attributes
                0x000005ce       0x34 ../../applications/SPG30-sensor-example/build/stm32l4xx_hal_timebase_tim.o
 .ARM.attributes
                0x00000602       0x34 ../../applications/SPG30-sensor-example/build/stm32l4xx_it.o
 .ARM.attributes
                0x00000636       0x34 ../../applications/SPG30-sensor-example/build/sysclock.o
 .ARM.attributes
                0x0000066a       0x34 ../../applications/SPG30-sensor-example/build/system_stm32l4xx.o
 .ARM.attributes
                0x0000069e       0x34 ../../applications/SPG30-sensor-example/build/uart.o
 .ARM.attributes
                0x000006d2       0x21 ../../applications/SPG30-sensor-example/build/startup_stm32l496xx.o
 .ARM.attributes
                0x000006f3       0x32 c:/program files (x86)/gnu tools arm embedded/8 2019-q3-update/bin/../lib/gcc/arm-none-eabi/8.3.1/../../../../arm-none-eabi/lib/thumb/v7e-m+fp/hard\libc_nano.a(lib_a-impure.o)
 .ARM.attributes
                0x00000725       0x34 c:/program files (x86)/gnu tools arm embedded/8 2019-q3-update/bin/../lib/gcc/arm-none-eabi/8.3.1/../../../../arm-none-eabi/lib/thumb/v7e-m+fp/hard\libc_nano.a(lib_a-init.o)
 .ARM.attributes
                0x00000759       0x34 c:/program files (x86)/gnu tools arm embedded/8 2019-q3-update/bin/../lib/gcc/arm-none-eabi/8.3.1/../../../../arm-none-eabi/lib/thumb/v7e-m+fp/hard\libc_nano.a(lib_a-memset.o)
 .ARM.attributes
                0x0000078d       0x34 c:/program files (x86)/gnu tools arm embedded/8 2019-q3-update/bin/../lib/gcc/arm-none-eabi/8.3.1/../../../../arm-none-eabi/lib/thumb/v7e-m+fp/hard\libc_nano.a(lib_a-printf.o)
 .ARM.attributes
                0x000007c1       0x34 c:/program files (x86)/gnu tools arm embedded/8 2019-q3-update/bin/../lib/gcc/arm-none-eabi/8.3.1/../../../../arm-none-eabi/lib/thumb/v7e-m+fp/hard\libc_nano.a(lib_a-puts.o)
 .ARM.attributes
                0x000007f5       0x34 c:/program files (x86)/gnu tools arm embedded/8 2019-q3-update/bin/../lib/gcc/arm-none-eabi/8.3.1/../../../../arm-none-eabi/lib/thumb/v7e-m+fp/hard\libc_nano.a(lib_a-wbuf.o)
 .ARM.attributes
                0x00000829       0x34 c:/program files (x86)/gnu tools arm embedded/8 2019-q3-update/bin/../lib/gcc/arm-none-eabi/8.3.1/../../../../arm-none-eabi/lib/thumb/v7e-m+fp/hard\libc_nano.a(lib_a-wsetup.o)
 .ARM.attributes
                0x0000085d       0x34 c:/program files (x86)/gnu tools arm embedded/8 2019-q3-update/bin/../lib/gcc/arm-none-eabi/8.3.1/../../../../arm-none-eabi/lib/thumb/v7e-m+fp/hard\libc_nano.a(lib_a-fflush.o)
 .ARM.attributes
                0x00000891       0x34 c:/program files (x86)/gnu tools arm embedded/8 2019-q3-update/bin/../lib/gcc/arm-none-eabi/8.3.1/../../../../arm-none-eabi/lib/thumb/v7e-m+fp/hard\libc_nano.a(lib_a-findfp.o)
 .ARM.attributes
                0x000008c5       0x34 c:/program files (x86)/gnu tools arm embedded/8 2019-q3-update/bin/../lib/gcc/arm-none-eabi/8.3.1/../../../../arm-none-eabi/lib/thumb/v7e-m+fp/hard\libc_nano.a(lib_a-fwalk.o)
 .ARM.attributes
                0x000008f9       0x34 c:/program files (x86)/gnu tools arm embedded/8 2019-q3-update/bin/../lib/gcc/arm-none-eabi/8.3.1/../../../../arm-none-eabi/lib/thumb/v7e-m+fp/hard\libc_nano.a(lib_a-lock.o)
 .ARM.attributes
                0x0000092d       0x34 c:/program files (x86)/gnu tools arm embedded/8 2019-q3-update/bin/../lib/gcc/arm-none-eabi/8.3.1/../../../../arm-none-eabi/lib/thumb/v7e-m+fp/hard\libc_nano.a(lib_a-makebuf.o)
 .ARM.attributes
                0x00000961       0x34 c:/program files (x86)/gnu tools arm embedded/8 2019-q3-update/bin/../lib/gcc/arm-none-eabi/8.3.1/../../../../arm-none-eabi/lib/thumb/v7e-m+fp/hard\libc_nano.a(lib_a-nano-freer.o)
 .ARM.attributes
                0x00000995       0x34 c:/program files (x86)/gnu tools arm embedded/8 2019-q3-update/bin/../lib/gcc/arm-none-eabi/8.3.1/../../../../arm-none-eabi/lib/thumb/v7e-m+fp/hard\libc_nano.a(lib_a-nano-mallocr.o)
 .ARM.attributes
                0x000009c9       0x34 c:/program files (x86)/gnu tools arm embedded/8 2019-q3-update/bin/../lib/gcc/arm-none-eabi/8.3.1/../../../../arm-none-eabi/lib/thumb/v7e-m+fp/hard\libc_nano.a(lib_a-nano-vfprintf.o)
 .ARM.attributes
                0x000009fd       0x34 c:/program files (x86)/gnu tools arm embedded/8 2019-q3-update/bin/../lib/gcc/arm-none-eabi/8.3.1/../../../../arm-none-eabi/lib/thumb/v7e-m+fp/hard\libc_nano.a(lib_a-nano-vfprintf_i.o)
 .ARM.attributes
                0x00000a31       0x34 c:/program files (x86)/gnu tools arm embedded/8 2019-q3-update/bin/../lib/gcc/arm-none-eabi/8.3.1/../../../../arm-none-eabi/lib/thumb/v7e-m+fp/hard\libc_nano.a(lib_a-sbrkr.o)
 .ARM.attributes
                0x00000a65       0x34 c:/program files (x86)/gnu tools arm embedded/8 2019-q3-update/bin/../lib/gcc/arm-none-eabi/8.3.1/../../../../arm-none-eabi/lib/thumb/v7e-m+fp/hard\libc_nano.a(lib_a-stdio.o)
 .ARM.attributes
                0x00000a99       0x34 c:/program files (x86)/gnu tools arm embedded/8 2019-q3-update/bin/../lib/gcc/arm-none-eabi/8.3.1/../../../../arm-none-eabi/lib/thumb/v7e-m+fp/hard\libc_nano.a(lib_a-writer.o)
 .ARM.attributes
                0x00000acd       0x34 c:/program files (x86)/gnu tools arm embedded/8 2019-q3-update/bin/../lib/gcc/arm-none-eabi/8.3.1/../../../../arm-none-eabi/lib/thumb/v7e-m+fp/hard\libc_nano.a(lib_a-closer.o)
 .ARM.attributes
                0x00000b01       0x34 c:/program files (x86)/gnu tools arm embedded/8 2019-q3-update/bin/../lib/gcc/arm-none-eabi/8.3.1/../../../../arm-none-eabi/lib/thumb/v7e-m+fp/hard\libc_nano.a(lib_a-fstatr.o)
 .ARM.attributes
                0x00000b35       0x34 c:/program files (x86)/gnu tools arm embedded/8 2019-q3-update/bin/../lib/gcc/arm-none-eabi/8.3.1/../../../../arm-none-eabi/lib/thumb/v7e-m+fp/hard\libc_nano.a(lib_a-isattyr.o)
 .ARM.attributes
                0x00000b69       0x34 c:/program files (x86)/gnu tools arm embedded/8 2019-q3-update/bin/../lib/gcc/arm-none-eabi/8.3.1/../../../../arm-none-eabi/lib/thumb/v7e-m+fp/hard\libc_nano.a(lib_a-lseekr.o)
 .ARM.attributes
                0x00000b9d       0x1c c:/program files (x86)/gnu tools arm embedded/8 2019-q3-update/bin/../lib/gcc/arm-none-eabi/8.3.1/../../../../arm-none-eabi/lib/thumb/v7e-m+fp/hard\libc_nano.a(lib_a-memchr.o)
 .ARM.attributes
                0x00000bb9       0x34 c:/program files (x86)/gnu tools arm embedded/8 2019-q3-update/bin/../lib/gcc/arm-none-eabi/8.3.1/../../../../arm-none-eabi/lib/thumb/v7e-m+fp/hard\libc_nano.a(lib_a-mlock.o)
 .ARM.attributes
                0x00000bed       0x34 c:/program files (x86)/gnu tools arm embedded/8 2019-q3-update/bin/../lib/gcc/arm-none-eabi/8.3.1/../../../../arm-none-eabi/lib/thumb/v7e-m+fp/hard\libc_nano.a(lib_a-readr.o)
 .ARM.attributes
                0x00000c21       0x34 c:/program files (x86)/gnu tools arm embedded/8 2019-q3-update/bin/../lib/gcc/arm-none-eabi/8.3.1/../../../../arm-none-eabi/lib/thumb/v7e-m+fp/hard\libc_nano.a(lib_a-reent.o)
 .ARM.attributes
                0x00000c55       0x34 c:/program files (x86)/gnu tools arm embedded/8 2019-q3-update/bin/../lib/gcc/arm-none-eabi/8.3.1/../../../../arm-none-eabi/lib/thumb/v7e-m+fp/hard\libnosys.a(close.o)
 .ARM.attributes
                0x00000c89       0x34 c:/program files (x86)/gnu tools arm embedded/8 2019-q3-update/bin/../lib/gcc/arm-none-eabi/8.3.1/../../../../arm-none-eabi/lib/thumb/v7e-m+fp/hard\libnosys.a(fstat.o)
 .ARM.attributes
                0x00000cbd       0x34 c:/program files (x86)/gnu tools arm embedded/8 2019-q3-update/bin/../lib/gcc/arm-none-eabi/8.3.1/../../../../arm-none-eabi/lib/thumb/v7e-m+fp/hard\libnosys.a(isatty.o)
 .ARM.attributes
                0x00000cf1       0x34 c:/program files (x86)/gnu tools arm embedded/8 2019-q3-update/bin/../lib/gcc/arm-none-eabi/8.3.1/../../../../arm-none-eabi/lib/thumb/v7e-m+fp/hard\libnosys.a(lseek.o)
 .ARM.attributes
                0x00000d25       0x34 c:/program files (x86)/gnu tools arm embedded/8 2019-q3-update/bin/../lib/gcc/arm-none-eabi/8.3.1/../../../../arm-none-eabi/lib/thumb/v7e-m+fp/hard\libnosys.a(read.o)
 .ARM.attributes
                0x00000d59       0x34 c:/program files (x86)/gnu tools arm embedded/8 2019-q3-update/bin/../lib/gcc/arm-none-eabi/8.3.1/../../../../arm-none-eabi/lib/thumb/v7e-m+fp/hard\libnosys.a(sbrk.o)
 .ARM.attributes
                0x00000d8d       0x1e c:/program files (x86)/gnu tools arm embedded/8 2019-q3-update/bin/../lib/gcc/arm-none-eabi/8.3.1/thumb/v7e-m+fp/hard\libgcc.a(_aeabi_uldivmod.o)
 .ARM.attributes
                0x00000dab       0x34 c:/program files (x86)/gnu tools arm embedded/8 2019-q3-update/bin/../lib/gcc/arm-none-eabi/8.3.1/thumb/v7e-m+fp/hard\libgcc.a(_udivmoddi4.o)
 .ARM.attributes
                0x00000ddf       0x1e c:/program files (x86)/gnu tools arm embedded/8 2019-q3-update/bin/../lib/gcc/arm-none-eabi/8.3.1/thumb/v7e-m+fp/hard\libgcc.a(_dvmd_tls.o)
 .ARM.attributes
                0x00000dfd       0x1e c:/program files (x86)/gnu tools arm embedded/8 2019-q3-update/bin/../lib/gcc/arm-none-eabi/8.3.1/thumb/v7e-m+fp/hard/crtn.o
OUTPUT(../../applications/SPG30-sensor-example/build/SPG30-sensor-example.elf elf32-littlearm)

.debug_info     0x00000000    0x276f2
 .debug_info    0x00000000     0x193b ../../applications/SPG30-sensor-example/build/SPG30-sensor-example.o
 .debug_info    0x0000193b     0x1584 ../../applications/SPG30-sensor-example/build/SPG30.o
 .debug_info    0x00002ebf     0x1383 ../../applications/SPG30-sensor-example/build/platform.o
 .debug_info    0x00004242     0x409a ../../applications/SPG30-sensor-example/build/stm32l4xx_hal_i2c.o
 .debug_info    0x000082dc      0xc30 ../../applications/SPG30-sensor-example/build/stm32l4xx_hal_i2c_ex.o
 .debug_info    0x00008f0c     0x229f ../../applications/SPG30-sensor-example/build/stm32l4xx_hal_spi.o
 .debug_info    0x0000b1ab      0x31f ../../applications/SPG30-sensor-example/build/stm32l4xx_hal_iwdg.o
 .debug_info    0x0000b4ca     0x20f8 ../../applications/SPG30-sensor-example/build/stm32l4xx_hal_uart.o
 .debug_info    0x0000d5c2      0xbe6 ../../applications/SPG30-sensor-example/build/stm32l4xx_hal_uart_ex.o
 .debug_info    0x0000e1a8     0x3806 ../../applications/SPG30-sensor-example/build/stm32l4xx_hal_tim.o
 .debug_info    0x000119ae     0x190b ../../applications/SPG30-sensor-example/build/stm32l4xx_hal_tim_ex.o
 .debug_info    0x000132b9      0xd05 ../../applications/SPG30-sensor-example/build/stm32l4xx_hal.o
 .debug_info    0x00013fbe     0x10e1 ../../applications/SPG30-sensor-example/build/stm32l4xx_hal_rcc.o
 .debug_info    0x0001509f     0x17fe ../../applications/SPG30-sensor-example/build/stm32l4xx_hal_rcc_ex.o
 .debug_info    0x0001689d      0x9fd ../../applications/SPG30-sensor-example/build/stm32l4xx_hal_gpio.o
 .debug_info    0x0001729a      0x9be ../../applications/SPG30-sensor-example/build/stm32l4xx_hal_dma.o
 .debug_info    0x00017c58      0xd55 ../../applications/SPG30-sensor-example/build/stm32l4xx_hal_pwr_ex.o
 .debug_info    0x000189ad     0x125e ../../applications/SPG30-sensor-example/build/stm32l4xx_hal_cortex.o
 .debug_info    0x00019c0b      0xc9e ../../applications/SPG30-sensor-example/build/list.o
 .debug_info    0x0001a8a9     0x320e ../../applications/SPG30-sensor-example/build/tasks.o
 .debug_info    0x0001dab7      0x640 ../../applications/SPG30-sensor-example/build/port.o
 .debug_info    0x0001e0f7      0xd58 ../../applications/SPG30-sensor-example/build/gpio.o
 .debug_info    0x0001ee4f      0xb71 ../../applications/SPG30-sensor-example/build/i2c.o
 .debug_info    0x0001f9c0      0x32a ../../applications/SPG30-sensor-example/build/iwdg.o
 .debug_info    0x0001fcea     0x16a9 ../../applications/SPG30-sensor-example/build/octa.o
 .debug_info    0x00021393      0x8d1 ../../applications/SPG30-sensor-example/build/spi.o
 .debug_info    0x00021c64     0x1d3a ../../applications/SPG30-sensor-example/build/stm32l4xx_hal_msp.o
 .debug_info    0x0002399e      0xe62 ../../applications/SPG30-sensor-example/build/stm32l4xx_hal_timebase_tim.o
 .debug_info    0x00024800     0x10e8 ../../applications/SPG30-sensor-example/build/stm32l4xx_it.o
 .debug_info    0x000258e8      0x780 ../../applications/SPG30-sensor-example/build/sysclock.o
 .debug_info    0x00026068      0x6f0 ../../applications/SPG30-sensor-example/build/system_stm32l4xx.o
 .debug_info    0x00026758      0xf78 ../../applications/SPG30-sensor-example/build/uart.o
 .debug_info    0x000276d0       0x22 ../../applications/SPG30-sensor-example/build/startup_stm32l496xx.o

.debug_abbrev   0x00000000     0x4b10
 .debug_abbrev  0x00000000      0x2ca ../../applications/SPG30-sensor-example/build/SPG30-sensor-example.o
 .debug_abbrev  0x000002ca      0x23a ../../applications/SPG30-sensor-example/build/SPG30.o
 .debug_abbrev  0x00000504      0x198 ../../applications/SPG30-sensor-example/build/platform.o
 .debug_abbrev  0x0000069c      0x2e8 ../../applications/SPG30-sensor-example/build/stm32l4xx_hal_i2c.o
 .debug_abbrev  0x00000984      0x214 ../../applications/SPG30-sensor-example/build/stm32l4xx_hal_i2c_ex.o
 .debug_abbrev  0x00000b98      0x2a4 ../../applications/SPG30-sensor-example/build/stm32l4xx_hal_spi.o
 .debug_abbrev  0x00000e3c      0x189 ../../applications/SPG30-sensor-example/build/stm32l4xx_hal_iwdg.o
 .debug_abbrev  0x00000fc5      0x2ac ../../applications/SPG30-sensor-example/build/stm32l4xx_hal_uart.o
 .debug_abbrev  0x00001271      0x26b ../../applications/SPG30-sensor-example/build/stm32l4xx_hal_uart_ex.o
 .debug_abbrev  0x000014dc      0x2a4 ../../applications/SPG30-sensor-example/build/stm32l4xx_hal_tim.o
 .debug_abbrev  0x00001780      0x2bc ../../applications/SPG30-sensor-example/build/stm32l4xx_hal_tim_ex.o
 .debug_abbrev  0x00001a3c      0x238 ../../applications/SPG30-sensor-example/build/stm32l4xx_hal.o
 .debug_abbrev  0x00001c74      0x29b ../../applications/SPG30-sensor-example/build/stm32l4xx_hal_rcc.o
 .debug_abbrev  0x00001f0f      0x2c3 ../../applications/SPG30-sensor-example/build/stm32l4xx_hal_rcc_ex.o
 .debug_abbrev  0x000021d2      0x24f ../../applications/SPG30-sensor-example/build/stm32l4xx_hal_gpio.o
 .debug_abbrev  0x00002421      0x27a ../../applications/SPG30-sensor-example/build/stm32l4xx_hal_dma.o
 .debug_abbrev  0x0000269b      0x257 ../../applications/SPG30-sensor-example/build/stm32l4xx_hal_pwr_ex.o
 .debug_abbrev  0x000028f2      0x381 ../../applications/SPG30-sensor-example/build/stm32l4xx_hal_cortex.o
 .debug_abbrev  0x00002c73      0x245 ../../applications/SPG30-sensor-example/build/list.o
 .debug_abbrev  0x00002eb8      0x442 ../../applications/SPG30-sensor-example/build/tasks.o
 .debug_abbrev  0x000032fa      0x293 ../../applications/SPG30-sensor-example/build/port.o
 .debug_abbrev  0x0000358d      0x1bf ../../applications/SPG30-sensor-example/build/gpio.o
 .debug_abbrev  0x0000374c      0x1e4 ../../applications/SPG30-sensor-example/build/i2c.o
 .debug_abbrev  0x00003930      0x1c2 ../../applications/SPG30-sensor-example/build/iwdg.o
 .debug_abbrev  0x00003af2      0x279 ../../applications/SPG30-sensor-example/build/octa.o
 .debug_abbrev  0x00003d6b      0x1dd ../../applications/SPG30-sensor-example/build/spi.o
 .debug_abbrev  0x00003f48      0x223 ../../applications/SPG30-sensor-example/build/stm32l4xx_hal_msp.o
 .debug_abbrev  0x0000416b      0x22d ../../applications/SPG30-sensor-example/build/stm32l4xx_hal_timebase_tim.o
 .debug_abbrev  0x00004398      0x1fe ../../applications/SPG30-sensor-example/build/stm32l4xx_it.o
 .debug_abbrev  0x00004596      0x1a9 ../../applications/SPG30-sensor-example/build/sysclock.o
 .debug_abbrev  0x0000473f      0x153 ../../applications/SPG30-sensor-example/build/system_stm32l4xx.o
 .debug_abbrev  0x00004892      0x26c ../../applications/SPG30-sensor-example/build/uart.o
 .debug_abbrev  0x00004afe       0x12 ../../applications/SPG30-sensor-example/build/startup_stm32l496xx.o

.debug_loc      0x00000000    0x19a8e
 .debug_loc     0x00000000       0xae ../../applications/SPG30-sensor-example/build/SPG30-sensor-example.o
 .debug_loc     0x000000ae      0x1b4 ../../applications/SPG30-sensor-example/build/SPG30.o
 .debug_loc     0x00000262       0x20 ../../applications/SPG30-sensor-example/build/platform.o
 .debug_loc     0x00000282     0x5989 ../../applications/SPG30-sensor-example/build/stm32l4xx_hal_i2c.o
 .debug_loc     0x00005c0b      0x28b ../../applications/SPG30-sensor-example/build/stm32l4xx_hal_i2c_ex.o
 .debug_loc     0x00005e96     0x2670 ../../applications/SPG30-sensor-example/build/stm32l4xx_hal_spi.o
 .debug_loc     0x00008506       0xb2 ../../applications/SPG30-sensor-example/build/stm32l4xx_hal_iwdg.o
 .debug_loc     0x000085b8     0x211b ../../applications/SPG30-sensor-example/build/stm32l4xx_hal_uart.o
 .debug_loc     0x0000a6d3      0x48c ../../applications/SPG30-sensor-example/build/stm32l4xx_hal_uart_ex.o
 .debug_loc     0x0000ab5f     0x4c3f ../../applications/SPG30-sensor-example/build/stm32l4xx_hal_tim.o
 .debug_loc     0x0000f79e     0x1e7a ../../applications/SPG30-sensor-example/build/stm32l4xx_hal_tim_ex.o
 .debug_loc     0x00011618      0x21e ../../applications/SPG30-sensor-example/build/stm32l4xx_hal.o
 .debug_loc     0x00011836      0x9b7 ../../applications/SPG30-sensor-example/build/stm32l4xx_hal_rcc.o
 .debug_loc     0x000121ed     0x2412 ../../applications/SPG30-sensor-example/build/stm32l4xx_hal_rcc_ex.o
 .debug_loc     0x000145ff      0x47d ../../applications/SPG30-sensor-example/build/stm32l4xx_hal_gpio.o
 .debug_loc     0x00014a7c      0x9d2 ../../applications/SPG30-sensor-example/build/stm32l4xx_hal_dma.o
 .debug_loc     0x0001544e      0xbf1 ../../applications/SPG30-sensor-example/build/stm32l4xx_hal_pwr_ex.o
 .debug_loc     0x0001603f      0x790 ../../applications/SPG30-sensor-example/build/stm32l4xx_hal_cortex.o
 .debug_loc     0x000167cf       0xbf ../../applications/SPG30-sensor-example/build/list.o
 .debug_loc     0x0001688e     0x213e ../../applications/SPG30-sensor-example/build/tasks.o
 .debug_loc     0x000189cc      0x1c0 ../../applications/SPG30-sensor-example/build/port.o
 .debug_loc     0x00018b8c       0x39 ../../applications/SPG30-sensor-example/build/gpio.o
 .debug_loc     0x00018bc5       0x80 ../../applications/SPG30-sensor-example/build/i2c.o
 .debug_loc     0x00018c45       0x20 ../../applications/SPG30-sensor-example/build/iwdg.o
 .debug_loc     0x00018c65      0x21e ../../applications/SPG30-sensor-example/build/octa.o
 .debug_loc     0x00018e83       0x80 ../../applications/SPG30-sensor-example/build/spi.o
 .debug_loc     0x00018f03      0x466 ../../applications/SPG30-sensor-example/build/stm32l4xx_hal_msp.o
 .debug_loc     0x00019369       0xcd ../../applications/SPG30-sensor-example/build/stm32l4xx_hal_timebase_tim.o
 .debug_loc     0x00019436      0x100 ../../applications/SPG30-sensor-example/build/stm32l4xx_it.o
 .debug_loc     0x00019536       0x46 ../../applications/SPG30-sensor-example/build/sysclock.o
 .debug_loc     0x0001957c      0x1fc ../../applications/SPG30-sensor-example/build/system_stm32l4xx.o
 .debug_loc     0x00019778      0x316 ../../applications/SPG30-sensor-example/build/uart.o

.debug_aranges  0x00000000     0x1750
 .debug_aranges
                0x00000000       0x40 ../../applications/SPG30-sensor-example/build/SPG30-sensor-example.o
 .debug_aranges
                0x00000040       0x30 ../../applications/SPG30-sensor-example/build/SPG30.o
 .debug_aranges
                0x00000070       0x20 ../../applications/SPG30-sensor-example/build/platform.o
 .debug_aranges
                0x00000090      0x288 ../../applications/SPG30-sensor-example/build/stm32l4xx_hal_i2c.o
 .debug_aranges
                0x00000318       0x48 ../../applications/SPG30-sensor-example/build/stm32l4xx_hal_i2c_ex.o
 .debug_aranges
                0x00000360      0x1d8 ../../applications/SPG30-sensor-example/build/stm32l4xx_hal_spi.o
 .debug_aranges
                0x00000538       0x28 ../../applications/SPG30-sensor-example/build/stm32l4xx_hal_iwdg.o
 .debug_aranges
                0x00000560      0x1f8 ../../applications/SPG30-sensor-example/build/stm32l4xx_hal_uart.o
 .debug_aranges
                0x00000758       0x60 ../../applications/SPG30-sensor-example/build/stm32l4xx_hal_uart_ex.o
 .debug_aranges
                0x000007b8      0x378 ../../applications/SPG30-sensor-example/build/stm32l4xx_hal_tim.o
 .debug_aranges
                0x00000b30      0x158 ../../applications/SPG30-sensor-example/build/stm32l4xx_hal_tim_ex.o
 .debug_aranges
                0x00000c88      0x118 ../../applications/SPG30-sensor-example/build/stm32l4xx_hal.o
 .debug_aranges
                0x00000da0       0x88 ../../applications/SPG30-sensor-example/build/stm32l4xx_hal_rcc.o
 .debug_aranges
                0x00000e28      0x108 ../../applications/SPG30-sensor-example/build/stm32l4xx_hal_rcc_ex.o
 .debug_aranges
                0x00000f30       0x58 ../../applications/SPG30-sensor-example/build/stm32l4xx_hal_gpio.o
 .debug_aranges
                0x00000f88       0x80 ../../applications/SPG30-sensor-example/build/stm32l4xx_hal_dma.o
 .debug_aranges
                0x00001008      0x148 ../../applications/SPG30-sensor-example/build/stm32l4xx_hal_pwr_ex.o
 .debug_aranges
                0x00001150       0xa8 ../../applications/SPG30-sensor-example/build/stm32l4xx_hal_cortex.o
 .debug_aranges
                0x000011f8       0x40 ../../applications/SPG30-sensor-example/build/list.o
 .debug_aranges
                0x00001238      0x1a8 ../../applications/SPG30-sensor-example/build/tasks.o
 .debug_aranges
                0x000013e0       0x80 ../../applications/SPG30-sensor-example/build/port.o
 .debug_aranges
                0x00001460       0x20 ../../applications/SPG30-sensor-example/build/gpio.o
 .debug_aranges
                0x00001480       0x38 ../../applications/SPG30-sensor-example/build/i2c.o
 .debug_aranges
                0x000014b8       0x28 ../../applications/SPG30-sensor-example/build/iwdg.o
 .debug_aranges
                0x000014e0       0x68 ../../applications/SPG30-sensor-example/build/octa.o
 .debug_aranges
                0x00001548       0x38 ../../applications/SPG30-sensor-example/build/spi.o
 .debug_aranges
                0x00001580       0x50 ../../applications/SPG30-sensor-example/build/stm32l4xx_hal_msp.o
 .debug_aranges
                0x000015d0       0x30 ../../applications/SPG30-sensor-example/build/stm32l4xx_hal_timebase_tim.o
 .debug_aranges
                0x00001600       0x88 ../../applications/SPG30-sensor-example/build/stm32l4xx_it.o
 .debug_aranges
                0x00001688       0x20 ../../applications/SPG30-sensor-example/build/sysclock.o
 .debug_aranges
                0x000016a8       0x28 ../../applications/SPG30-sensor-example/build/system_stm32l4xx.o
 .debug_aranges
                0x000016d0       0x58 ../../applications/SPG30-sensor-example/build/uart.o
 .debug_aranges
                0x00001728       0x28 ../../applications/SPG30-sensor-example/build/startup_stm32l496xx.o

.debug_ranges   0x00000000     0x16a0
 .debug_ranges  0x00000000       0x30 ../../applications/SPG30-sensor-example/build/SPG30-sensor-example.o
 .debug_ranges  0x00000030       0x20 ../../applications/SPG30-sensor-example/build/SPG30.o
 .debug_ranges  0x00000050       0x10 ../../applications/SPG30-sensor-example/build/platform.o
 .debug_ranges  0x00000060      0x278 ../../applications/SPG30-sensor-example/build/stm32l4xx_hal_i2c.o
 .debug_ranges  0x000002d8       0x38 ../../applications/SPG30-sensor-example/build/stm32l4xx_hal_i2c_ex.o
 .debug_ranges  0x00000310      0x1c8 ../../applications/SPG30-sensor-example/build/stm32l4xx_hal_spi.o
 .debug_ranges  0x000004d8       0x18 ../../applications/SPG30-sensor-example/build/stm32l4xx_hal_iwdg.o
 .debug_ranges  0x000004f0      0x1e8 ../../applications/SPG30-sensor-example/build/stm32l4xx_hal_uart.o
 .debug_ranges  0x000006d8       0x50 ../../applications/SPG30-sensor-example/build/stm32l4xx_hal_uart_ex.o
 .debug_ranges  0x00000728      0x368 ../../applications/SPG30-sensor-example/build/stm32l4xx_hal_tim.o
 .debug_ranges  0x00000a90      0x148 ../../applications/SPG30-sensor-example/build/stm32l4xx_hal_tim_ex.o
 .debug_ranges  0x00000bd8      0x108 ../../applications/SPG30-sensor-example/build/stm32l4xx_hal.o
 .debug_ranges  0x00000ce0       0x90 ../../applications/SPG30-sensor-example/build/stm32l4xx_hal_rcc.o
 .debug_ranges  0x00000d70      0x118 ../../applications/SPG30-sensor-example/build/stm32l4xx_hal_rcc_ex.o
 .debug_ranges  0x00000e88       0x48 ../../applications/SPG30-sensor-example/build/stm32l4xx_hal_gpio.o
 .debug_ranges  0x00000ed0       0x70 ../../applications/SPG30-sensor-example/build/stm32l4xx_hal_dma.o
 .debug_ranges  0x00000f40      0x138 ../../applications/SPG30-sensor-example/build/stm32l4xx_hal_pwr_ex.o
 .debug_ranges  0x00001078       0xe0 ../../applications/SPG30-sensor-example/build/stm32l4xx_hal_cortex.o
 .debug_ranges  0x00001158       0x30 ../../applications/SPG30-sensor-example/build/list.o
 .debug_ranges  0x00001188      0x240 ../../applications/SPG30-sensor-example/build/tasks.o
 .debug_ranges  0x000013c8       0x88 ../../applications/SPG30-sensor-example/build/port.o
 .debug_ranges  0x00001450       0x10 ../../applications/SPG30-sensor-example/build/gpio.o
 .debug_ranges  0x00001460       0x28 ../../applications/SPG30-sensor-example/build/i2c.o
 .debug_ranges  0x00001488       0x18 ../../applications/SPG30-sensor-example/build/iwdg.o
 .debug_ranges  0x000014a0       0x70 ../../applications/SPG30-sensor-example/build/octa.o
 .debug_ranges  0x00001510       0x28 ../../applications/SPG30-sensor-example/build/spi.o
 .debug_ranges  0x00001538       0x40 ../../applications/SPG30-sensor-example/build/stm32l4xx_hal_msp.o
 .debug_ranges  0x00001578       0x20 ../../applications/SPG30-sensor-example/build/stm32l4xx_hal_timebase_tim.o
 .debug_ranges  0x00001598       0x78 ../../applications/SPG30-sensor-example/build/stm32l4xx_it.o
 .debug_ranges  0x00001610       0x10 ../../applications/SPG30-sensor-example/build/sysclock.o
 .debug_ranges  0x00001620       0x18 ../../applications/SPG30-sensor-example/build/system_stm32l4xx.o
 .debug_ranges  0x00001638       0x48 ../../applications/SPG30-sensor-example/build/uart.o
 .debug_ranges  0x00001680       0x20 ../../applications/SPG30-sensor-example/build/startup_stm32l496xx.o

.debug_line     0x00000000    0x19c2d
 .debug_line    0x00000000      0x3ea ../../applications/SPG30-sensor-example/build/SPG30-sensor-example.o
 .debug_line    0x000003ea      0x357 ../../applications/SPG30-sensor-example/build/SPG30.o
 .debug_line    0x00000741      0x2d5 ../../applications/SPG30-sensor-example/build/platform.o